=== bench_b32_k64_lp8k_m256_distinct started 2026-05-08T12:28:05+08:00 ===
config: K=64, L_p=8192, B=32, max_new=256, distinct=True
methods: paged fasttree mlca adaptive_pool bs_kernel
GPU: NVIDIA H100 80GB HBM3

=== running method: paged ===
/home/u4320956/beam_engine-v3/.venv/lib/python3.11/site-packages/tvm_ffi/_optional_torch_c_dlpack.py:181: UserWarning: Failed to JIT torch c dlpack extension, EnvTensorAllocator will not be enabled.
We recommend installing via `pip install torch-c-dlpack-ext`
  warnings.warn(
grid: 1 (K,L_p,B) cells × 1 methods = 1 runs
methods: ['paged']
max_new: 256
Loading tokenizer + model...
Fetching 7 files:   0%|          | 0/7 [00:00<?, ?it/s]Fetching 7 files: 100%|██████████| 7/7 [00:00<00:00, 74329.44it/s]
Model loaded.

  paged          K=64  L_p=8192   B=32 prefill= 2295.5ms  decode_total=74330.5ms  per_pt_token=  9.11ms  ( 76.9s wall)

wrote 1 rows to benchmarks/bs_kernel/results/bench_b32_k64_lp8k_m256_distinct-20260508-122805/paged.csv
[W508 12:29:31.445764852 AllocatorConfig.cpp:28] Warning: PYTORCH_CUDA_ALLOC_CONF is deprecated, use PYTORCH_ALLOC_CONF instead (function operator())

=== running method: fasttree ===
/home/u4320956/beam_engine-v3/.venv/lib/python3.11/site-packages/tvm_ffi/_optional_torch_c_dlpack.py:181: UserWarning: Failed to JIT torch c dlpack extension, EnvTensorAllocator will not be enabled.
We recommend installing via `pip install torch-c-dlpack-ext`
  warnings.warn(
grid: 1 (K,L_p,B) cells × 1 methods = 1 runs
methods: ['fasttree']
max_new: 256
Loading tokenizer + model...
Fetching 7 files:   0%|          | 0/7 [00:00<?, ?it/s]Fetching 7 files: 100%|██████████| 7/7 [00:00<00:00, 75282.38it/s]
Model loaded.

  fasttree       K=64  L_p=8192   B=32 prefill= 2196.7ms  decode_total=222360.0ms  per_pt_token= 27.25ms  (225.0s wall)

wrote 1 rows to benchmarks/bs_kernel/results/bench_b32_k64_lp8k_m256_distinct-20260508-122805/fasttree.csv
[W508 12:33:26.216877799 AllocatorConfig.cpp:28] Warning: PYTORCH_CUDA_ALLOC_CONF is deprecated, use PYTORCH_ALLOC_CONF instead (function operator())

=== running method: mlca ===
/home/u4320956/beam_engine-v3/.venv/lib/python3.11/site-packages/tvm_ffi/_optional_torch_c_dlpack.py:181: UserWarning: Failed to JIT torch c dlpack extension, EnvTensorAllocator will not be enabled.
We recommend installing via `pip install torch-c-dlpack-ext`
  warnings.warn(
grid: 1 (K,L_p,B) cells × 1 methods = 1 runs
methods: ['mlca']
max_new: 256
Loading tokenizer + model...
Fetching 7 files:   0%|          | 0/7 [00:00<?, ?it/s]Fetching 7 files: 100%|██████████| 7/7 [00:00<00:00, 114241.74it/s]
Model loaded.

  mlca           K=64  L_p=8192   B=32 prefill= 2293.6ms  decode_total=28423.9ms  per_pt_token=  3.48ms  ( 31.0s wall)

wrote 1 rows to benchmarks/bs_kernel/results/bench_b32_k64_lp8k_m256_distinct-20260508-122805/mlca.csv
[W508 12:34:07.051805326 AllocatorConfig.cpp:28] Warning: PYTORCH_CUDA_ALLOC_CONF is deprecated, use PYTORCH_ALLOC_CONF instead (function operator())

=== running method: adaptive_pool ===
/home/u4320956/beam_engine-v3/.venv/lib/python3.11/site-packages/tvm_ffi/_optional_torch_c_dlpack.py:181: UserWarning: Failed to JIT torch c dlpack extension, EnvTensorAllocator will not be enabled.
We recommend installing via `pip install torch-c-dlpack-ext`
  warnings.warn(
grid: 1 (K,L_p,B) cells × 1 methods = 1 runs
methods: ['adaptive_pool']
max_new: 256
Loading tokenizer + model...
Fetching 7 files:   0%|          | 0/7 [00:00<?, ?it/s]Fetching 7 files: 100%|██████████| 7/7 [00:00<00:00, 26402.99it/s]
Model loaded.

  adaptive_pool  K=64  L_p=8192   B=32 prefill= 2288.4ms  decode_total=27045.8ms  per_pt_token=  3.31ms  ( 29.6s wall)

wrote 1 rows to benchmarks/bs_kernel/results/bench_b32_k64_lp8k_m256_distinct-20260508-122805/adaptive_pool.csv
[W508 12:34:46.430549684 AllocatorConfig.cpp:28] Warning: PYTORCH_CUDA_ALLOC_CONF is deprecated, use PYTORCH_ALLOC_CONF instead (function operator())

=== running method: bs_kernel ===
/home/u4320956/beam_engine-v3/.venv/lib/python3.11/site-packages/tvm_ffi/_optional_torch_c_dlpack.py:181: UserWarning: Failed to JIT torch c dlpack extension, EnvTensorAllocator will not be enabled.
We recommend installing via `pip install torch-c-dlpack-ext`
  warnings.warn(
grid: 1 (K,L_p,B) cells × 1 methods = 1 runs
methods: ['bs_kernel']
max_new: 256
Loading tokenizer + model...
Fetching 7 files:   0%|          | 0/7 [00:00<?, ?it/s]Fetching 7 files: 100%|██████████| 7/7 [00:00<00:00, 107941.65it/s]
Model loaded.

  bs_kernel      K=64  L_p=8192   B=32 prefill= 2285.3ms  decode_total=13272.8ms  per_pt_token=  1.63ms  ( 15.9s wall)

wrote 1 rows to benchmarks/bs_kernel/results/bench_b32_k64_lp8k_m256_distinct-20260508-122805/bs_kernel.csv
[W508 12:35:12.162079029 AllocatorConfig.cpp:28] Warning: PYTORCH_CUDA_ALLOC_CONF is deprecated, use PYTORCH_ALLOC_CONF instead (function operator())

=== merging CSVs to benchmarks/bs_kernel/results/bench_b32_k64_lp8k_m256_distinct-20260508-122805/bench.csv ===

=== merged results ===
method,K,L_p,B,max_new,prefill_ms,decode_total_ms,decode_per_token_ms,decode_per_prompt_per_token_ms
paged,64,8192,32,256,2295.4933,74330.4946,291.4921,9.1091
fasttree,64,8192,32,256,2196.7268,222360.0014,872.0000,27.2500
mlca,64,8192,32,256,2293.5528,28423.8648,111.4661,3.4833
adaptive_pool,64,8192,32,256,2288.4134,27045.8068,106.0620,3.3144
bs_kernel,64,8192,32,256,2285.2698,13272.7957,52.0502,1.6266

=== bs_kernel pick histogram (max_new=256, distinct prompts) ===
/home/u4320956/beam_engine-v3/.venv/lib/python3.11/site-packages/tvm_ffi/_optional_torch_c_dlpack.py:181: UserWarning: Failed to JIT torch c dlpack extension, EnvTensorAllocator will not be enabled.
We recommend installing via `pip install torch-c-dlpack-ext`
  warnings.warn(
Loading model...
Fetching 7 files:   0%|          | 0/7 [00:00<?, ?it/s]Fetching 7 files: 100%|██████████| 7/7 [00:00<00:00, 27988.68it/s]
Model loaded.

================================================================================
K=64  L_p=8192  B=32  max_new=256
================================================================================

Strategy histogram across 255 steps:
  shared_3l_1pool        238
  shared_2l_1pool         16
  shared_3l_2pool          1

(t_large, pool_count, depth) histogram for SHARED steps:
  t_large=64   pool=1  depth=3   238
  t_large=64   pool=1  depth=2    16
  t_large=64   pool=2  depth=3     1

Per-level CTA_Q padding (mean across decode steps):
  level            T_used  total_tiles  tiles/wave   padding%
  L0_shared            64         32.0        0.24       0.0%
  L_per_beam           64       2048.0       15.52      98.4%

[W508 12:35:37.039295621 AllocatorConfig.cpp:28] Warning: PYTORCH_CUDA_ALLOC_CONF is deprecated, use PYTORCH_ALLOC_CONF instead (function operator())

Done. Results: benchmarks/bs_kernel/results/bench_b32_k64_lp8k_m256_distinct-20260508-122805
