/home/u4320956/beam_engine-v3/.venv/lib/python3.11/site-packages/tvm_ffi/_optional_torch_c_dlpack.py:181: UserWarning: Failed to JIT torch c dlpack extension, EnvTensorAllocator will not be enabled.
We recommend installing via `pip install torch-c-dlpack-ext`
  warnings.warn(
grid: 2 cells × 16 modes = 32 runs
modes: ['picker', 'SHARED_2L_1POOL', 'SHARED_2L_2POOL', 'SHARED_2L_DEC_TAIL', 'SHARED_3L_1POOL', 'SHARED_3L_2POOL', 'SHARED_3L_DEC_TAIL', 'SHARED_4L_1POOL', 'SHARED_4L_2POOL', 'SHARED_4L_DEC_TAIL', 'SHARED_5L_1POOL', 'SHARED_5L_2POOL', 'SHARED_5L_DEC_TAIL', 'SHARED_6L_1POOL', 'SHARED_6L_2POOL', 'SHARED_6L_DEC_TAIL']
Loading tokenizer + model...
Fetching 7 files:   0%|          | 0/7 [00:00<?, ?it/s]Fetching 7 files: 100%|██████████| 7/7 [00:00<00:00, 25442.05it/s]
Model loaded.

  picker                 K=64  L_p=8192   B=8  prefill= 1143.1ms  decode_total= 10569.9ms  per_pt_token= 20.97ms  picks=[d2_dec_tail=52,d2_p1=11]  ( 11.9s wall)
  SHARED_2L_1POOL        K=64  L_p=8192   B=8  prefill=  347.9ms  decode_total=  1258.2ms  per_pt_token=  2.50ms  picks=[d2_p1=63]  (  1.7s wall)
  SHARED_2L_2POOL        K=64  L_p=8192   B=8  prefill=  346.8ms  decode_total=  1250.6ms  per_pt_token=  2.48ms  picks=[d2_p2=63]  (  1.6s wall)
  SHARED_2L_DEC_TAIL     K=64  L_p=8192   B=8  prefill=  348.4ms  decode_total=  1154.0ms  per_pt_token=  2.29ms  picks=[d2_dec_tail=63]  (  1.6s wall)
  SHARED_3L_1POOL        K=64  L_p=8192   B=8  prefill=  347.6ms  decode_total=  1207.2ms  per_pt_token=  2.40ms  picks=[d2_p1=16,d3_p1=47]  (  1.6s wall)
  SHARED_3L_2POOL        K=64  L_p=8192   B=8  prefill=  348.3ms  decode_total=  1435.7ms  per_pt_token=  2.85ms  picks=[d2_p2=16,d3_p2=47]  (  1.8s wall)
  SHARED_3L_DEC_TAIL     K=64  L_p=8192   B=8  prefill=  349.8ms  decode_total=  1195.0ms  per_pt_token=  2.37ms  picks=[d2_dec_tail=16,d3_dec_tail=47]  (  1.6s wall)
  SHARED_4L_1POOL        K=64  L_p=8192   B=8  prefill=  349.8ms  decode_total=  1320.9ms  per_pt_token=  2.62ms  picks=[d2_p1=16,d3_p1=16,d4_p1=31]  (  1.7s wall)
  SHARED_4L_2POOL        K=64  L_p=8192   B=8  prefill=  350.1ms  decode_total=  1427.2ms  per_pt_token=  2.83ms  picks=[d2_p2=16,d3_p2=16,d4_p2=31]  (  1.8s wall)
  SHARED_4L_DEC_TAIL     K=64  L_p=8192   B=8  prefill=  349.4ms  decode_total=  1315.7ms  per_pt_token=  2.61ms  picks=[d2_dec_tail=32,d4_dec_tail=31]  (  1.7s wall)
  SHARED_5L_1POOL        K=64  L_p=8192   B=8  prefill=  348.7ms  decode_total=  1252.8ms  per_pt_token=  2.49ms  picks=[d2_p1=16,d3_p1=16,d4_p1=16,d5_p1=15]  (  1.7s wall)
  SHARED_5L_2POOL        K=64  L_p=8192   B=8  prefill=  348.7ms  decode_total=  1475.2ms  per_pt_token=  2.93ms  picks=[d2_p2=16,d3_p2=16,d4_p2=16,d5_p2=15]  (  1.9s wall)
  SHARED_5L_DEC_TAIL     K=64  L_p=8192   B=8  prefill=  348.8ms  decode_total=  1260.4ms  per_pt_token=  2.50ms  picks=[d2_dec_tail=48,d5_dec_tail=15]  (  1.7s wall)
  SHARED_6L_1POOL        K=64  L_p=8192   B=8  prefill=  348.2ms  decode_total=  1253.6ms  per_pt_token=  2.49ms  picks=[d2_p1=16,d3_p1=16,d4_p1=16,d5_p1=15]  (  1.7s wall)
  SHARED_6L_2POOL        K=64  L_p=8192   B=8  prefill=  348.7ms  decode_total=  1564.9ms  per_pt_token=  3.10ms  picks=[d2_p2=16,d3_p2=16,d4_p2=16,d5_p2=15]  (  2.0s wall)
  SHARED_6L_DEC_TAIL     K=64  L_p=8192   B=8  prefill=  347.4ms  decode_total=  1061.8ms  per_pt_token=  2.11ms  picks=[d2_dec_tail=63]  (  1.5s wall)
  picker                 K=64  L_p=8192   B=32 prefill= 1448.7ms  decode_total=  3922.4ms  per_pt_token=  1.95ms  picks=[d2_dec_tail=63]  (  5.6s wall)
  SHARED_2L_1POOL        K=64  L_p=8192   B=32 prefill= 1446.4ms  decode_total=  4154.2ms  per_pt_token=  2.06ms  picks=[d2_p1=63]  (  5.8s wall)
  SHARED_2L_2POOL        K=64  L_p=8192   B=32 prefill= 1445.1ms  decode_total=  4708.7ms  per_pt_token=  2.34ms  picks=[d2_p2=63]  (  6.3s wall)
  SHARED_2L_DEC_TAIL     K=64  L_p=8192   B=32 prefill= 1450.8ms  decode_total=  3923.0ms  per_pt_token=  1.95ms  picks=[d2_dec_tail=63]  (  5.6s wall)
  SHARED_3L_1POOL        K=64  L_p=8192   B=32 prefill= 1451.8ms  decode_total=  4292.5ms  per_pt_token=  2.13ms  picks=[d2_p1=16,d3_p1=47]  (  5.9s wall)
  SHARED_3L_2POOL        K=64  L_p=8192   B=32 prefill= 1445.4ms  decode_total=  4977.3ms  per_pt_token=  2.47ms  picks=[d2_p2=16,d3_p2=47]  (  6.7s wall)
  SHARED_3L_DEC_TAIL     K=64  L_p=8192   B=32 prefill= 1447.6ms  decode_total=  4351.6ms  per_pt_token=  2.16ms  picks=[d2_dec_tail=16,d3_dec_tail=47]  (  6.0s wall)
  SHARED_4L_1POOL        K=64  L_p=8192   B=32 prefill= 1445.2ms  decode_total=  4306.5ms  per_pt_token=  2.14ms  picks=[d2_p1=16,d3_p1=16,d4_p1=31]  (  6.0s wall)
  SHARED_4L_2POOL        K=64  L_p=8192   B=32 prefill= 1447.0ms  decode_total=  5370.6ms  per_pt_token=  2.66ms  picks=[d2_p2=16,d3_p2=16,d4_p2=31]  (  7.0s wall)
  SHARED_4L_DEC_TAIL     K=64  L_p=8192   B=32 prefill= 1446.5ms  decode_total=  4489.1ms  per_pt_token=  2.23ms  picks=[d2_dec_tail=32,d4_dec_tail=31]  (  6.1s wall)
  SHARED_5L_1POOL        K=64  L_p=8192   B=32 prefill= 1447.6ms  decode_total=  4390.7ms  per_pt_token=  2.18ms  picks=[d2_p1=16,d3_p1=16,d4_p1=16,d5_p1=15]  (  6.0s wall)
  SHARED_5L_2POOL        K=64  L_p=8192   B=32 prefill= 1444.9ms  decode_total=  5549.7ms  per_pt_token=  2.75ms  picks=[d2_p2=16,d3_p2=16,d4_p2=16,d5_p2=15]  (  7.2s wall)
  SHARED_5L_DEC_TAIL     K=64  L_p=8192   B=32 prefill= 1444.5ms  decode_total=  4342.8ms  per_pt_token=  2.15ms  picks=[d2_dec_tail=48,d5_dec_tail=15]  (  6.0s wall)
  SHARED_6L_1POOL        K=64  L_p=8192   B=32 prefill= 1452.7ms  decode_total=  4394.5ms  per_pt_token=  2.18ms  picks=[d2_p1=16,d3_p1=16,d4_p1=16,d5_p1=15]  (  6.0s wall)
  SHARED_6L_2POOL        K=64  L_p=8192   B=32 prefill= 1446.9ms  decode_total=  5539.3ms  per_pt_token=  2.75ms  picks=[d2_p2=16,d3_p2=16,d4_p2=16,d5_p2=15]  (  7.2s wall)
  SHARED_6L_DEC_TAIL     K=64  L_p=8192   B=32 prefill= 1444.0ms  decode_total=  3915.8ms  per_pt_token=  1.94ms  picks=[d2_dec_tail=63]  (  5.6s wall)

wrote 32 rows to benchmarks/bs_kernel/results/bench_depth_sweep-20260509-203730/bench_modes.csv
[W509 20:39:57.722275277 AllocatorConfig.cpp:28] Warning: PYTORCH_CUDA_ALLOC_CONF is deprecated, use PYTORCH_ALLOC_CONF instead (function operator())
