/home/u4320956/beam_engine-v3/.venv/lib/python3.11/site-packages/tvm_ffi/_optional_torch_c_dlpack.py:181: UserWarning: Failed to JIT torch c dlpack extension, EnvTensorAllocator will not be enabled.
We recommend installing via `pip install torch-c-dlpack-ext`
  warnings.warn(
benchmarking 136 tree shapes

category                shape                                              paged       tree     2level     3level        best      pick   reg%
--------------------------------------------------------------------------------------------------------------------------------------------
long_prefix_flat        flat                    K=16  L_p=2048              42.4       32.8       38.6        nan        tree     paged   29.1
long_prefix_flat        flat                    K=16  L_p=8192              76.7       32.6       48.6        nan        tree   2-level   49.0
long_prefix_flat        flat                    K=16  L_p=32768            273.6       93.1      104.8        nan        tree   2-level   12.5
long_prefix_flat        flat                    K=16  L_p=65536            545.9      165.1      173.0        nan        tree   2-level    4.8
long_prefix_flat        flat                    K=32  L_p=2048              42.2       31.4       48.6        nan        tree   2-level   54.9
long_prefix_flat        flat                    K=32  L_p=8192             136.5       57.3       49.5        nan     2-level   2-level    0.0
long_prefix_flat        flat                    K=32  L_p=32768            531.9      154.1       91.8        nan     2-level   2-level    0.0
long_prefix_flat        flat                    K=32  L_p=65536           1108.7      294.5      154.3        nan     2-level   2-level    0.0
long_prefix_flat        flat                    K=64  L_p=2048              77.5       43.8       50.5        nan        tree   2-level   15.3
long_prefix_flat        flat                    K=64  L_p=8192             261.2       96.3       65.7        nan     2-level   2-level    0.0
long_prefix_flat        flat                    K=64  L_p=32768           1038.6      302.2      155.2        nan     2-level   2-level    0.0
long_prefix_flat        flat                    K=64  L_p=65536           2146.2      572.4      273.6        nan     2-level   2-level    0.0
long_prefix_uniform     uniform G=2              K=16  L_p=2048             40.7       31.1       37.8       37.7        tree     paged   30.8
long_prefix_uniform     uniform G=4              K=16  L_p=2048             39.9       31.5       37.6       38.1        tree     paged   26.7
long_prefix_uniform     uniform G=8              K=16  L_p=2048             40.3       31.0       37.7       39.2        tree     paged   29.8
long_prefix_uniform     uniform G=2              K=16  L_p=8192             76.8       40.8       48.2       50.9        tree   2-level   18.4
long_prefix_uniform     uniform G=4              K=16  L_p=8192             80.0       44.4       48.9       53.1        tree   2-level   10.1
long_prefix_uniform     uniform G=8              K=16  L_p=8192             78.8       47.6       48.4       54.8        tree   2-level    1.7
long_prefix_uniform     uniform G=2              K=16  L_p=32768           260.6       99.0      103.7      107.0        tree   2-level    4.8
long_prefix_uniform     uniform G=4              K=16  L_p=32768           277.5       99.8      102.8      105.4        tree   2-level    3.0
long_prefix_uniform     uniform G=8              K=16  L_p=32768           271.8      102.1      104.0      109.7        tree   2-level    1.9
long_prefix_uniform     uniform G=2              K=16  L_p=65536           523.1      165.3      174.5      176.2        tree   2-level    5.6
long_prefix_uniform     uniform G=4              K=16  L_p=65536           553.9      170.5      174.9      177.3        tree   2-level    2.6
long_prefix_uniform     uniform G=8              K=16  L_p=65536           552.7      172.8      172.9      178.2        tree   2-level    0.1
long_prefix_uniform     uniform G=2              K=32  L_p=2048             50.7       32.8       48.8       49.2        tree   2-level   48.8
long_prefix_uniform     uniform G=4              K=32  L_p=2048             49.4       39.7       48.9       53.8        tree   2-level   23.3
long_prefix_uniform     uniform G=8              K=32  L_p=2048             50.4       48.8       48.9       49.4        tree   2-level    0.3
long_prefix_uniform     uniform G=2              K=32  L_p=8192            142.4       60.7       50.0       57.6     2-level   2-level    0.0
long_prefix_uniform     uniform G=4              K=32  L_p=8192            136.9       68.2       49.5       78.9     2-level   2-level    0.0
long_prefix_uniform     uniform G=8              K=32  L_p=8192            148.6       77.0       49.9       58.1     2-level   2-level    0.0
long_prefix_uniform     uniform G=2              K=32  L_p=32768           541.9      164.3       93.1      105.9     2-level   2-level    0.0
long_prefix_uniform     uniform G=4              K=32  L_p=32768           546.6      163.9       92.9      180.7     2-level   2-level    0.0
long_prefix_uniform     uniform G=8              K=32  L_p=32768           522.8      173.5       92.6      104.4     2-level   2-level    0.0
long_prefix_uniform     uniform G=2              K=32  L_p=65536          1077.0      294.0      154.2      168.0     2-level   2-level    0.0
long_prefix_uniform     uniform G=4              K=32  L_p=65536          1136.0      300.8      153.7      319.7     2-level   2-level    0.0
long_prefix_uniform     uniform G=8              K=32  L_p=65536          1109.5      309.4      153.7      165.8     2-level   2-level    0.0
long_prefix_uniform     uniform G=2              K=64  L_p=2048             92.2       52.5       49.5       52.1     2-level   2-level    0.0
long_prefix_uniform     uniform G=4              K=64  L_p=2048             92.0       62.1       49.3       50.7     2-level   2-level    0.0
long_prefix_uniform     uniform G=8              K=64  L_p=2048             92.0       79.3       49.3       69.0     2-level   2-level    0.0
long_prefix_uniform     uniform G=2              K=64  L_p=8192            275.5      104.3       65.2       83.8     2-level   2-level    0.0
long_prefix_uniform     uniform G=4              K=64  L_p=8192            275.7      113.4       65.4       75.9     2-level   2-level    0.0
long_prefix_uniform     uniform G=8              K=64  L_p=8192            274.2      130.5       65.6      109.0     2-level   2-level    0.0
long_prefix_uniform     uniform G=2              K=64  L_p=32768          1059.9      308.9      155.2      228.7     2-level   2-level    0.0
long_prefix_uniform     uniform G=4              K=64  L_p=32768          1055.1      318.5      154.8      166.9     2-level   2-level    0.0
long_prefix_uniform     uniform G=8              K=64  L_p=32768          1059.1      334.9      155.6      301.4     2-level   2-level    0.0
long_prefix_uniform     uniform G=2              K=64  L_p=65536          2165.2      579.2      272.8      418.0     2-level   2-level    0.0
long_prefix_uniform     uniform G=4              K=64  L_p=65536          2163.8      589.7      273.4      282.6     2-level   2-level    0.0
long_prefix_uniform     uniform G=8              K=64  L_p=65536          2166.9      606.8      273.9      565.3     2-level   2-level    0.0
high_g_small_inter      high_G G=8  inter=64    K=16  L_p=2048              40.2       31.4       37.2       37.4        tree     paged   28.2
high_g_small_inter      high_G G=4  inter=64    K=16  L_p=2048              40.0       31.3       37.7       37.8        tree     paged   27.8
high_g_small_inter      high_G G=8  inter=64    K=16  L_p=8192              74.9       38.8       48.7       50.1        tree   2-level   25.5
high_g_small_inter      high_G G=4  inter=64    K=16  L_p=8192              75.1       38.0       48.3       49.2        tree   2-level   27.3
high_g_small_inter      high_G G=8  inter=64    K=16  L_p=32768            275.9       93.0      104.4      106.8        tree   2-level   12.3
high_g_small_inter      high_G G=4  inter=64    K=16  L_p=32768            293.2       93.7      103.4      105.3        tree   2-level   10.3
high_g_small_inter      high_G G=8  inter=64    K=16  L_p=65536            561.6      164.2      175.8      175.9        tree   2-level    7.1
high_g_small_inter      high_G G=4  inter=64    K=16  L_p=65536            574.0      164.1      173.5      175.2        tree   2-level    5.7
high_g_small_inter      high_G G=16 inter=64    K=32  L_p=2048              42.3       32.6       48.9       49.8        tree   2-level   50.0
high_g_small_inter      high_G G=8  inter=64    K=32  L_p=2048              42.7       32.5       48.7       49.8        tree   2-level   49.9
high_g_small_inter      high_G G=16 inter=64    K=32  L_p=8192             132.8       60.8       49.6       54.3     2-level   2-level    0.0
high_g_small_inter      high_G G=8  inter=64    K=32  L_p=8192             138.3       59.7       49.9       52.7     2-level   2-level    0.0
high_g_small_inter      high_G G=16 inter=64    K=32  L_p=32768            549.6      164.6       93.4      101.7     2-level   2-level    0.0
high_g_small_inter      high_G G=8  inter=64    K=32  L_p=32768            531.1      155.6       92.5       99.9     2-level   2-level    0.0
high_g_small_inter      high_G G=16 inter=64    K=32  L_p=65536           1104.2      294.5      153.6      162.0     2-level   2-level    0.0
high_g_small_inter      high_G G=8  inter=64    K=32  L_p=65536           1101.4      295.5      153.6      161.1     2-level   2-level    0.0
high_g_small_inter      high_G G=32 inter=64    K=64  L_p=2048              77.6       61.8       49.4       49.6     2-level   2-level    0.0
high_g_small_inter      high_G G=16 inter=64    K=64  L_p=2048              77.5       52.3       49.3       49.9     2-level   2-level    0.0
high_g_small_inter      high_G G=32 inter=64    K=64  L_p=8192             260.3      113.5       65.3       74.1     2-level   2-level    0.0
high_g_small_inter      high_G G=16 inter=64    K=64  L_p=8192             260.9      104.0       65.5       72.7     2-level   2-level    0.0
high_g_small_inter      high_G G=32 inter=64    K=64  L_p=32768           1041.6      318.8      155.5      163.7     2-level   2-level    0.0
high_g_small_inter      high_G G=16 inter=64    K=64  L_p=32768           1047.9      309.1      154.7      162.3     2-level   2-level    0.0
high_g_small_inter      high_G G=32 inter=64    K=64  L_p=65536           2143.3      591.2      273.4      282.3     2-level   2-level    0.0
high_g_small_inter      high_G G=16 inter=64    K=64  L_p=65536           2152.6      580.5      273.1      280.4     2-level   2-level    0.0
long_prefix_skewed      skewed 1+singletons     K=16  L_p=2048              40.6       31.1       37.6        nan        tree     paged   30.5
long_prefix_skewed      skewed 1+singletons     K=16  L_p=8192              78.7       32.4       48.4        nan        tree   2-level   49.6
long_prefix_skewed      skewed 1+singletons     K=16  L_p=32768            271.9       92.9      103.9        nan        tree   2-level   11.8
long_prefix_skewed      skewed 1+singletons     K=16  L_p=65536            544.2      164.1      173.0        nan        tree   2-level    5.4
long_prefix_skewed      skewed 1+singletons     K=32  L_p=2048              49.2       31.9       49.0        nan        tree   2-level   53.7
long_prefix_skewed      skewed 1+singletons     K=32  L_p=8192             145.9       58.4       49.6        nan     2-level   2-level    0.0
long_prefix_skewed      skewed 1+singletons     K=32  L_p=32768            542.6      156.5       92.2        nan     2-level   2-level    0.0
long_prefix_skewed      skewed 1+singletons     K=32  L_p=65536           1103.4      292.6      153.6        nan     2-level   2-level    0.0
long_prefix_skewed      skewed 1+singletons     K=64  L_p=2048              91.3       43.5       49.7        nan        tree   2-level   14.3
long_prefix_skewed      skewed 1+singletons     K=64  L_p=8192             274.5       95.9       65.5        nan     2-level   2-level    0.0
long_prefix_skewed      skewed 1+singletons     K=64  L_p=32768           1056.7      302.2      155.3        nan     2-level   2-level    0.0
long_prefix_skewed      skewed 1+singletons     K=64  L_p=65536           2167.7      571.9      273.5        nan     2-level   2-level    0.0
short_prefix            short_prefix            K=16  L_p=256               39.3       30.9       34.2        nan        tree     paged   27.3
short_prefix            short_prefix            K=16  L_p=512               40.7       31.6       35.1        nan        tree     paged   28.5
short_prefix            short_prefix            K=16  L_p=1024              40.3       31.3       38.0        nan        tree     paged   28.6
short_prefix            short_prefix            K=32  L_p=256               37.1       31.6       48.5        nan        tree     paged   17.3
short_prefix            short_prefix            K=32  L_p=512               37.6       31.2       49.5        nan        tree     paged   20.2
short_prefix            short_prefix            K=32  L_p=1024              37.6       31.1       47.2        nan        tree     paged   20.9
short_prefix            short_prefix            K=64  L_p=256               37.0       33.9       49.6        nan        tree     paged    9.0
short_prefix            short_prefix            K=64  L_p=512               36.7       34.0       48.8        nan        tree     paged    8.0
short_prefix            short_prefix            K=64  L_p=1024              48.4       35.0       49.6        nan        tree   2-level   41.8
tiny_lp                 tiny_lp                 K=16  L_p=64                33.3       31.1       34.1        nan        tree     paged    6.8
tiny_lp                 tiny_lp                 K=16  L_p=128               37.7       31.0       34.1        nan        tree     paged   21.5
tiny_lp                 tiny_lp                 K=32  L_p=64                34.5       31.4       45.2        nan        tree     paged   10.0
tiny_lp                 tiny_lp                 K=32  L_p=128               36.3       31.2       46.2        nan        tree     paged   16.4
tiny_lp                 tiny_lp                 K=64  L_p=64                36.8       33.9       48.2        nan        tree     paged    8.6
tiny_lp                 tiny_lp                 K=64  L_p=128               36.8       33.8       49.4        nan        tree     paged    8.7
k_one                   k_one                   K=1   L_p=2048              37.5       30.1        nan        nan        tree     paged   24.4
k_one                   k_one                   K=1   L_p=8192              40.0       30.5        nan        nan        tree     paged   31.1
k_one                   k_one                   K=1   L_p=32768             59.4       60.3        nan        nan       paged     paged    0.0
k_one                   k_one                   K=1   L_p=65536            102.0      102.6        nan        nan       paged     paged    0.0
all_unique              all_unique G=K          K=16  L_p=2048              40.1       30.8       37.7        nan        tree     paged   30.2
all_unique              all_unique G=K          K=16  L_p=8192              73.7       32.8       49.1        nan        tree   2-level   49.7
all_unique              all_unique G=K          K=16  L_p=32768            269.5       93.2      105.2        nan        tree   2-level   12.8
all_unique              all_unique G=K          K=16  L_p=65536            546.0      164.2      174.1        nan        tree   2-level    6.0
all_unique              all_unique G=K          K=32  L_p=2048              43.0       32.0       48.9        nan        tree   2-level   52.9
all_unique              all_unique G=K          K=32  L_p=8192             134.9       58.4       49.6        nan     2-level   2-level    0.0
all_unique              all_unique G=K          K=32  L_p=32768            534.9      156.7       92.9        nan     2-level   2-level    0.0
all_unique              all_unique G=K          K=32  L_p=65536           1087.9      292.7      154.0        nan     2-level   2-level    0.0
all_unique              all_unique G=K          K=64  L_p=2048              77.4       43.7       49.5        nan        tree   2-level   13.2
all_unique              all_unique G=K          K=64  L_p=8192             258.9       95.8       65.2        nan     2-level   2-level    0.0
all_unique              all_unique G=K          K=64  L_p=32768           1037.9      302.1      155.7        nan     2-level   2-level    0.0
all_unique              all_unique G=K          K=64  L_p=65536           2140.3      572.5      272.7        nan     2-level   2-level    0.0
boundary_k              boundary_K              K=17  L_p=2048              40.1       31.7       37.7        nan        tree     paged   26.6
boundary_k              boundary_K              K=17  L_p=8192             120.5       55.2       54.3        nan     2-level   2-level    0.0
boundary_k              boundary_K              K=17  L_p=32768            443.5      159.7      127.5        nan     2-level   2-level    0.0
boundary_k              boundary_K              K=33  L_p=2048              42.2       39.7       49.6        nan        tree   2-level   24.9
boundary_k              boundary_K              K=33  L_p=8192             134.0       94.7       72.3        nan     2-level   2-level    0.0
boundary_k              boundary_K              K=33  L_p=32768            518.7      316.3      208.8        nan     2-level   2-level    0.0
boundary_k              boundary_K              K=48  L_p=2048              72.9       40.7       49.2        nan        tree   2-level   20.7
boundary_k              boundary_K              K=48  L_p=8192             239.0       93.3       63.3        nan     2-level   2-level    0.0
boundary_k              boundary_K              K=48  L_p=32768            923.5      298.6      154.3        nan     2-level   2-level    0.0
boundary_k              boundary_K              K=65  L_p=2048              77.9       60.1       49.7        nan     2-level   2-level    0.0
boundary_k              boundary_K              K=65  L_p=8192             263.1      142.3      101.4        nan     2-level   2-level    0.0
boundary_k              boundary_K              K=65  L_p=32768           1062.4      470.3      308.1        nan     2-level   2-level    0.0
boundary_k              boundary_K              K=80  L_p=2048             105.7       60.6       51.6        nan     2-level   2-level    0.0
boundary_k              boundary_K              K=80  L_p=8192             359.8      137.0       88.1        nan     2-level   2-level    0.0
boundary_k              boundary_K              K=80  L_p=32768           1452.8      436.2      231.8        nan     2-level   2-level    0.0
boundary_k              boundary_K              K=96  L_p=2048             110.9       67.9       50.9        nan     2-level   2-level    0.0
boundary_k              boundary_K              K=96  L_p=8192             382.6      139.9       90.0        nan     2-level   2-level    0.0
boundary_k              boundary_K              K=96  L_p=32768           1588.0      436.0      233.2        nan     2-level   2-level    0.0
boundary_k              boundary_K              K=129 L_p=2048             144.8      118.5       69.8        nan     2-level   2-level    0.0
boundary_k              boundary_K              K=129 L_p=8192             511.6      265.0      158.4        nan     2-level   2-level    0.0
boundary_k              boundary_K              K=129 L_p=32768           2165.5      838.8      493.7        nan     2-level   2-level    0.0

==========================================================================================
category                  n   pick=best   mean_regret   max_regret   mean_speedup_vs_paged
------------------------------------------------------------------------------------------
all_unique               12  6/12              13.73%       52.87%                   3.72×
boundary_k               21  18/21               3.44%       26.63%                   3.15×
high_g_small_inter       24  14/24              10.16%       50.05%                   3.77×
k_one                     4  2/4               13.86%       31.08%                   1.00×
long_prefix_flat         12  6/12              13.80%       54.87%                   3.75×
long_prefix_skewed       12  6/12              13.77%       53.66%                   3.85×
long_prefix_uniform      36  21/36               5.77%       48.78%                   3.84×
short_prefix              9  0/9               22.39%       41.77%                   1.00×
tiny_lp                   6  0/6               12.02%       21.52%                   1.00×

====================================================================================================
Mean speedup of bs_kernel pick vs each baseline kernel, by category:
category                  vs_paged     vs_tree   vs_2level   vs_3level
--------------------------------------------------------------------------------
all_unique                   3.72×       1.26×       1.00×           —
boundary_k                   3.15×       1.40×       1.00×           —
high_g_small_inter           3.77×       1.33×       0.99×       1.04×
k_one                        1.00×       0.90×           —           —
long_prefix_flat             3.75×       1.25×       0.99×           —
long_prefix_skewed           3.85×       1.26×       0.99×           —
long_prefix_uniform          3.84×       1.41×       0.99×       1.24×
short_prefix                 1.00×       0.82×       1.14×           —
tiny_lp                      1.00×       0.89×       1.19×           —

Under-performance (bs_kernel regret > 5%):
  [long_prefix_flat] flat                    K=32  L_p=2048         pick=2-level (48.6us)  best=   tree (31.4us)  regret=54.9%
  [long_prefix_skewed] skewed 1+singletons     K=32  L_p=2048         pick=2-level (49.0us)  best=   tree (31.9us)  regret=53.7%
  [all_unique] all_unique G=K          K=32  L_p=2048         pick=2-level (48.9us)  best=   tree (32.0us)  regret=52.9%
  [high_g_small_inter] high_G G=16 inter=64    K=32  L_p=2048         pick=2-level (48.9us)  best=   tree (32.6us)  regret=50.0%
  [high_g_small_inter] high_G G=8  inter=64    K=32  L_p=2048         pick=2-level (48.7us)  best=   tree (32.5us)  regret=49.9%
  [all_unique] all_unique G=K          K=16  L_p=8192         pick=2-level (49.1us)  best=   tree (32.8us)  regret=49.7%
  [long_prefix_skewed] skewed 1+singletons     K=16  L_p=8192         pick=2-level (48.4us)  best=   tree (32.4us)  regret=49.6%
  [long_prefix_flat] flat                    K=16  L_p=8192         pick=2-level (48.6us)  best=   tree (32.6us)  regret=49.0%
  [long_prefix_uniform] uniform G=2              K=32  L_p=2048        pick=2-level (48.8us)  best=   tree (32.8us)  regret=48.8%
  [short_prefix] short_prefix            K=64  L_p=1024         pick=2-level (49.6us)  best=   tree (35.0us)  regret=41.8%
  [k_one] k_one                   K=1   L_p=8192         pick=  paged (40.0us)  best=   tree (30.5us)  regret=31.1%
  [long_prefix_uniform] uniform G=2              K=16  L_p=2048        pick=  paged (40.7us)  best=   tree (31.1us)  regret=30.8%
  [long_prefix_skewed] skewed 1+singletons     K=16  L_p=2048         pick=  paged (40.6us)  best=   tree (31.1us)  regret=30.5%
  [all_unique] all_unique G=K          K=16  L_p=2048         pick=  paged (40.1us)  best=   tree (30.8us)  regret=30.2%
  [long_prefix_uniform] uniform G=8              K=16  L_p=2048        pick=  paged (40.3us)  best=   tree (31.0us)  regret=29.8%
  [long_prefix_flat] flat                    K=16  L_p=2048         pick=  paged (42.4us)  best=   tree (32.8us)  regret=29.1%
  [short_prefix] short_prefix            K=16  L_p=1024         pick=  paged (40.3us)  best=   tree (31.3us)  regret=28.6%
  [short_prefix] short_prefix            K=16  L_p=512          pick=  paged (40.7us)  best=   tree (31.6us)  regret=28.5%
  [high_g_small_inter] high_G G=8  inter=64    K=16  L_p=2048         pick=  paged (40.2us)  best=   tree (31.4us)  regret=28.2%
  [high_g_small_inter] high_G G=4  inter=64    K=16  L_p=2048         pick=  paged (40.0us)  best=   tree (31.3us)  regret=27.8%
  [short_prefix] short_prefix            K=16  L_p=256          pick=  paged (39.3us)  best=   tree (30.9us)  regret=27.3%
  [high_g_small_inter] high_G G=4  inter=64    K=16  L_p=8192         pick=2-level (48.3us)  best=   tree (38.0us)  regret=27.3%
  [long_prefix_uniform] uniform G=4              K=16  L_p=2048        pick=  paged (39.9us)  best=   tree (31.5us)  regret=26.7%
  [boundary_k] boundary_K              K=17  L_p=2048         pick=  paged (40.1us)  best=   tree (31.7us)  regret=26.6%
  [high_g_small_inter] high_G G=8  inter=64    K=16  L_p=8192         pick=2-level (48.7us)  best=   tree (38.8us)  regret=25.5%
  [boundary_k] boundary_K              K=33  L_p=2048         pick=2-level (49.6us)  best=   tree (39.7us)  regret=24.9%
  [k_one] k_one                   K=1   L_p=2048         pick=  paged (37.5us)  best=   tree (30.1us)  regret=24.4%
  [long_prefix_uniform] uniform G=4              K=32  L_p=2048        pick=2-level (48.9us)  best=   tree (39.7us)  regret=23.3%
  [tiny_lp] tiny_lp                 K=16  L_p=128          pick=  paged (37.7us)  best=   tree (31.0us)  regret=21.5%
  [short_prefix] short_prefix            K=32  L_p=1024         pick=  paged (37.6us)  best=   tree (31.1us)  regret=20.9%
  [boundary_k] boundary_K              K=48  L_p=2048         pick=2-level (49.2us)  best=   tree (40.7us)  regret=20.7%
  [short_prefix] short_prefix            K=32  L_p=512          pick=  paged (37.6us)  best=   tree (31.2us)  regret=20.2%
  [long_prefix_uniform] uniform G=2              K=16  L_p=8192        pick=2-level (48.2us)  best=   tree (40.8us)  regret=18.4%
  [short_prefix] short_prefix            K=32  L_p=256          pick=  paged (37.1us)  best=   tree (31.6us)  regret=17.3%
  [tiny_lp] tiny_lp                 K=32  L_p=128          pick=  paged (36.3us)  best=   tree (31.2us)  regret=16.4%
  [long_prefix_flat] flat                    K=64  L_p=2048         pick=2-level (50.5us)  best=   tree (43.8us)  regret=15.3%
  [long_prefix_skewed] skewed 1+singletons     K=64  L_p=2048         pick=2-level (49.7us)  best=   tree (43.5us)  regret=14.3%
  [all_unique] all_unique G=K          K=64  L_p=2048         pick=2-level (49.5us)  best=   tree (43.7us)  regret=13.2%
  [all_unique] all_unique G=K          K=16  L_p=32768        pick=2-level (105.2us)  best=   tree (93.2us)  regret=12.8%
  [long_prefix_flat] flat                    K=16  L_p=32768        pick=2-level (104.8us)  best=   tree (93.1us)  regret=12.5%
  [high_g_small_inter] high_G G=8  inter=64    K=16  L_p=32768        pick=2-level (104.4us)  best=   tree (93.0us)  regret=12.3%
  [long_prefix_skewed] skewed 1+singletons     K=16  L_p=32768        pick=2-level (103.9us)  best=   tree (92.9us)  regret=11.8%
  [high_g_small_inter] high_G G=4  inter=64    K=16  L_p=32768        pick=2-level (103.4us)  best=   tree (93.7us)  regret=10.3%
  [long_prefix_uniform] uniform G=4              K=16  L_p=8192        pick=2-level (48.9us)  best=   tree (44.4us)  regret=10.1%
  [tiny_lp] tiny_lp                 K=32  L_p=64           pick=  paged (34.5us)  best=   tree (31.4us)  regret=10.0%
  [short_prefix] short_prefix            K=64  L_p=256          pick=  paged (37.0us)  best=   tree (33.9us)  regret=9.0%
  [tiny_lp] tiny_lp                 K=64  L_p=128          pick=  paged (36.8us)  best=   tree (33.8us)  regret=8.7%
  [tiny_lp] tiny_lp                 K=64  L_p=64           pick=  paged (36.8us)  best=   tree (33.9us)  regret=8.6%
  [short_prefix] short_prefix            K=64  L_p=512          pick=  paged (36.7us)  best=   tree (34.0us)  regret=8.0%
  [high_g_small_inter] high_G G=8  inter=64    K=16  L_p=65536        pick=2-level (175.8us)  best=   tree (164.2us)  regret=7.1%
  [tiny_lp] tiny_lp                 K=16  L_p=64           pick=  paged (33.3us)  best=   tree (31.1us)  regret=6.8%
  [all_unique] all_unique G=K          K=16  L_p=65536        pick=2-level (174.1us)  best=   tree (164.2us)  regret=6.0%
  [high_g_small_inter] high_G G=4  inter=64    K=16  L_p=65536        pick=2-level (173.5us)  best=   tree (164.1us)  regret=5.7%
  [long_prefix_uniform] uniform G=2              K=16  L_p=65536       pick=2-level (174.5us)  best=   tree (165.3us)  regret=5.6%
  [long_prefix_skewed] skewed 1+singletons     K=16  L_p=65536        pick=2-level (173.0us)  best=   tree (164.1us)  regret=5.4%

====================================================================================================
CTA_Q padding sensitivity (boundary_k shapes — K just above tile boundaries):
  shape                                         T=16      T=64     T=128    best_T   pick_T   reg%
----------------------------------------------------------------------------------------------------
  boundary_K              K=17  L_p=2048        37.7      37.5      37.6        64    paged    nan
  boundary_K              K=17  L_p=8192        55.1      46.4      42.1       128       64   10.1
  boundary_K              K=17  L_p=32768      126.5      90.0     115.7        64       64    0.0
  boundary_K              K=33  L_p=2048        37.9      37.8      37.8       128       64    0.2
  boundary_K              K=33  L_p=8192        67.5      55.6      69.6        64       64    0.0
  boundary_K              K=33  L_p=32768      195.3     144.1     215.4        64       64    0.0
  boundary_K              K=48  L_p=2048        46.4      37.6      37.7        64       64    0.0
  boundary_K              K=48  L_p=8192        85.8      56.4      73.7        64       64    0.0
  boundary_K              K=48  L_p=32768      227.7     148.1     216.3        64       64    0.0
  boundary_K              K=65  L_p=2048        54.4      43.2      47.6        64       64    0.0
  boundary_K              K=65  L_p=8192       102.0      78.4     105.2        64       64    0.0
  boundary_K              K=65  L_p=32768      308.7     219.5     333.7        64       64    0.0
  boundary_K              K=80  L_p=2048        62.1      47.7      51.8        64       64    0.0
  boundary_K              K=80  L_p=8192       116.0      88.2     110.4        64       64    0.0
  boundary_K              K=80  L_p=32768      366.1     230.4     337.7        64       64    0.0
  boundary_K              K=96  L_p=2048        72.0      53.9      52.8       128       64    2.2
  boundary_K              K=96  L_p=8192       133.4     106.2     109.1        64       64    0.0
  boundary_K              K=96  L_p=32768      423.8     249.8     338.3        64       64    0.0
  boundary_K              K=129 L_p=2048        81.5      68.5      70.9        64       64    0.0
  boundary_K              K=129 L_p=8192       174.1     140.7     168.2        64       64    0.0
  boundary_K              K=129 L_p=32768      561.2     375.0     543.7        64       64    0.0

wrote 136 rows to benchmarks/bs_kernel/results/run-NVIDIA_H100_80GB_HBM3-20260506-174623/06-tree-shapes.csv
