/home/u4320956/beam_engine-v3/.venv/lib/python3.11/site-packages/tvm_ffi/_optional_torch_c_dlpack.py:181: UserWarning: Failed to JIT torch c dlpack extension, EnvTensorAllocator will not be enabled.
We recommend installing via `pip install torch-c-dlpack-ext`
  warnings.warn(
Loading tokenizer + model...
Fetching 11 files:   0%|          | 0/11 [00:00<?, ?it/s]Fetching 11 files: 100%|██████████| 11/11 [00:00<00:00, 19239.93it/s]
grid: 3 workloads × 4 runs each

=== K=16 L_p=8192 max_new=16 ===
  forced per_beam               median decode =  12.78 ms
  forced shared_2l_1pool        median decode =  11.76 ms
  forced shared_2l_2pool        median decode =  11.62 ms
  model picks shared_2l_1pool  (t_model=11.76ms)
  oracle      shared_2l_2pool        (t_oracle=11.62ms)
  regret      +1.2%

=== K=32 L_p=8192 max_new=16 ===
  forced per_beam               median decode =  16.79 ms
  forced shared_2l_1pool        median decode =  13.91 ms
  forced shared_2l_2pool        median decode =  13.93 ms
  model picks shared_2l_1pool  (t_model=13.91ms)
  oracle      shared_2l_1pool        (t_oracle=13.91ms)
  regret      +0.0%

=== K=64 L_p=8192 max_new=16 ===
  forced per_beam               median decode =  26.91 ms
  forced shared_2l_1pool        median decode =  20.00 ms
  forced shared_2l_2pool        median decode =  19.93 ms
  model picks shared_2l_1pool  (t_model=20.00ms)
  oracle      shared_2l_2pool        (t_oracle=19.93ms)
  regret      +0.4%

============================================================
Regret distribution:
  mean  = +0.52%
  p50   = +0.38%
  p90   = +1.18%
  p99   = +1.18%
  max   = +1.18%

wrote 3 rows to benchmarks/bs_kernel/results/run-NVIDIA_H100_80GB_HBM3-20260506-190715/05-oracle-vs-model.csv
