/home/u4320956/beam_engine-v3/.venv/lib/python3.11/site-packages/tvm_ffi/_optional_torch_c_dlpack.py:181: UserWarning: Failed to JIT torch c dlpack extension, EnvTensorAllocator will not be enabled.
We recommend installing via `pip install torch-c-dlpack-ext`
  warnings.warn(
benchmarking 136 tree shapes

category                shape                                              paged       tree     2level     3level        best      pick   reg%
--------------------------------------------------------------------------------------------------------------------------------------------
long_prefix_flat        flat                    K=16  L_p=2048              42.1       33.0       38.7        nan        tree     paged   27.5
long_prefix_flat        flat                    K=16  L_p=8192              73.4       32.2       48.3        nan        tree   2-level   49.8
long_prefix_flat        flat                    K=16  L_p=32768            247.2       92.9      102.3        nan        tree   2-level   10.1
long_prefix_flat        flat                    K=16  L_p=65536            503.6      161.9      170.1        nan        tree   2-level    5.1
long_prefix_flat        flat                    K=32  L_p=2048              41.8       31.5       50.6        nan        tree   2-level   60.7
long_prefix_flat        flat                    K=32  L_p=8192             130.4       57.8       51.4        nan     2-level   2-level    0.0
long_prefix_flat        flat                    K=32  L_p=32768            516.6      155.1       91.7        nan     2-level   2-level    0.0
long_prefix_flat        flat                    K=32  L_p=65536           1058.4      292.9      154.7        nan     2-level   2-level    0.0
long_prefix_flat        flat                    K=64  L_p=2048              76.7       43.6       50.1        nan        tree   2-level   15.1
long_prefix_flat        flat                    K=64  L_p=8192             254.1       96.1       65.5        nan     2-level   2-level    0.0
long_prefix_flat        flat                    K=64  L_p=32768           1024.0      301.5      154.4        nan     2-level   2-level    0.0
long_prefix_flat        flat                    K=64  L_p=65536           2104.2      572.4      272.8        nan     2-level   2-level    0.0
long_prefix_uniform     uniform G=2              K=16  L_p=2048             41.0       31.7       38.9       39.2        tree     paged   29.2
long_prefix_uniform     uniform G=4              K=16  L_p=2048             41.5       31.7       38.5       38.8        tree     paged   31.0
long_prefix_uniform     uniform G=8              K=16  L_p=2048             40.8       32.0       39.0       39.5        tree     paged   27.5
long_prefix_uniform     uniform G=2              K=16  L_p=8192             75.8       40.7       48.3       50.5        tree   2-level   18.9
long_prefix_uniform     uniform G=4              K=16  L_p=8192             77.5       44.2       48.8       52.3        tree   2-level   10.5
long_prefix_uniform     uniform G=8              K=16  L_p=8192             75.8       47.6       48.3       54.6        tree   2-level    1.5
long_prefix_uniform     uniform G=2              K=16  L_p=32768           251.4       99.3      102.8      105.3        tree   2-level    3.5
long_prefix_uniform     uniform G=4              K=16  L_p=32768           250.7       99.9      102.1      104.2        tree   2-level    2.1
long_prefix_uniform     uniform G=8              K=16  L_p=32768           249.2      102.0      103.0      107.5        tree   2-level    1.0
long_prefix_uniform     uniform G=2              K=16  L_p=65536           489.4      164.4      170.6      171.8        tree   2-level    3.8
long_prefix_uniform     uniform G=4              K=16  L_p=65536           497.4      169.9      170.9      173.3        tree   2-level    0.6
long_prefix_uniform     uniform G=8              K=16  L_p=65536           498.4      172.7      170.5      175.8     2-level   2-level    0.0
long_prefix_uniform     uniform G=2              K=32  L_p=2048             49.7       32.5       49.9       50.8        tree   2-level   53.6
long_prefix_uniform     uniform G=4              K=32  L_p=2048             49.9       39.5       50.0       53.9        tree   2-level   26.3
long_prefix_uniform     uniform G=8              K=32  L_p=2048             49.2       48.2       50.0       50.5        tree   2-level    3.7
long_prefix_uniform     uniform G=2              K=32  L_p=8192            138.4       60.6       50.5       57.4     2-level   2-level    0.0
long_prefix_uniform     uniform G=4              K=32  L_p=8192            139.1       68.1       51.0       78.5     2-level   2-level    0.0
long_prefix_uniform     uniform G=8              K=32  L_p=8192            140.8       76.0       50.4       58.7     2-level   2-level    0.0
long_prefix_uniform     uniform G=2              K=32  L_p=32768           503.9      163.7       93.4      105.1     2-level   2-level    0.0
long_prefix_uniform     uniform G=4              K=32  L_p=32768           514.4      164.6       93.4      179.2     2-level   2-level    0.0
long_prefix_uniform     uniform G=8              K=32  L_p=32768           517.3      173.3       93.5      104.8     2-level   2-level    0.0
long_prefix_uniform     uniform G=2              K=32  L_p=65536          1076.5      293.2      153.3      167.5     2-level   2-level    0.0
long_prefix_uniform     uniform G=4              K=32  L_p=65536          1074.4      298.8      153.3      314.0     2-level   2-level    0.0
long_prefix_uniform     uniform G=8              K=32  L_p=65536          1075.5      308.8      153.6      165.3     2-level   2-level    0.0
long_prefix_uniform     uniform G=2              K=64  L_p=2048             90.8       51.9       50.3       52.4     2-level   2-level    0.0
long_prefix_uniform     uniform G=4              K=64  L_p=2048             91.2       61.2       50.4       51.0     2-level   2-level    0.0
long_prefix_uniform     uniform G=8              K=64  L_p=2048             91.5       78.9       50.2       68.6     2-level   2-level    0.0
long_prefix_uniform     uniform G=2              K=64  L_p=8192            268.6      104.2       65.4       84.0     2-level   2-level    0.0
long_prefix_uniform     uniform G=4              K=64  L_p=8192            269.3      113.0       65.8       75.8     2-level   2-level    0.0
long_prefix_uniform     uniform G=8              K=64  L_p=8192            270.4      130.4       65.9      109.0     2-level   2-level    0.0
long_prefix_uniform     uniform G=2              K=64  L_p=32768          1035.1      309.3      154.4      228.4     2-level   2-level    0.0
long_prefix_uniform     uniform G=4              K=64  L_p=32768          1040.1      318.1      154.4      166.0     2-level   2-level    0.0
long_prefix_uniform     uniform G=8              K=64  L_p=32768          1034.2      335.1      155.2      297.6     2-level   2-level    0.0
long_prefix_uniform     uniform G=2              K=64  L_p=65536          2132.3      580.4      273.2      419.6     2-level   2-level    0.0
long_prefix_uniform     uniform G=4              K=64  L_p=65536          2135.4      590.2      272.3      281.2     2-level   2-level    0.0
long_prefix_uniform     uniform G=8              K=64  L_p=65536          2128.1      606.6      273.8      554.4     2-level   2-level    0.0
high_g_small_inter      high_G G=8  inter=64    K=16  L_p=2048              40.8       31.2       38.0       38.0        tree     paged   30.6
high_g_small_inter      high_G G=4  inter=64    K=16  L_p=2048              41.1       32.2       38.5       38.7        tree     paged   27.7
high_g_small_inter      high_G G=8  inter=64    K=16  L_p=8192              77.5       39.0       48.8       49.7        tree   2-level   25.1
high_g_small_inter      high_G G=4  inter=64    K=16  L_p=8192              75.0       38.3       48.3       49.1        tree   2-level   26.2
high_g_small_inter      high_G G=8  inter=64    K=16  L_p=32768            273.6       93.2      103.0      105.0        tree   2-level   10.5
high_g_small_inter      high_G G=4  inter=64    K=16  L_p=32768            272.5       93.1      101.9      103.7        tree   2-level    9.5
high_g_small_inter      high_G G=8  inter=64    K=16  L_p=65536            553.4      164.3      170.7      173.4        tree   2-level    3.9
high_g_small_inter      high_G G=4  inter=64    K=16  L_p=65536            536.3      164.6      170.6      172.0        tree   2-level    3.7
high_g_small_inter      high_G G=16 inter=64    K=32  L_p=2048              42.2       32.4       49.3       50.4        tree   2-level   52.1
high_g_small_inter      high_G G=8  inter=64    K=32  L_p=2048              42.2       32.1       49.5       50.5        tree   2-level   54.1
high_g_small_inter      high_G G=16 inter=64    K=32  L_p=8192             133.8       60.5       50.7       54.3     2-level   2-level    0.0
high_g_small_inter      high_G G=8  inter=64    K=32  L_p=8192             135.2       59.6       50.7       52.7     2-level   2-level    0.0
high_g_small_inter      high_G G=16 inter=64    K=32  L_p=32768            514.7      163.6       93.3      100.9     2-level   2-level    0.0
high_g_small_inter      high_G G=8  inter=64    K=32  L_p=32768            509.6      156.1       92.9       99.8     2-level   2-level    0.0
high_g_small_inter      high_G G=16 inter=64    K=32  L_p=65536           1053.4      293.5      153.7      161.9     2-level   2-level    0.0
high_g_small_inter      high_G G=8  inter=64    K=32  L_p=65536           1056.4      294.5      153.5      160.5     2-level   2-level    0.0
high_g_small_inter      high_G G=32 inter=64    K=64  L_p=2048              76.7       60.9       50.7       50.6     3-level   2-level    0.3
high_g_small_inter      high_G G=16 inter=64    K=64  L_p=2048              76.8       52.0       50.5       50.3     3-level   2-level    0.3
high_g_small_inter      high_G G=32 inter=64    K=64  L_p=8192             253.8      113.0       65.6       74.6     2-level   2-level    0.0
high_g_small_inter      high_G G=16 inter=64    K=64  L_p=8192             254.5      104.2       65.7       73.0     2-level   2-level    0.0
high_g_small_inter      high_G G=32 inter=64    K=64  L_p=32768           1031.1      318.1      155.1      163.3     2-level   2-level    0.0
high_g_small_inter      high_G G=16 inter=64    K=64  L_p=32768           1033.1      308.8      155.0      162.1     2-level   2-level    0.0
high_g_small_inter      high_G G=32 inter=64    K=64  L_p=65536           2140.1      590.2      273.3      282.0     2-level   2-level    0.0
high_g_small_inter      high_G G=16 inter=64    K=64  L_p=65536           2141.4      580.8      273.1      280.4     2-level   2-level    0.0
long_prefix_skewed      skewed 1+singletons     K=16  L_p=2048              40.6       31.2       38.4        nan        tree     paged   29.9
long_prefix_skewed      skewed 1+singletons     K=16  L_p=8192              75.8       32.2       48.2        nan        tree   2-level   49.7
long_prefix_skewed      skewed 1+singletons     K=16  L_p=32768            249.2       92.6      102.7        nan        tree   2-level   10.9
long_prefix_skewed      skewed 1+singletons     K=16  L_p=65536            495.6      163.7      170.3        nan        tree   2-level    4.0
long_prefix_skewed      skewed 1+singletons     K=32  L_p=2048              49.5       31.9       49.8        nan        tree   2-level   56.2
long_prefix_skewed      skewed 1+singletons     K=32  L_p=8192             140.6       57.7       51.0        nan     2-level   2-level    0.0
long_prefix_skewed      skewed 1+singletons     K=32  L_p=32768            525.2      155.8       92.3        nan     2-level   2-level    0.0
long_prefix_skewed      skewed 1+singletons     K=32  L_p=65536           1072.5      292.1      153.1        nan     2-level   2-level    0.0
long_prefix_skewed      skewed 1+singletons     K=64  L_p=2048              91.1       43.3       50.1        nan        tree   2-level   15.6
long_prefix_skewed      skewed 1+singletons     K=64  L_p=8192             269.0       96.0       65.4        nan     2-level   2-level    0.0
long_prefix_skewed      skewed 1+singletons     K=64  L_p=32768           1038.5      301.7      154.9        nan     2-level   2-level    0.0
long_prefix_skewed      skewed 1+singletons     K=64  L_p=65536           2120.9      572.7      273.2        nan     2-level   2-level    0.0
short_prefix            short_prefix            K=16  L_p=256               39.6       31.4       34.9        nan        tree     paged   26.4
short_prefix            short_prefix            K=16  L_p=512               40.1       31.6       35.8        nan        tree     paged   27.1
short_prefix            short_prefix            K=16  L_p=1024              40.6       31.6       38.6        nan        tree     paged   28.3
short_prefix            short_prefix            K=32  L_p=256               37.4       31.3       49.1        nan        tree     paged   19.3
short_prefix            short_prefix            K=32  L_p=512               37.3       31.1       50.2        nan        tree     paged   20.1
short_prefix            short_prefix            K=32  L_p=1024              37.7       31.2       48.0        nan        tree     paged   20.6
short_prefix            short_prefix            K=64  L_p=256               37.7       33.8       50.2        nan        tree     paged   11.6
short_prefix            short_prefix            K=64  L_p=512               38.3       33.8       50.7        nan        tree     paged   13.4
short_prefix            short_prefix            K=64  L_p=1024              47.9       34.6       50.5        nan        tree   2-level   45.9
tiny_lp                 tiny_lp                 K=16  L_p=64                34.1       31.2       34.4        nan        tree     paged    9.5
tiny_lp                 tiny_lp                 K=16  L_p=128               37.6       30.8       34.5        nan        tree     paged   22.1
tiny_lp                 tiny_lp                 K=32  L_p=64                35.2       31.4       46.3        nan        tree     paged   12.2
tiny_lp                 tiny_lp                 K=32  L_p=128               36.4       31.7       47.1        nan        tree     paged   14.7
tiny_lp                 tiny_lp                 K=64  L_p=64                37.9       33.1       48.0        nan        tree     paged   14.6
tiny_lp                 tiny_lp                 K=64  L_p=128               37.9       32.9       49.6        nan        tree     paged   15.1
k_one                   k_one                   K=1   L_p=2048              37.9       30.2        nan        nan        tree     paged   25.6
k_one                   k_one                   K=1   L_p=8192              40.4       31.3        nan        nan        tree     paged   29.2
k_one                   k_one                   K=1   L_p=32768             58.7       59.6        nan        nan       paged     paged    0.0
k_one                   k_one                   K=1   L_p=65536            101.4      101.9        nan        nan       paged     paged    0.0
all_unique              all_unique G=K          K=16  L_p=2048              40.7       31.8       38.5        nan        tree     paged   27.9
all_unique              all_unique G=K          K=16  L_p=8192              71.6       31.9       47.9        nan        tree   2-level   50.2
all_unique              all_unique G=K          K=16  L_p=32768            250.4       91.6      102.1        nan        tree   2-level   11.5
all_unique              all_unique G=K          K=16  L_p=65536            487.0      161.6      170.5        nan        tree   2-level    5.5
all_unique              all_unique G=K          K=32  L_p=2048              41.7       31.4       50.0        nan        tree   2-level   59.4
all_unique              all_unique G=K          K=32  L_p=8192             129.8       57.2       50.4        nan     2-level   2-level    0.0
all_unique              all_unique G=K          K=32  L_p=32768            516.0      156.9       93.3        nan     2-level   2-level    0.0
all_unique              all_unique G=K          K=32  L_p=65536           1062.1      292.4      153.9        nan     2-level   2-level    0.0
all_unique              all_unique G=K          K=64  L_p=2048              76.7       43.3       50.2        nan        tree   2-level   16.0
all_unique              all_unique G=K          K=64  L_p=8192             253.2       95.9       65.3        nan     2-level   2-level    0.0
all_unique              all_unique G=K          K=64  L_p=32768           1018.2      301.4      155.6        nan     2-level   2-level    0.0
all_unique              all_unique G=K          K=64  L_p=65536           2115.3      572.0      272.8        nan     2-level   2-level    0.0
boundary_k              boundary_K              K=17  L_p=2048              40.1       31.2       38.3        nan        tree     paged   28.5
boundary_k              boundary_K              K=17  L_p=8192             120.6       55.2       54.2        nan     2-level   2-level    0.0
boundary_k              boundary_K              K=17  L_p=32768            442.9      159.9      126.7        nan     2-level   2-level    0.0
boundary_k              boundary_K              K=33  L_p=2048              41.8       39.4       50.8        nan        tree   2-level   29.2
boundary_k              boundary_K              K=33  L_p=8192             124.0       94.4       72.4        nan     2-level   2-level    0.0
boundary_k              boundary_K              K=33  L_p=32768            485.2      316.4      208.5        nan     2-level   2-level    0.0
boundary_k              boundary_K              K=48  L_p=2048              72.5       40.7       50.6        nan        tree   2-level   24.3
boundary_k              boundary_K              K=48  L_p=8192             236.8       93.0       63.4        nan     2-level   2-level    0.0
boundary_k              boundary_K              K=48  L_p=32768            899.9      297.9      153.4        nan     2-level   2-level    0.0
boundary_k              boundary_K              K=65  L_p=2048              76.9       60.0       50.8        nan     2-level   2-level    0.0
boundary_k              boundary_K              K=65  L_p=8192             257.2      141.5      100.8        nan     2-level   2-level    0.0
boundary_k              boundary_K              K=65  L_p=32768           1036.1      468.1      308.0        nan     2-level   2-level    0.0
boundary_k              boundary_K              K=80  L_p=2048             104.9       60.4       51.6        nan     2-level   2-level    0.0
boundary_k              boundary_K              K=80  L_p=8192             356.4      136.5       88.1        nan     2-level   2-level    0.0
boundary_k              boundary_K              K=80  L_p=32768           1427.4      438.8      232.0        nan     2-level   2-level    0.0
boundary_k              boundary_K              K=96  L_p=2048             110.0       67.6       51.2        nan     2-level   2-level    0.0
boundary_k              boundary_K              K=96  L_p=8192             376.0      139.4       90.0        nan     2-level   2-level    0.0
boundary_k              boundary_K              K=96  L_p=32768           1569.8      436.7      232.2        nan     2-level   2-level    0.0
boundary_k              boundary_K              K=129 L_p=2048             144.0      117.4       70.9        nan     2-level   2-level    0.0
boundary_k              boundary_K              K=129 L_p=8192             504.6      265.0      158.5        nan     2-level   2-level    0.0
boundary_k              boundary_K              K=129 L_p=32768           2127.8      840.3      496.4        nan     2-level   2-level    0.0

==========================================================================================
category                  n   pick=best   mean_regret   max_regret   mean_speedup_vs_paged
------------------------------------------------------------------------------------------
all_unique               12  6/12              14.22%       59.38%                   3.61×
boundary_k               21  18/21               3.91%       29.19%                   3.09×
high_g_small_inter       24  12/24              10.16%       54.08%                   3.68×
k_one                     4  2/4               13.70%       29.22%                   1.00×
long_prefix_flat         12  6/12              14.02%       60.72%                   3.62×
long_prefix_skewed       12  6/12              13.86%       56.20%                   3.73×
long_prefix_uniform      36  22/36               5.92%       53.57%                   3.71×
short_prefix              9  0/9               23.64%       45.93%                   0.99×
tiny_lp                   6  0/6               14.69%       22.11%                   1.00×

====================================================================================================
Mean speedup of bs_kernel pick vs each baseline kernel, by category:
category                  vs_paged     vs_tree   vs_2level   vs_3level
--------------------------------------------------------------------------------
all_unique                   3.61×       1.25×       1.00×           —
boundary_k                   3.09×       1.40×       1.00×           —
high_g_small_inter           3.68×       1.32×       0.99×       1.03×
k_one                        1.00×       0.90×           —           —
long_prefix_flat             3.62×       1.25×       0.99×           —
long_prefix_skewed           3.73×       1.25×       1.00×           —
long_prefix_uniform          3.71×       1.40×       1.00×       1.23×
short_prefix                 0.99×       0.81×       1.15×           —
tiny_lp                      1.00×       0.87×       1.18×           —

Under-performance (bs_kernel regret > 5%):
  [long_prefix_flat] flat                    K=32  L_p=2048         pick=2-level (50.6us)  best=   tree (31.5us)  regret=60.7%
  [all_unique] all_unique G=K          K=32  L_p=2048         pick=2-level (50.0us)  best=   tree (31.4us)  regret=59.4%
  [long_prefix_skewed] skewed 1+singletons     K=32  L_p=2048         pick=2-level (49.8us)  best=   tree (31.9us)  regret=56.2%
  [high_g_small_inter] high_G G=8  inter=64    K=32  L_p=2048         pick=2-level (49.5us)  best=   tree (32.1us)  regret=54.1%
  [long_prefix_uniform] uniform G=2              K=32  L_p=2048        pick=2-level (49.9us)  best=   tree (32.5us)  regret=53.6%
  [high_g_small_inter] high_G G=16 inter=64    K=32  L_p=2048         pick=2-level (49.3us)  best=   tree (32.4us)  regret=52.1%
  [all_unique] all_unique G=K          K=16  L_p=8192         pick=2-level (47.9us)  best=   tree (31.9us)  regret=50.2%
  [long_prefix_flat] flat                    K=16  L_p=8192         pick=2-level (48.3us)  best=   tree (32.2us)  regret=49.8%
  [long_prefix_skewed] skewed 1+singletons     K=16  L_p=8192         pick=2-level (48.2us)  best=   tree (32.2us)  regret=49.7%
  [short_prefix] short_prefix            K=64  L_p=1024         pick=2-level (50.5us)  best=   tree (34.6us)  regret=45.9%
  [long_prefix_uniform] uniform G=4              K=16  L_p=2048        pick=  paged (41.5us)  best=   tree (31.7us)  regret=31.0%
  [high_g_small_inter] high_G G=8  inter=64    K=16  L_p=2048         pick=  paged (40.8us)  best=   tree (31.2us)  regret=30.6%
  [long_prefix_skewed] skewed 1+singletons     K=16  L_p=2048         pick=  paged (40.6us)  best=   tree (31.2us)  regret=29.9%
  [k_one] k_one                   K=1   L_p=8192         pick=  paged (40.4us)  best=   tree (31.3us)  regret=29.2%
  [long_prefix_uniform] uniform G=2              K=16  L_p=2048        pick=  paged (41.0us)  best=   tree (31.7us)  regret=29.2%
  [boundary_k] boundary_K              K=33  L_p=2048         pick=2-level (50.8us)  best=   tree (39.4us)  regret=29.2%
  [boundary_k] boundary_K              K=17  L_p=2048         pick=  paged (40.1us)  best=   tree (31.2us)  regret=28.5%
  [short_prefix] short_prefix            K=16  L_p=1024         pick=  paged (40.6us)  best=   tree (31.6us)  regret=28.3%
  [all_unique] all_unique G=K          K=16  L_p=2048         pick=  paged (40.7us)  best=   tree (31.8us)  regret=27.9%
  [high_g_small_inter] high_G G=4  inter=64    K=16  L_p=2048         pick=  paged (41.1us)  best=   tree (32.2us)  regret=27.7%
  [long_prefix_uniform] uniform G=8              K=16  L_p=2048        pick=  paged (40.8us)  best=   tree (32.0us)  regret=27.5%
  [long_prefix_flat] flat                    K=16  L_p=2048         pick=  paged (42.1us)  best=   tree (33.0us)  regret=27.5%
  [short_prefix] short_prefix            K=16  L_p=512          pick=  paged (40.1us)  best=   tree (31.6us)  regret=27.1%
  [short_prefix] short_prefix            K=16  L_p=256          pick=  paged (39.6us)  best=   tree (31.4us)  regret=26.4%
  [long_prefix_uniform] uniform G=4              K=32  L_p=2048        pick=2-level (50.0us)  best=   tree (39.5us)  regret=26.3%
  [high_g_small_inter] high_G G=4  inter=64    K=16  L_p=8192         pick=2-level (48.3us)  best=   tree (38.3us)  regret=26.2%
  [k_one] k_one                   K=1   L_p=2048         pick=  paged (37.9us)  best=   tree (30.2us)  regret=25.6%
  [high_g_small_inter] high_G G=8  inter=64    K=16  L_p=8192         pick=2-level (48.8us)  best=   tree (39.0us)  regret=25.1%
  [boundary_k] boundary_K              K=48  L_p=2048         pick=2-level (50.6us)  best=   tree (40.7us)  regret=24.3%
  [tiny_lp] tiny_lp                 K=16  L_p=128          pick=  paged (37.6us)  best=   tree (30.8us)  regret=22.1%
  [short_prefix] short_prefix            K=32  L_p=1024         pick=  paged (37.7us)  best=   tree (31.2us)  regret=20.6%
  [short_prefix] short_prefix            K=32  L_p=512          pick=  paged (37.3us)  best=   tree (31.1us)  regret=20.1%
  [short_prefix] short_prefix            K=32  L_p=256          pick=  paged (37.4us)  best=   tree (31.3us)  regret=19.3%
  [long_prefix_uniform] uniform G=2              K=16  L_p=8192        pick=2-level (48.3us)  best=   tree (40.7us)  regret=18.9%
  [all_unique] all_unique G=K          K=64  L_p=2048         pick=2-level (50.2us)  best=   tree (43.3us)  regret=16.0%
  [long_prefix_skewed] skewed 1+singletons     K=64  L_p=2048         pick=2-level (50.1us)  best=   tree (43.3us)  regret=15.6%
  [long_prefix_flat] flat                    K=64  L_p=2048         pick=2-level (50.1us)  best=   tree (43.6us)  regret=15.1%
  [tiny_lp] tiny_lp                 K=64  L_p=128          pick=  paged (37.9us)  best=   tree (32.9us)  regret=15.1%
  [tiny_lp] tiny_lp                 K=32  L_p=128          pick=  paged (36.4us)  best=   tree (31.7us)  regret=14.7%
  [tiny_lp] tiny_lp                 K=64  L_p=64           pick=  paged (37.9us)  best=   tree (33.1us)  regret=14.6%
  [short_prefix] short_prefix            K=64  L_p=512          pick=  paged (38.3us)  best=   tree (33.8us)  regret=13.4%
  [tiny_lp] tiny_lp                 K=32  L_p=64           pick=  paged (35.2us)  best=   tree (31.4us)  regret=12.2%
  [short_prefix] short_prefix            K=64  L_p=256          pick=  paged (37.7us)  best=   tree (33.8us)  regret=11.6%
  [all_unique] all_unique G=K          K=16  L_p=32768        pick=2-level (102.1us)  best=   tree (91.6us)  regret=11.5%
  [long_prefix_skewed] skewed 1+singletons     K=16  L_p=32768        pick=2-level (102.7us)  best=   tree (92.6us)  regret=10.9%
  [long_prefix_uniform] uniform G=4              K=16  L_p=8192        pick=2-level (48.8us)  best=   tree (44.2us)  regret=10.5%
  [high_g_small_inter] high_G G=8  inter=64    K=16  L_p=32768        pick=2-level (103.0us)  best=   tree (93.2us)  regret=10.5%
  [long_prefix_flat] flat                    K=16  L_p=32768        pick=2-level (102.3us)  best=   tree (92.9us)  regret=10.1%
  [tiny_lp] tiny_lp                 K=16  L_p=64           pick=  paged (34.1us)  best=   tree (31.2us)  regret=9.5%
  [high_g_small_inter] high_G G=4  inter=64    K=16  L_p=32768        pick=2-level (101.9us)  best=   tree (93.1us)  regret=9.5%
  [all_unique] all_unique G=K          K=16  L_p=65536        pick=2-level (170.5us)  best=   tree (161.6us)  regret=5.5%
  [long_prefix_flat] flat                    K=16  L_p=65536        pick=2-level (170.1us)  best=   tree (161.9us)  regret=5.1%

====================================================================================================
CTA_Q padding sensitivity (boundary_k shapes — K just above tile boundaries):
  shape                                         T=16      T=64     T=128    best_T   pick_T   reg%
----------------------------------------------------------------------------------------------------
  boundary_K              K=17  L_p=2048        38.3      38.7      38.5        16    paged    nan
  boundary_K              K=17  L_p=8192        54.5      46.2      42.0       128       64    9.8
  boundary_K              K=17  L_p=32768      125.0      89.3     115.4        64       64    0.0
  boundary_K              K=33  L_p=2048        38.6      38.6      38.3       128       64    0.9
  boundary_K              K=33  L_p=8192        67.5      55.4      69.4        64       64    0.0
  boundary_K              K=33  L_p=32768      194.0     143.0     214.3        64       64    0.0
  boundary_K              K=48  L_p=2048        46.4      38.4      38.8        64       64    0.0
  boundary_K              K=48  L_p=8192        84.8      57.5      73.9        64       64    0.0
  boundary_K              K=48  L_p=32768      224.1     147.8     216.5        64       64    0.0
  boundary_K              K=65  L_p=2048        54.3      43.3      47.5        64       64    0.0
  boundary_K              K=65  L_p=8192       101.7      78.2     105.2        64       64    0.0
  boundary_K              K=65  L_p=32768      305.2     219.8     334.6        64       64    0.0
  boundary_K              K=80  L_p=2048        61.8      47.7      51.5        64       64    0.0
  boundary_K              K=80  L_p=8192       114.6      88.0     109.7        64       64    0.0
  boundary_K              K=80  L_p=32768      363.1     228.9     336.1        64       64    0.0
  boundary_K              K=96  L_p=2048        72.2      53.7      53.7        64       64    0.0
  boundary_K              K=96  L_p=8192       132.3     105.2     108.8        64       64    0.0
  boundary_K              K=96  L_p=32768      417.2     247.4     337.1        64       64    0.0
  boundary_K              K=129 L_p=2048        81.5      68.8      70.8        64       64    0.0
  boundary_K              K=129 L_p=8192       171.8     140.2     167.7        64       64    0.0
  boundary_K              K=129 L_p=32768      547.5     370.9     542.4        64       64    0.0

wrote 136 rows to benchmarks/bs_kernel/results/run-NVIDIA_H100_80GB_HBM3-20260506-190715/06-tree-shapes.csv
