================================================================================
Testing BeamState.get_cascade_input() with cascade.md example
================================================================================

Created tree with 8 candidates
Root: TrieNode(tokens=[1, 2, 3, 4], page_id=0, children=1)

Number of cascade levels: 3

================================================================================
RESULTS:
================================================================================

--- Level 0 ---
qo_indptr:             [0, 8]
Expected qo_indptr:    [0, 8]
Traceback (most recent call last):
  File "C:\Users\brian\Desktop\programming\beam_engine\test_cascade.py", line 216, in <module>
    test_cascade_input()
    ~~~~~~~~~~~~~~~~~~^^
  File "C:\Users\brian\Desktop\programming\beam_engine\test_cascade.py", line 189, in test_cascade_input
    print(f"Match: {'\u2713' if qo_match else '\u2717'}")
    ~~~~~^^^^^^^^^^^^^^^^^^^^^^^^^^^^^^^^^^^^^^
UnicodeEncodeError: 'cp950' codec can't encode character '\u2713' in position 7: illegal multibyte sequence
