=== kernel profile bsk_2l_dt vs mlca (1B FA2) 2026-05-24T16:13:08+08:00 ===
===== profiling bsk_2l_dt =====
===== profiling mlca =====
===== analysis: top attention kernels by total time =====

=== bsk_2l_dt: top kernels by total GPU time ===
  5796.113 ms  x  48  grid=[5000, 6144, 80000]  void flashinfer::BatchPrefillWithPagedKVCacheKernel<flashinfer::KernelTraits<(
   571.831 ms  x  80  grid=[132]  nvjet_tst_192x192_64x4_2x1_v_bz_coopB_TNN
   247.301 ms  x  48  grid=[132]  nvjet_tst_192x192_64x4_1x2_h_bz_coopB_TNN
    91.743 ms  x  96  grid=[256, 20000, 20480, 320000]  void flashinfer::activation::act_and_mul_kernel<__nv_bfloat16, &silu>(T1 *, co
    62.906 ms  x 192  grid=[64, 5000, 5120, 80000]  kernel_cutlass_kernel_flashinfernormkernelsfused_add_rmsnormFusedAddRMSNormKer
    56.810 ms  x  68  grid=[128, 132]  nvjet_tst_256x128_64x4_1x2_h_bz_coopA_TNT
    45.585 ms  x  48  grid=[1024]  void flashinfer::FusedBatchPrefillMultiLevelKernel<(unsigned int)4, flashinfer
    33.951 ms  x  32  grid=[132]  nvjet_tst_256x160_64x4_2x1_v_bz_coopA_TNT
    23.548 ms  x  96  grid=[16, 1250, 1280, 20000]  void flashinfer::BatchQKApplyRotaryPosIdsKernel<(bool)0, (unsigned int)64, (un
    14.981 ms  x  16  grid=[132]  nvjet_tst_256x160_64x4_1x2_h_bz_coopA_TNT

=== mlca: top kernels by total GPU time ===
  5789.639 ms  x  48  grid=[5000, 6144, 80000]  void flashinfer::BatchPrefillWithPagedKVCacheKernel<flashinfer::KernelTraits<(
   572.238 ms  x  80  grid=[132]  nvjet_tst_192x192_64x4_2x1_v_bz_coopB_TNN
   247.134 ms  x  48  grid=[132]  nvjet_tst_192x192_64x4_1x2_h_bz_coopB_TNN
    91.739 ms  x  96  grid=[256, 20000, 20480, 320000]  void flashinfer::activation::act_and_mul_kernel<__nv_bfloat16, &silu>(T1 *, co
    62.903 ms  x 192  grid=[64, 5000, 5120, 80000]  kernel_cutlass_kernel_flashinfernormkernelsfused_add_rmsnormFusedAddRMSNormKer
    56.636 ms  x  68  grid=[128, 132]  nvjet_tst_256x128_64x4_1x2_h_bz_coopA_TNT
    33.898 ms  x  32  grid=[132]  nvjet_tst_256x160_64x4_2x1_v_bz_coopA_TNT
    23.565 ms  x  96  grid=[16, 1250, 1280, 20000]  void flashinfer::BatchQKApplyRotaryPosIdsKernel<(bool)0, (unsigned int)64, (un
    22.795 ms  x  48  grid=[256]  void flashinfer::BatchPrefillWithPagedKVCacheKernel<flashinfer::KernelTraits<(
    15.001 ms  x  16  grid=[132]  nvjet_tst_256x160_64x4_1x2_h_bz_coopA_TNT
Done. benchmarks/bs_kernel/results/prof_2ldt_vs_mlca-20260524-161308
