/home/u4320956/beam_engine-v3/.venv/lib/python3.11/site-packages/tvm_ffi/_optional_torch_c_dlpack.py:181: UserWarning: Failed to JIT torch c dlpack extension, EnvTensorAllocator will not be enabled.
We recommend installing via `pip install torch-c-dlpack-ext`
  warnings.warn(
Loading tokenizer + model...
Fetching 11 files:   0%|          | 0/11 [00:00<?, ?it/s]Fetching 11 files: 100%|██████████| 11/11 [00:00<00:00, 99433.93it/s]
grid: 3 workloads × 4 runs each

=== K=16 L_p=8192 max_new=16 ===
  forced per_beam               median decode =  12.84 ms
  forced shared_2l_1pool        median decode =  11.79 ms
  forced shared_2l_2pool        median decode =  11.60 ms
  model picks shared_2l_1pool  (t_model=11.79ms)
  oracle      shared_2l_2pool        (t_oracle=11.60ms)
  regret      +1.7%

=== K=32 L_p=8192 max_new=16 ===
  forced per_beam               median decode =  16.81 ms
  forced shared_2l_1pool        median decode =  13.97 ms
  forced shared_2l_2pool        median decode =  13.95 ms
  model picks shared_2l_1pool  (t_model=13.97ms)
  oracle      shared_2l_2pool        (t_oracle=13.95ms)
  regret      +0.2%

=== K=64 L_p=8192 max_new=16 ===
  forced per_beam               median decode =  27.04 ms
  forced shared_2l_1pool        median decode =  20.01 ms
  forced shared_2l_2pool        median decode =  19.94 ms
  model picks shared_2l_1pool  (t_model=20.01ms)
  oracle      shared_2l_2pool        (t_oracle=19.94ms)
  regret      +0.4%

============================================================
Regret distribution:
  mean  = +0.73%
  p50   = +0.39%
  p90   = +1.65%
  p99   = +1.65%
  max   = +1.65%

wrote 3 rows to benchmarks/bs_kernel/results/run-NVIDIA_H100_80GB_HBM3-20260506-192616/05-oracle-vs-model.csv
