/home/u4320956/beam_engine-v3/.venv/lib/python3.11/site-packages/tvm_ffi/_optional_torch_c_dlpack.py:181: UserWarning: Failed to JIT torch c dlpack extension, EnvTensorAllocator will not be enabled.
We recommend installing via `pip install torch-c-dlpack-ext`
  warnings.warn(
benchmarking 136 tree shapes

category                shape                                              paged       tree     2level     3level        best      pick   reg%
--------------------------------------------------------------------------------------------------------------------------------------------
long_prefix_flat        flat                    K=16  L_p=2048              44.4       33.4       40.6        nan        tree     paged   32.8
long_prefix_flat        flat                    K=16  L_p=8192              72.8       32.5       48.5        nan        tree   2-level   49.3
long_prefix_flat        flat                    K=16  L_p=32768            240.9       93.0      102.9        nan        tree   2-level   10.6
long_prefix_flat        flat                    K=16  L_p=65536            507.9      162.0      169.9        nan        tree   2-level    4.9
long_prefix_flat        flat                    K=32  L_p=2048              42.1       32.3       51.6        nan        tree   2-level   59.6
long_prefix_flat        flat                    K=32  L_p=8192             126.8       56.8       51.8        nan     2-level   2-level    0.0
long_prefix_flat        flat                    K=32  L_p=32768            493.9      155.1       92.1        nan     2-level   2-level    0.0
long_prefix_flat        flat                    K=32  L_p=65536           1078.1      292.0      153.4        nan     2-level   2-level    0.0
long_prefix_flat        flat                    K=64  L_p=2048              76.6       43.4       51.9        nan        tree   2-level   19.6
long_prefix_flat        flat                    K=64  L_p=8192             254.6       96.1       65.2        nan     2-level   2-level    0.0
long_prefix_flat        flat                    K=64  L_p=32768           1027.5      302.2      154.0        nan     2-level   2-level    0.0
long_prefix_flat        flat                    K=64  L_p=65536           2117.7      572.0      273.1        nan     2-level   2-level    0.0
long_prefix_uniform     uniform G=2              K=16  L_p=2048             42.5       32.5       39.6       39.5        tree     paged   30.9
long_prefix_uniform     uniform G=4              K=16  L_p=2048             41.8       32.6       39.6       39.7        tree     paged   28.3
long_prefix_uniform     uniform G=8              K=16  L_p=2048             41.6       32.4       39.5       40.1        tree     paged   28.3
long_prefix_uniform     uniform G=2              K=16  L_p=8192             75.9       40.7       48.4       50.5        tree   2-level   19.2
long_prefix_uniform     uniform G=4              K=16  L_p=8192             77.5       44.3       48.7       52.6        tree   2-level   10.1
long_prefix_uniform     uniform G=8              K=16  L_p=8192             76.2       47.4       48.4       54.6        tree   2-level    2.1
long_prefix_uniform     uniform G=2              K=16  L_p=32768           246.1       98.6      102.6      105.0        tree   2-level    4.1
long_prefix_uniform     uniform G=4              K=16  L_p=32768           246.5       99.9      102.0      104.3        tree   2-level    2.1
long_prefix_uniform     uniform G=8              K=16  L_p=32768           246.2      102.0      102.8      107.4        tree   2-level    0.9
long_prefix_uniform     uniform G=2              K=16  L_p=65536           513.2      165.4      171.5      172.3        tree   2-level    3.7
long_prefix_uniform     uniform G=4              K=16  L_p=65536           479.5      170.5      172.0      173.6        tree   2-level    0.9
long_prefix_uniform     uniform G=8              K=16  L_p=65536           511.8      173.1      171.3      174.5     2-level   2-level    0.0
long_prefix_uniform     uniform G=2              K=32  L_p=2048             49.2       32.5       50.6       52.0        tree   2-level   55.5
long_prefix_uniform     uniform G=4              K=32  L_p=2048             48.7       39.6       50.8       52.7        tree   2-level   28.2
long_prefix_uniform     uniform G=8              K=32  L_p=2048             48.8       48.6       50.6       52.0        tree   2-level    4.3
long_prefix_uniform     uniform G=2              K=32  L_p=8192            144.4       60.6       51.9       57.0     2-level   2-level    0.0
long_prefix_uniform     uniform G=4              K=32  L_p=8192            144.4       68.1       52.2       78.5     2-level   2-level    0.0
long_prefix_uniform     uniform G=8              K=32  L_p=8192            143.7       76.1       51.8       58.1     2-level   2-level    0.0
long_prefix_uniform     uniform G=2              K=32  L_p=32768           506.9      164.5       93.0      105.2     2-level   2-level    0.0
long_prefix_uniform     uniform G=4              K=32  L_p=32768           539.6      164.9       92.6      178.5     2-level   2-level    0.0
long_prefix_uniform     uniform G=8              K=32  L_p=32768           540.0      172.5       92.8      104.0     2-level   2-level    0.0
long_prefix_uniform     uniform G=2              K=32  L_p=65536          1093.5      295.0      154.4      168.0     2-level   2-level    0.0
long_prefix_uniform     uniform G=4              K=32  L_p=65536          1032.5      298.3      152.5      312.9     2-level   2-level    0.0
long_prefix_uniform     uniform G=8              K=32  L_p=65536          1094.7      308.2      152.7      164.2     2-level   2-level    0.0
long_prefix_uniform     uniform G=2              K=64  L_p=2048             91.0       51.8       51.8       51.8     3-level   2-level    0.1
long_prefix_uniform     uniform G=4              K=64  L_p=2048             90.9       61.2       52.0       51.9     3-level   2-level    0.2
long_prefix_uniform     uniform G=8              K=64  L_p=2048             91.2       78.4       52.0       68.3     2-level   2-level    0.0
long_prefix_uniform     uniform G=2              K=64  L_p=8192            268.1      103.7       65.0       83.6     2-level   2-level    0.0
long_prefix_uniform     uniform G=4              K=64  L_p=8192            269.2      112.4       65.1       75.5     2-level   2-level    0.0
long_prefix_uniform     uniform G=8              K=64  L_p=8192            269.6      130.4       65.4      108.6     2-level   2-level    0.0
long_prefix_uniform     uniform G=2              K=64  L_p=32768          1044.9      309.4      154.7      228.3     2-level   2-level    0.0
long_prefix_uniform     uniform G=4              K=64  L_p=32768          1039.0      318.8      154.4      165.9     2-level   2-level    0.0
long_prefix_uniform     uniform G=8              K=64  L_p=32768          1043.9      335.2      154.7      296.4     2-level   2-level    0.0
long_prefix_uniform     uniform G=2              K=64  L_p=65536          2129.6      580.5      273.6      419.9     2-level   2-level    0.0
long_prefix_uniform     uniform G=4              K=64  L_p=65536          2137.0      590.1      273.6      282.3     2-level   2-level    0.0
long_prefix_uniform     uniform G=8              K=64  L_p=65536          2121.5      601.6      271.3      556.8     2-level   2-level    0.0
high_g_small_inter      high_G G=8  inter=64    K=16  L_p=2048              42.0       32.4       39.6       39.0        tree     paged   29.7
high_g_small_inter      high_G G=4  inter=64    K=16  L_p=2048              41.9       33.0       39.9       39.8        tree     paged   27.1
high_g_small_inter      high_G G=8  inter=64    K=16  L_p=8192              75.6       38.8       48.4       49.6        tree   2-level   24.5
high_g_small_inter      high_G G=4  inter=64    K=16  L_p=8192              78.4       37.8       48.3       49.0        tree   2-level   27.7
high_g_small_inter      high_G G=8  inter=64    K=16  L_p=32768            278.0       92.6      102.7      104.8        tree   2-level   10.8
high_g_small_inter      high_G G=4  inter=64    K=16  L_p=32768            266.0       92.7      101.4      103.3        tree   2-level    9.4
high_g_small_inter      high_G G=8  inter=64    K=16  L_p=65536            548.1      163.2      171.2      172.1        tree   2-level    4.9
high_g_small_inter      high_G G=4  inter=64    K=16  L_p=65536            538.7      163.0      170.2      171.6        tree   2-level    4.4
high_g_small_inter      high_G G=16 inter=64    K=32  L_p=2048              41.4       32.4       51.0       51.9        tree   2-level   57.6
high_g_small_inter      high_G G=8  inter=64    K=32  L_p=2048              41.7       32.3       50.9       51.8        tree   2-level   57.6
high_g_small_inter      high_G G=16 inter=64    K=32  L_p=8192             130.5       60.0       52.5       53.8     2-level   2-level    0.0
high_g_small_inter      high_G G=8  inter=64    K=32  L_p=8192             133.7       59.3       52.4       52.3     3-level   2-level    0.2
high_g_small_inter      high_G G=16 inter=64    K=32  L_p=32768            532.0      162.5       92.4      100.4     2-level   2-level    0.0
high_g_small_inter      high_G G=8  inter=64    K=32  L_p=32768            524.4      154.5       92.2       99.0     2-level   2-level    0.0
high_g_small_inter      high_G G=16 inter=64    K=32  L_p=65536           1074.6      293.5      153.8      161.2     2-level   2-level    0.0
high_g_small_inter      high_G G=8  inter=64    K=32  L_p=65536           1072.5      294.4      152.5      159.6     2-level   2-level    0.0
high_g_small_inter      high_G G=32 inter=64    K=64  L_p=2048              76.6       60.7       52.2       52.1     3-level   2-level    0.1
high_g_small_inter      high_G G=16 inter=64    K=64  L_p=2048              76.2       51.7       52.4       52.2        tree   2-level    1.4
high_g_small_inter      high_G G=32 inter=64    K=64  L_p=8192             255.1      112.1       65.3       73.5     2-level   2-level    0.0
high_g_small_inter      high_G G=16 inter=64    K=64  L_p=8192             253.7      103.4       65.0       71.7     2-level   2-level    0.0
high_g_small_inter      high_G G=32 inter=64    K=64  L_p=32768           1035.9      316.7      153.6      161.8     2-level   2-level    0.0
high_g_small_inter      high_G G=16 inter=64    K=64  L_p=32768           1033.0      307.2      153.4      161.3     2-level   2-level    0.0
high_g_small_inter      high_G G=32 inter=64    K=64  L_p=65536           2128.3      585.2      270.2      278.6     2-level   2-level    0.0
high_g_small_inter      high_G G=16 inter=64    K=64  L_p=65536           2128.7      576.3      271.7      278.8     2-level   2-level    0.0
long_prefix_skewed      skewed 1+singletons     K=16  L_p=2048              42.1       32.5       39.8        nan        tree     paged   29.7
long_prefix_skewed      skewed 1+singletons     K=16  L_p=8192              75.5       32.6       48.2        nan        tree   2-level   47.9
long_prefix_skewed      skewed 1+singletons     K=16  L_p=32768            243.0       92.0      103.0        nan        tree   2-level   11.9
long_prefix_skewed      skewed 1+singletons     K=16  L_p=65536            536.3      163.0      169.9        nan        tree   2-level    4.3
long_prefix_skewed      skewed 1+singletons     K=32  L_p=2048              49.3       32.5       50.9        nan        tree   2-level   56.7
long_prefix_skewed      skewed 1+singletons     K=32  L_p=8192             143.3       57.2       52.4        nan     2-level   2-level    0.0
long_prefix_skewed      skewed 1+singletons     K=32  L_p=32768            524.7      155.7       91.9        nan     2-level   2-level    0.0
long_prefix_skewed      skewed 1+singletons     K=32  L_p=65536           1092.5      289.9      152.5        nan     2-level   2-level    0.0
long_prefix_skewed      skewed 1+singletons     K=64  L_p=2048              90.5       43.3       52.2        nan        tree   2-level   20.7
long_prefix_skewed      skewed 1+singletons     K=64  L_p=8192             268.9       95.6       64.5        nan     2-level   2-level    0.0
long_prefix_skewed      skewed 1+singletons     K=64  L_p=32768           1048.7      300.0      153.1        nan     2-level   2-level    0.0
long_prefix_skewed      skewed 1+singletons     K=64  L_p=65536           2117.1      567.5      270.6        nan     2-level   2-level    0.0
short_prefix            short_prefix            K=16  L_p=256               40.7       31.9       35.6        nan        tree     paged   27.4
short_prefix            short_prefix            K=16  L_p=512               41.4       32.0       36.6        nan        tree     paged   29.5
short_prefix            short_prefix            K=16  L_p=1024              42.0       32.4       39.7        nan        tree     paged   29.4
short_prefix            short_prefix            K=32  L_p=256               39.0       32.2       50.2        nan        tree     paged   21.3
short_prefix            short_prefix            K=32  L_p=512               39.2       32.2       52.9        nan        tree     paged   21.6
short_prefix            short_prefix            K=32  L_p=1024              39.1       32.2       48.5        nan        tree     paged   21.5
short_prefix            short_prefix            K=64  L_p=256               39.6       33.5       51.9        nan        tree     paged   18.3
short_prefix            short_prefix            K=64  L_p=512               39.1       33.7       51.8        nan        tree     paged   16.0
short_prefix            short_prefix            K=64  L_p=1024              47.9       34.7       52.3        nan        tree   2-level   50.9
tiny_lp                 tiny_lp                 K=16  L_p=64                35.4       32.3       36.2        nan        tree     paged    9.9
tiny_lp                 tiny_lp                 K=16  L_p=128               39.0       32.0       35.9        nan        tree     paged   21.8
tiny_lp                 tiny_lp                 K=32  L_p=64                35.8       32.5       47.5        nan        tree     paged    9.9
tiny_lp                 tiny_lp                 K=32  L_p=128               37.3       32.3       48.7        nan        tree     paged   15.5
tiny_lp                 tiny_lp                 K=64  L_p=64                39.0       33.7       49.2        nan        tree     paged   15.8
tiny_lp                 tiny_lp                 K=64  L_p=128               39.4       33.8       50.6        nan        tree     paged   16.5
k_one                   k_one                   K=1   L_p=2048              38.9       31.4        nan        nan        tree     paged   24.1
k_one                   k_one                   K=1   L_p=8192              41.7       32.3        nan        nan        tree     paged   29.1
k_one                   k_one                   K=1   L_p=32768             59.2       59.9        nan        nan       paged     paged    0.0
k_one                   k_one                   K=1   L_p=65536            101.3      102.3        nan        nan       paged     paged    0.0
all_unique              all_unique G=K          K=16  L_p=2048              41.3       32.2       40.1        nan        tree     paged   28.3
all_unique              all_unique G=K          K=16  L_p=8192              74.2       32.3       47.9        nan        tree   2-level   48.5
all_unique              all_unique G=K          K=16  L_p=32768            267.3       91.5      102.1        nan        tree   2-level   11.6
all_unique              all_unique G=K          K=16  L_p=65536            472.9      161.9      170.0        nan        tree   2-level    5.0
all_unique              all_unique G=K          K=32  L_p=2048              41.8       32.2       51.6        nan        tree   2-level   60.4
all_unique              all_unique G=K          K=32  L_p=8192             134.2       57.1       52.4        nan     2-level   2-level    0.0
all_unique              all_unique G=K          K=32  L_p=32768            515.5      157.0       93.1        nan     2-level   2-level    0.0
all_unique              all_unique G=K          K=32  L_p=65536           1079.8      292.0      153.1        nan     2-level   2-level    0.0
all_unique              all_unique G=K          K=64  L_p=2048              77.0       43.5       52.3        nan        tree   2-level   20.3
all_unique              all_unique G=K          K=64  L_p=8192             253.7       95.7       64.9        nan     2-level   2-level    0.0
all_unique              all_unique G=K          K=64  L_p=32768           1027.8      301.8      153.3        nan     2-level   2-level    0.0
all_unique              all_unique G=K          K=64  L_p=65536           2131.1      567.5      269.6        nan     2-level   2-level    0.0
boundary_k              boundary_K              K=17  L_p=2048              39.8       32.5       39.7        nan        tree     paged   22.4
boundary_k              boundary_K              K=17  L_p=8192             119.3       55.1       53.7        nan     2-level   2-level    0.0
boundary_k              boundary_K              K=17  L_p=32768            440.4      159.2      125.4        nan     2-level   2-level    0.0
boundary_k              boundary_K              K=33  L_p=2048              41.8       39.2       51.9        nan        tree   2-level   32.7
boundary_k              boundary_K              K=33  L_p=8192             123.7       94.3       71.9        nan     2-level   2-level    0.0
boundary_k              boundary_K              K=33  L_p=32768            510.8      314.7      207.3        nan     2-level   2-level    0.0
boundary_k              boundary_K              K=48  L_p=2048              72.0       40.6       52.1        nan        tree   2-level   28.4
boundary_k              boundary_K              K=48  L_p=8192             235.8       93.0       62.8        nan     2-level   2-level    0.0
boundary_k              boundary_K              K=48  L_p=32768            900.1      295.7      152.3        nan     2-level   2-level    0.0
boundary_k              boundary_K              K=65  L_p=2048              76.4       59.3       52.4        nan     2-level   2-level    0.0
boundary_k              boundary_K              K=65  L_p=8192             258.1      140.6      100.0        nan     2-level   2-level    0.0
boundary_k              boundary_K              K=65  L_p=32768           1035.8      466.0      305.6        nan     2-level   2-level    0.0
boundary_k              boundary_K              K=80  L_p=2048             104.2       59.9       52.1        nan     2-level   2-level    0.0
boundary_k              boundary_K              K=80  L_p=8192             353.7      135.7       86.7        nan     2-level   2-level    0.0
boundary_k              boundary_K              K=80  L_p=32768           1431.1      432.8      230.3        nan     2-level   2-level    0.0
boundary_k              boundary_K              K=96  L_p=2048             109.6       67.5       51.9        nan     2-level   2-level    0.0
boundary_k              boundary_K              K=96  L_p=8192             376.1      138.3       89.4        nan     2-level   2-level    0.0
boundary_k              boundary_K              K=96  L_p=32768           1563.8      435.2      231.0        nan     2-level   2-level    0.0
boundary_k              boundary_K              K=129 L_p=2048             143.4      117.8       69.3        nan     2-level   2-level    0.0
boundary_k              boundary_K              K=129 L_p=8192             505.1      262.2      157.8        nan     2-level   2-level    0.0
boundary_k              boundary_K              K=129 L_p=32768           2123.3      832.9      486.9        nan     2-level   2-level    0.0

==========================================================================================
category                  n   pick=best   mean_regret   max_regret   mean_speedup_vs_paged
------------------------------------------------------------------------------------------
all_unique               12  6/12              14.50%       60.42%                   3.66×
boundary_k               21  18/21               3.98%       32.65%                   3.11×
high_g_small_inter       24  11/24              10.64%       57.60%                   3.71×
k_one                     4  2/4               13.30%       29.09%                   1.00×
long_prefix_flat         12  6/12              14.74%       59.58%                   3.61×
long_prefix_skewed       12  6/12              14.26%       56.67%                   3.77×
long_prefix_uniform      36  20/36               6.08%       55.51%                   3.73×
short_prefix              9  0/9               26.21%       50.88%                   0.99×
tiny_lp                   6  0/6               14.88%       21.81%                   1.00×

====================================================================================================
Mean speedup of bs_kernel pick vs each baseline kernel, by category:
category                  vs_paged     vs_tree   vs_2level   vs_3level
--------------------------------------------------------------------------------
all_unique                   3.66×       1.25×       1.00×           —
boundary_k                   3.11×       1.40×       1.00×           —
high_g_small_inter           3.71×       1.31×       1.00×       1.03×
k_one                        1.00×       0.90×           —           —
long_prefix_flat             3.61×       1.25×       0.99×           —
long_prefix_skewed           3.77×       1.25×       1.00×           —
long_prefix_uniform          3.73×       1.40×       1.00×       1.22×
short_prefix                 0.99×       0.80×       1.14×           —
tiny_lp                      1.00×       0.87×       1.19×           —

Under-performance (bs_kernel regret > 5%):
  [all_unique] all_unique G=K          K=32  L_p=2048         pick=2-level (51.6us)  best=   tree (32.2us)  regret=60.4%
  [long_prefix_flat] flat                    K=32  L_p=2048         pick=2-level (51.6us)  best=   tree (32.3us)  regret=59.6%
  [high_g_small_inter] high_G G=8  inter=64    K=32  L_p=2048         pick=2-level (50.9us)  best=   tree (32.3us)  regret=57.6%
  [high_g_small_inter] high_G G=16 inter=64    K=32  L_p=2048         pick=2-level (51.0us)  best=   tree (32.4us)  regret=57.6%
  [long_prefix_skewed] skewed 1+singletons     K=32  L_p=2048         pick=2-level (50.9us)  best=   tree (32.5us)  regret=56.7%
  [long_prefix_uniform] uniform G=2              K=32  L_p=2048        pick=2-level (50.6us)  best=   tree (32.5us)  regret=55.5%
  [short_prefix] short_prefix            K=64  L_p=1024         pick=2-level (52.3us)  best=   tree (34.7us)  regret=50.9%
  [long_prefix_flat] flat                    K=16  L_p=8192         pick=2-level (48.5us)  best=   tree (32.5us)  regret=49.3%
  [all_unique] all_unique G=K          K=16  L_p=8192         pick=2-level (47.9us)  best=   tree (32.3us)  regret=48.5%
  [long_prefix_skewed] skewed 1+singletons     K=16  L_p=8192         pick=2-level (48.2us)  best=   tree (32.6us)  regret=47.9%
  [long_prefix_flat] flat                    K=16  L_p=2048         pick=  paged (44.4us)  best=   tree (33.4us)  regret=32.8%
  [boundary_k] boundary_K              K=33  L_p=2048         pick=2-level (51.9us)  best=   tree (39.2us)  regret=32.7%
  [long_prefix_uniform] uniform G=2              K=16  L_p=2048        pick=  paged (42.5us)  best=   tree (32.5us)  regret=30.9%
  [long_prefix_skewed] skewed 1+singletons     K=16  L_p=2048         pick=  paged (42.1us)  best=   tree (32.5us)  regret=29.7%
  [high_g_small_inter] high_G G=8  inter=64    K=16  L_p=2048         pick=  paged (42.0us)  best=   tree (32.4us)  regret=29.7%
  [short_prefix] short_prefix            K=16  L_p=512          pick=  paged (41.4us)  best=   tree (32.0us)  regret=29.5%
  [short_prefix] short_prefix            K=16  L_p=1024         pick=  paged (42.0us)  best=   tree (32.4us)  regret=29.4%
  [k_one] k_one                   K=1   L_p=8192         pick=  paged (41.7us)  best=   tree (32.3us)  regret=29.1%
  [boundary_k] boundary_K              K=48  L_p=2048         pick=2-level (52.1us)  best=   tree (40.6us)  regret=28.4%
  [long_prefix_uniform] uniform G=4              K=16  L_p=2048        pick=  paged (41.8us)  best=   tree (32.6us)  regret=28.3%
  [long_prefix_uniform] uniform G=8              K=16  L_p=2048        pick=  paged (41.6us)  best=   tree (32.4us)  regret=28.3%
  [all_unique] all_unique G=K          K=16  L_p=2048         pick=  paged (41.3us)  best=   tree (32.2us)  regret=28.3%
  [long_prefix_uniform] uniform G=4              K=32  L_p=2048        pick=2-level (50.8us)  best=   tree (39.6us)  regret=28.2%
  [high_g_small_inter] high_G G=4  inter=64    K=16  L_p=8192         pick=2-level (48.3us)  best=   tree (37.8us)  regret=27.7%
  [short_prefix] short_prefix            K=16  L_p=256          pick=  paged (40.7us)  best=   tree (31.9us)  regret=27.4%
  [high_g_small_inter] high_G G=4  inter=64    K=16  L_p=2048         pick=  paged (41.9us)  best=   tree (33.0us)  regret=27.1%
  [high_g_small_inter] high_G G=8  inter=64    K=16  L_p=8192         pick=2-level (48.4us)  best=   tree (38.8us)  regret=24.5%
  [k_one] k_one                   K=1   L_p=2048         pick=  paged (38.9us)  best=   tree (31.4us)  regret=24.1%
  [boundary_k] boundary_K              K=17  L_p=2048         pick=  paged (39.8us)  best=   tree (32.5us)  regret=22.4%
  [tiny_lp] tiny_lp                 K=16  L_p=128          pick=  paged (39.0us)  best=   tree (32.0us)  regret=21.8%
  [short_prefix] short_prefix            K=32  L_p=512          pick=  paged (39.2us)  best=   tree (32.2us)  regret=21.6%
  [short_prefix] short_prefix            K=32  L_p=1024         pick=  paged (39.1us)  best=   tree (32.2us)  regret=21.5%
  [short_prefix] short_prefix            K=32  L_p=256          pick=  paged (39.0us)  best=   tree (32.2us)  regret=21.3%
  [long_prefix_skewed] skewed 1+singletons     K=64  L_p=2048         pick=2-level (52.2us)  best=   tree (43.3us)  regret=20.7%
  [all_unique] all_unique G=K          K=64  L_p=2048         pick=2-level (52.3us)  best=   tree (43.5us)  regret=20.3%
  [long_prefix_flat] flat                    K=64  L_p=2048         pick=2-level (51.9us)  best=   tree (43.4us)  regret=19.6%
  [long_prefix_uniform] uniform G=2              K=16  L_p=8192        pick=2-level (48.4us)  best=   tree (40.7us)  regret=19.2%
  [short_prefix] short_prefix            K=64  L_p=256          pick=  paged (39.6us)  best=   tree (33.5us)  regret=18.3%
  [tiny_lp] tiny_lp                 K=64  L_p=128          pick=  paged (39.4us)  best=   tree (33.8us)  regret=16.5%
  [short_prefix] short_prefix            K=64  L_p=512          pick=  paged (39.1us)  best=   tree (33.7us)  regret=16.0%
  [tiny_lp] tiny_lp                 K=64  L_p=64           pick=  paged (39.0us)  best=   tree (33.7us)  regret=15.8%
  [tiny_lp] tiny_lp                 K=32  L_p=128          pick=  paged (37.3us)  best=   tree (32.3us)  regret=15.5%
  [long_prefix_skewed] skewed 1+singletons     K=16  L_p=32768        pick=2-level (103.0us)  best=   tree (92.0us)  regret=11.9%
  [all_unique] all_unique G=K          K=16  L_p=32768        pick=2-level (102.1us)  best=   tree (91.5us)  regret=11.6%
  [high_g_small_inter] high_G G=8  inter=64    K=16  L_p=32768        pick=2-level (102.7us)  best=   tree (92.6us)  regret=10.8%
  [long_prefix_flat] flat                    K=16  L_p=32768        pick=2-level (102.9us)  best=   tree (93.0us)  regret=10.6%
  [long_prefix_uniform] uniform G=4              K=16  L_p=8192        pick=2-level (48.7us)  best=   tree (44.3us)  regret=10.1%
  [tiny_lp] tiny_lp                 K=32  L_p=64           pick=  paged (35.8us)  best=   tree (32.5us)  regret=9.9%
  [tiny_lp] tiny_lp                 K=16  L_p=64           pick=  paged (35.4us)  best=   tree (32.3us)  regret=9.9%
  [high_g_small_inter] high_G G=4  inter=64    K=16  L_p=32768        pick=2-level (101.4us)  best=   tree (92.7us)  regret=9.4%
  [all_unique] all_unique G=K          K=16  L_p=65536        pick=2-level (170.0us)  best=   tree (161.9us)  regret=5.0%

====================================================================================================
CTA_Q padding sensitivity (boundary_k shapes — K just above tile boundaries):
  shape                                         T=16      T=64     T=128    best_T   pick_T   reg%
----------------------------------------------------------------------------------------------------
  boundary_K              K=17  L_p=2048        40.1      39.8      39.6       128    paged    nan
  boundary_K              K=17  L_p=8192        53.6      45.5      41.2       128       64   10.6
  boundary_K              K=17  L_p=32768      123.3      87.3     113.4        64       64    0.0
  boundary_K              K=33  L_p=2048        39.3      40.3      40.0        16       64    2.5
  boundary_K              K=33  L_p=8192        66.4      54.1      68.2        64       64    0.0
  boundary_K              K=33  L_p=32768      193.2     139.2     213.2        64       64    0.0
  boundary_K              K=48  L_p=2048        46.1      39.9      39.5       128       64    1.0
  boundary_K              K=48  L_p=8192        85.1      56.1      72.7        64       64    0.0
  boundary_K              K=48  L_p=32768      223.8     146.1     214.7        64       64    0.0
  boundary_K              K=65  L_p=2048        53.8      42.8      46.4        64       64    0.0
  boundary_K              K=65  L_p=8192       100.7      78.0     104.3        64       64    0.0
  boundary_K              K=65  L_p=32768      303.7     216.3     330.1        64       64    0.0
  boundary_K              K=80  L_p=2048        61.2      47.1      51.2        64       64    0.0
  boundary_K              K=80  L_p=8192       114.4      87.4     108.6        64       64    0.0
  boundary_K              K=80  L_p=32768      363.5     226.3     333.9        64       64    0.0
  boundary_K              K=96  L_p=2048        70.8      53.3      52.8       128       64    1.0
  boundary_K              K=96  L_p=8192       131.9     104.9     108.3        64       64    0.0
  boundary_K              K=96  L_p=32768      415.5     247.1     335.5        64       64    0.0
  boundary_K              K=129 L_p=2048        80.9      68.0      70.0        64       64    0.0
  boundary_K              K=129 L_p=8192       171.4     139.9     166.0        64       64    0.0
  boundary_K              K=129 L_p=32768      551.8     368.9     538.0        64       64    0.0

wrote 136 rows to benchmarks/bs_kernel/results/run-NVIDIA_H100_80GB_HBM3-20260506-192616/06-tree-shapes.csv
