=== beam-search plan trace 1B started 2026-05-15T00:09:50+08:00 ===
config: L_p=8192 K=32 B=32 max_new=256

--- bs_kernel (BS_KERNEL_TRACE_PLAN=1) ---
/home/u4320956/beam_engine-v3/.venv/lib/python3.11/site-packages/tvm_ffi/_optional_torch_c_dlpack.py:181: UserWarning: Failed to JIT torch c dlpack extension, EnvTensorAllocator will not be enabled.
We recommend installing via `pip install torch-c-dlpack-ext`
  warnings.warn(
grid: 1 (K,L_p,B) cells × 1 methods = 1 runs
methods: ['bs_kernel']
max_new: 256
Loading tokenizer + model...
Fetching 7 files:   0%|          | 0/7 [00:00<?, ?it/s]Fetching 7 files: 100%|██████████| 7/7 [00:00<00:00, 15010.29it/s]
Model loaded.

  bs_kernel             K=32  L_p=8192   B=32 
[bs_kernel plan-trace] 255 steps (PER_BEAM: 0, DEC_TAIL: 0, SHARED: 255)

  -- SHARED path (255 steps) --
  strategy mix: {'SHARED_2L_1POOL': 16, 'SHARED_3L_1POOL': 239}
  level-0 pack cache hits: 252/255 (98.8%)   plan_info cache hits: 223/255 (87.5%)
  phase                        mean     median        p90        p99        total
  decomp_ms                   9.226      9.304      9.640     10.040      2352.67
  pick_ms                     0.574      0.552      0.782      0.972       146.36
  shared_pack_ms              0.974      0.987      1.215      1.332       248.45
  shared_plan_ms              0.431      0.088      1.642      1.991       109.80
  shared_write_ms             0.286      0.287      0.306      0.321        72.87
prefill= 2077.6ms  decode_total= 8455.8ms  per_pt_token=  1.04ms  ( 11.0s wall)

wrote 1 rows to benchmarks/bs_kernel/results/bs_trace_1b-20260515-000950/bsk.csv
[W515 00:10:09.362106664 AllocatorConfig.cpp:28] Warning: PYTORCH_CUDA_ALLOC_CONF is deprecated, use PYTORCH_ALLOC_CONF instead (function operator())
--- fasttree (FT_TRACE_PLAN=1) ---
/home/u4320956/beam_engine-v3/.venv/lib/python3.11/site-packages/tvm_ffi/_optional_torch_c_dlpack.py:181: UserWarning: Failed to JIT torch c dlpack extension, EnvTensorAllocator will not be enabled.
We recommend installing via `pip install torch-c-dlpack-ext`
  warnings.warn(
grid: 1 (K,L_p,B) cells × 1 methods = 1 runs
methods: ['fasttree']
max_new: 256
Loading tokenizer + model...
Fetching 7 files:   0%|          | 0/7 [00:00<?, ?it/s]Fetching 7 files: 100%|██████████| 7/7 [00:00<00:00, 23677.52it/s]
Model loaded.

  fasttree              K=32  L_p=8192   B=32 
[fasttree plan-trace] 255 steps
  tree nodes per step: mean=1178.2 min=1057 max=1377
  phase                mean     median        p90        p99        total
  gather_ms           0.031      0.031      0.034      0.041         8.00
  radix_ms            5.366      2.616      3.549     94.844      1368.45
  partial_ms          0.164      0.167      0.184      0.202        41.90
  slots_ms            3.953      3.952      4.273      4.498      1008.00
  meta_ms             5.287      2.680      9.216     10.258      1348.08
  write_ms            0.289      0.293      0.308      0.326        73.72
prefill= 2070.1ms  decode_total=11485.1ms  per_pt_token=  1.41ms  ( 14.0s wall)

wrote 1 rows to benchmarks/bs_kernel/results/bs_trace_1b-20260515-000950/ft.csv
[W515 00:10:32.983155902 AllocatorConfig.cpp:28] Warning: PYTORCH_CUDA_ALLOC_CONF is deprecated, use PYTORCH_ALLOC_CONF instead (function operator())
Done. Results: benchmarks/bs_kernel/results/bs_trace_1b-20260515-000950
