/home/u4320956/beam_engine-v3/.venv/lib/python3.11/site-packages/tvm_ffi/_optional_torch_c_dlpack.py:181: UserWarning: Failed to JIT torch c dlpack extension, EnvTensorAllocator will not be enabled.
We recommend installing via `pip install torch-c-dlpack-ext`
  warnings.warn(
K=16 L_p=30000 B=8 max_new=256
methods: ['fasttree', 'bs_kernel']

Loading model...
Fetching 7 files:   0%|          | 0/7 [00:00<?, ?it/s]Fetching 7 files: 100%|██████████| 7/7 [00:00<00:00, 72494.14it/s]
Model loaded.


[fasttree plan-trace] 255 steps
  tree nodes per step: mean=194.7 min=137 max=225
  phase                mean     median        p90        p99        total
  gather_ms           0.006      0.006      0.006      0.007         1.45
  radix_ms            0.438      0.437      0.558      0.652       111.64
  partial_ms          0.022      0.022      0.023      0.027         5.63
  slots_ms            1.064      1.076      1.142      1.171       271.24
  meta_ms             2.337      2.358      2.548      2.594       595.83
  write_ms            0.075      0.075      0.079      0.086        19.21
=== method=fasttree  (255 decode steps, 6.4s wall, per_pt_token=1.641 ms) ===
  total_decode = 3347.0 ms  (13.13 ms/step)
  phase       mean(ms)    median(ms)  total(ms)     %       
  cow         0.168       0.047       42.7          1.3     
  plan        4.156       4.199       1059.9        31.7    
  forward     7.970       6.076       2032.4        60.7    
  topk        0.691       0.506       176.2         5.3     
  fork        0.128       0.040       32.5          1.0     


[bs_kernel plan-trace] 255 steps (PER_BEAM: 0, DEC_TAIL: 0, SHARED: 255)

  -- SHARED path (255 steps) --
  strategy mix: {'SHARED_2L_1POOL': 16, 'SHARED_3L_1POOL': 239}
  level-0 pack cache hits: 253/255 (99.2%)   plan_info cache hits: 0/255 (0.0%)
  phase                        mean     median        p90        p99        total
  decomp_ms                   2.290      2.246      2.313      2.479       584.06
  pick_ms                     0.169      0.167      0.199      0.230        43.04
  shared_pack_ms              0.298      0.293      0.330      0.372        75.89
  shared_plan_ms              1.485      0.948      0.974      1.010       378.58
  shared_write_ms             0.075      0.075      0.078      0.083        19.21
=== method=bs_kernel  (255 decode steps, 5.4s wall, per_pt_token=1.625 ms) ===
  total_decode = 3315.0 ms  (13.00 ms/step)
  phase       mean(ms)    median(ms)  total(ms)     %       
  cow         0.160       0.046       40.8          1.2     
  plan        4.471       3.885       1140.0        34.4    
  forward     7.435       7.421       1895.8        57.2    
  topk        0.801       0.821       204.3         6.2     
  fork        0.121       0.039       30.8          0.9     

[W512 23:17:16.801203567 AllocatorConfig.cpp:28] Warning: PYTORCH_CUDA_ALLOC_CONF is deprecated, use PYTORCH_ALLOC_CONF instead (function operator())
