/home/u4320956/beam_engine-v3/.venv/lib/python3.11/site-packages/tvm_ffi/_optional_torch_c_dlpack.py:181: UserWarning: Failed to JIT torch c dlpack extension, EnvTensorAllocator will not be enabled.
We recommend installing via `pip install torch-c-dlpack-ext`
  warnings.warn(
grid: 12 (K,L_p,B) cells × 6 methods = 72 runs
methods: ['paged', 'tree', 'fasttree', 'mlca', 'adaptive_pool', 'bs_kernel']
max_new: 16
Loading tokenizer + model...
Fetching 11 files:   0%|          | 0/11 [00:00<?, ?it/s]Fetching 11 files: 100%|██████████| 11/11 [00:00<00:00, 56471.66it/s]
Model loaded.

  paged          K=16  L_p=8192   B=1  prefill= 1141.9ms  decode_total=  283.4ms  per_pt_token= 18.89ms  (  1.5s wall)
  tree           K=16  L_p=8192   B=1  prefill=  231.4ms  decode_total=  305.5ms  per_pt_token= 20.37ms  (  0.5s wall)
  fasttree       K=16  L_p=8192   B=1  prefill=  233.4ms  decode_total=  697.9ms  per_pt_token= 46.53ms  (  0.9s wall)
  mlca           K=16  L_p=8192   B=1  prefill=  235.5ms  decode_total=  211.3ms  per_pt_token= 14.09ms  (  0.5s wall)
  adaptive_pool  K=16  L_p=8192   B=1  prefill=  235.7ms  decode_total=  217.0ms  per_pt_token= 14.47ms  (  0.5s wall)
  bs_kernel      K=16  L_p=8192   B=1  prefill=  236.2ms  decode_total=  173.8ms  per_pt_token= 11.59ms  (  0.4s wall)
  paged          K=16  L_p=8192   B=2  prefill=  467.0ms  decode_total=  276.3ms  per_pt_token=  9.21ms  (  0.8s wall)
  tree           K=16  L_p=8192   B=2  prefill=  462.5ms  decode_total=  470.5ms  per_pt_token= 15.68ms  (  0.9s wall)
  fasttree       K=16  L_p=8192   B=2  prefill=  462.1ms  decode_total=  500.8ms  per_pt_token= 16.69ms  (  1.0s wall)
  mlca           K=16  L_p=8192   B=2  prefill=  474.0ms  decode_total=  384.2ms  per_pt_token= 12.81ms  (  0.9s wall)
  adaptive_pool  K=16  L_p=8192   B=2  prefill=  470.5ms  decode_total=  363.3ms  per_pt_token= 12.11ms  (  0.9s wall)
  bs_kernel      K=16  L_p=8192   B=2  prefill=  464.7ms  decode_total=  222.6ms  per_pt_token=  7.42ms  (  0.7s wall)
  paged          K=16  L_p=8192   B=4  prefill=  947.2ms  decode_total=  438.4ms  per_pt_token=  7.31ms  (  1.4s wall)
  tree           K=16  L_p=8192   B=4  prefill=  927.5ms  decode_total=  940.5ms  per_pt_token= 15.67ms  (  1.9s wall)
  fasttree       K=16  L_p=8192   B=4  prefill=  926.6ms  decode_total=  993.6ms  per_pt_token= 16.56ms  (  1.9s wall)
  mlca           K=16  L_p=8192   B=4  prefill=  941.1ms  decode_total=  765.1ms  per_pt_token= 12.75ms  (  1.7s wall)
  adaptive_pool  K=16  L_p=8192   B=4  prefill=  946.4ms  decode_total=  725.9ms  per_pt_token= 12.10ms  (  1.7s wall)
  bs_kernel      K=16  L_p=8192   B=4  prefill=  940.3ms  decode_total=  324.0ms  per_pt_token=  5.40ms  (  1.3s wall)
  paged          K=16  L_p=8192   B=8  prefill= 1898.1ms  decode_total=  760.1ms  per_pt_token=  6.33ms  (  2.7s wall)
  tree           K=16  L_p=8192   B=8  prefill= 1863.1ms  decode_total= 1883.8ms  per_pt_token= 15.70ms  (  3.8s wall)
  fasttree       K=16  L_p=8192   B=8  prefill= 1858.4ms  decode_total= 1997.2ms  per_pt_token= 16.64ms  (  3.9s wall)
  mlca           K=16  L_p=8192   B=8  prefill= 1892.4ms  decode_total= 1533.3ms  per_pt_token= 12.78ms  (  3.5s wall)
  adaptive_pool  K=16  L_p=8192   B=8  prefill= 1899.2ms  decode_total= 1450.5ms  per_pt_token= 12.09ms  (  3.4s wall)
  bs_kernel      K=16  L_p=8192   B=8  prefill= 1895.4ms  decode_total=  521.1ms  per_pt_token=  4.34ms  (  2.5s wall)
  paged          K=32  L_p=8192   B=1  prefill=  236.8ms  decode_total=  259.9ms  per_pt_token= 17.33ms  (  0.5s wall)
  tree           K=32  L_p=8192   B=1  prefill=  229.2ms  decode_total=  341.7ms  per_pt_token= 22.78ms  (  0.6s wall)
  fasttree       K=32  L_p=8192   B=1  prefill=  232.6ms  decode_total=  379.5ms  per_pt_token= 25.30ms  (  0.6s wall)
  mlca           K=32  L_p=8192   B=1  prefill=  238.2ms  decode_total=  221.9ms  per_pt_token= 14.79ms  (  0.5s wall)
  adaptive_pool  K=32  L_p=8192   B=1  prefill=  236.5ms  decode_total=  206.8ms  per_pt_token= 13.79ms  (  0.5s wall)
  bs_kernel      K=32  L_p=8192   B=1  prefill=  238.9ms  decode_total=  210.3ms  per_pt_token= 14.02ms  (  0.5s wall)
  paged          K=32  L_p=8192   B=2  prefill=  469.9ms  decode_total=  407.0ms  per_pt_token= 13.57ms  (  0.9s wall)
  tree           K=32  L_p=8192   B=2  prefill=  467.0ms  decode_total=  683.1ms  per_pt_token= 22.77ms  (  1.2s wall)
  fasttree       K=32  L_p=8192   B=2  prefill=  464.8ms  decode_total=  741.6ms  per_pt_token= 24.72ms  (  1.2s wall)
  mlca           K=32  L_p=8192   B=2  prefill=  476.3ms  decode_total=  436.9ms  per_pt_token= 14.56ms  (  0.9s wall)
  adaptive_pool  K=32  L_p=8192   B=2  prefill=  475.9ms  decode_total=  413.7ms  per_pt_token= 13.79ms  (  0.9s wall)
  bs_kernel      K=32  L_p=8192   B=2  prefill=  470.1ms  decode_total=  289.7ms  per_pt_token=  9.66ms  (  0.8s wall)
  paged          K=32  L_p=8192   B=4  prefill=  949.5ms  decode_total=  710.3ms  per_pt_token= 11.84ms  (  1.7s wall)
  tree           K=32  L_p=8192   B=4  prefill=  930.7ms  decode_total= 1363.7ms  per_pt_token= 22.73ms  (  2.3s wall)
  fasttree       K=32  L_p=8192   B=4  prefill=  935.1ms  decode_total= 1483.7ms  per_pt_token= 24.73ms  (  2.4s wall)
  mlca           K=32  L_p=8192   B=4  prefill=  952.9ms  decode_total=  876.3ms  per_pt_token= 14.60ms  (  1.9s wall)
  adaptive_pool  K=32  L_p=8192   B=4  prefill=  953.5ms  decode_total=  829.0ms  per_pt_token= 13.82ms  (  1.8s wall)
  bs_kernel      K=32  L_p=8192   B=4  prefill=  952.9ms  decode_total=  460.1ms  per_pt_token=  7.67ms  (  1.4s wall)
  paged          K=32  L_p=8192   B=8  prefill= 1901.1ms  decode_total= 1334.0ms  per_pt_token= 11.12ms  (  3.3s wall)
  tree           K=32  L_p=8192   B=8  prefill= 1862.7ms  decode_total= 2726.6ms  per_pt_token= 22.72ms  (  4.7s wall)
  fasttree       K=32  L_p=8192   B=8  prefill= 1868.7ms  decode_total= 2970.5ms  per_pt_token= 24.75ms  (  4.9s wall)
  mlca           K=32  L_p=8192   B=8  prefill= 1901.1ms  decode_total= 1747.0ms  per_pt_token= 14.56ms  (  3.7s wall)
  adaptive_pool  K=32  L_p=8192   B=8  prefill= 1908.8ms  decode_total= 1655.6ms  per_pt_token= 13.80ms  (  3.6s wall)
  bs_kernel      K=32  L_p=8192   B=8  prefill= 1894.3ms  decode_total=  807.1ms  per_pt_token=  6.73ms  (  2.8s wall)
  paged          K=64  L_p=8192   B=1  prefill=  238.6ms  decode_total=  394.2ms  per_pt_token= 26.28ms  (  0.7s wall)
  tree           K=64  L_p=8192   B=1  prefill=  234.3ms  decode_total=  553.3ms  per_pt_token= 36.88ms  (  0.8s wall)
  fasttree       K=64  L_p=8192   B=1  prefill=  231.2ms  decode_total=  513.3ms  per_pt_token= 34.22ms  (  0.8s wall)
  mlca           K=64  L_p=8192   B=1  prefill=  236.2ms  decode_total=  272.6ms  per_pt_token= 18.18ms  (  0.5s wall)
  adaptive_pool  K=64  L_p=8192   B=1  prefill=  238.2ms  decode_total=  268.2ms  per_pt_token= 17.88ms  (  0.5s wall)
  bs_kernel      K=64  L_p=8192   B=1  prefill=  239.0ms  decode_total=  276.2ms  per_pt_token= 18.41ms  (  0.5s wall)
  paged          K=64  L_p=8192   B=2  prefill=  470.6ms  decode_total=  678.6ms  per_pt_token= 22.62ms  (  1.2s wall)
  tree           K=64  L_p=8192   B=2  prefill=  462.6ms  decode_total= 1110.7ms  per_pt_token= 37.02ms  (  1.6s wall)
  fasttree       K=64  L_p=8192   B=2  prefill=  468.4ms  decode_total= 1033.6ms  per_pt_token= 34.45ms  (  1.5s wall)
  mlca           K=64  L_p=8192   B=2  prefill=  470.7ms  decode_total=  546.2ms  per_pt_token= 18.21ms  (  1.0s wall)
  adaptive_pool  K=64  L_p=8192   B=2  prefill=  476.7ms  decode_total=  540.0ms  per_pt_token= 18.00ms  (  1.0s wall)
  bs_kernel      K=64  L_p=8192   B=2  prefill=  469.5ms  decode_total=  428.0ms  per_pt_token= 14.27ms  (  0.9s wall)
  paged          K=64  L_p=8192   B=4  prefill=  947.7ms  decode_total= 1277.3ms  per_pt_token= 21.29ms  (  2.2s wall)
  tree           K=64  L_p=8192   B=4  prefill=  934.3ms  decode_total= 2220.4ms  per_pt_token= 37.01ms  (  3.2s wall)
  fasttree       K=64  L_p=8192   B=4  prefill=  932.0ms  decode_total= 2070.3ms  per_pt_token= 34.50ms  (  3.0s wall)
  mlca           K=64  L_p=8192   B=4  prefill=  947.1ms  decode_total= 1088.3ms  per_pt_token= 18.14ms  (  2.1s wall)
  adaptive_pool  K=64  L_p=8192   B=4  prefill=  947.4ms  decode_total= 1076.7ms  per_pt_token= 17.94ms  (  2.1s wall)
  bs_kernel      K=64  L_p=8192   B=4  prefill=  949.3ms  decode_total=  741.9ms  per_pt_token= 12.37ms  (  1.7s wall)
  paged          K=64  L_p=8192   B=8  prefill= 1899.0ms  decode_total= 2495.8ms  per_pt_token= 20.80ms  (  4.4s wall)
  tree           K=64  L_p=8192   B=8  prefill= 1868.3ms  decode_total= 4441.2ms  per_pt_token= 37.01ms  (  6.4s wall)
  fasttree       K=64  L_p=8192   B=8  prefill= 1867.6ms  decode_total= 4152.6ms  per_pt_token= 34.60ms  (  6.1s wall)
  mlca           K=64  L_p=8192   B=8  prefill= 1900.3ms  decode_total= 2180.0ms  per_pt_token= 18.17ms  (  4.1s wall)
  adaptive_pool  K=64  L_p=8192   B=8  prefill= 1909.8ms  decode_total= 2153.2ms  per_pt_token= 17.94ms  (  4.2s wall)
  bs_kernel      K=64  L_p=8192   B=8  prefill= 1888.8ms  decode_total= 1486.4ms  per_pt_token= 12.39ms  (  3.4s wall)

wrote 72 rows to benchmarks/bs_kernel/results/bench_batched-20260507-155610/bench_batched.csv
