/home/u4320956/beam_engine-v3/.venv/lib/python3.11/site-packages/tvm_ffi/_optional_torch_c_dlpack.py:181: UserWarning: Failed to JIT torch c dlpack extension, EnvTensorAllocator will not be enabled.
We recommend installing via `pip install torch-c-dlpack-ext`
  warnings.warn(
grid: 3 configs × 1 methods = 3 runs
methods: ['paged']
Loading tokenizer + model...
Fetching 11 files:   0%|          | 0/11 [00:00<?, ?it/s]Fetching 11 files: 100%|██████████| 11/11 [00:00<00:00, 38544.15it/s]
Model loaded.

  paged          K=16  L_p=8192  max_new=16   prefill=1135.2ms  decode= 12.90ms p50  (  1.5s wall)
  paged          K=32  L_p=8192  max_new=16   prefill= 230.9ms  decode= 17.12ms p50  (  0.5s wall)
  paged          K=64  L_p=8192  max_new=16   prefill= 232.8ms  decode= 27.61ms p50  (  0.7s wall)

wrote 3 rows to benchmarks/bs_kernel/results/run-NVIDIA_H100_80GB_HBM3-20260506-174252/04-sweep-paged.csv
/home/u4320956/beam_engine-v3/.venv/lib/python3.11/site-packages/tvm_ffi/_optional_torch_c_dlpack.py:181: UserWarning: Failed to JIT torch c dlpack extension, EnvTensorAllocator will not be enabled.
We recommend installing via `pip install torch-c-dlpack-ext`
  warnings.warn(
grid: 3 configs × 1 methods = 3 runs
methods: ['tree']
Loading tokenizer + model...
Fetching 11 files:   0%|          | 0/11 [00:00<?, ?it/s]Fetching 11 files: 100%|██████████| 11/11 [00:00<00:00, 86077.13it/s]
Model loaded.

  tree           K=16  L_p=8192  max_new=16   prefill=1166.6ms  decode= 15.74ms p50  (  1.6s wall)
  tree           K=32  L_p=8192  max_new=16   prefill= 227.0ms  decode= 22.76ms p50  (  0.6s wall)
  tree           K=64  L_p=8192  max_new=16   prefill= 227.8ms  decode= 36.76ms p50  (  0.8s wall)

wrote 3 rows to benchmarks/bs_kernel/results/run-NVIDIA_H100_80GB_HBM3-20260506-174252/04-sweep-tree.csv
/home/u4320956/beam_engine-v3/.venv/lib/python3.11/site-packages/tvm_ffi/_optional_torch_c_dlpack.py:181: UserWarning: Failed to JIT torch c dlpack extension, EnvTensorAllocator will not be enabled.
We recommend installing via `pip install torch-c-dlpack-ext`
  warnings.warn(
grid: 3 configs × 1 methods = 3 runs
methods: ['adaptive_pool']
Loading tokenizer + model...
Fetching 11 files:   0%|          | 0/11 [00:00<?, ?it/s]Fetching 11 files: 100%|██████████| 11/11 [00:00<00:00, 150284.51it/s]
Model loaded.

  adaptive_pool  K=16  L_p=8192  max_new=16   prefill=1123.8ms  decode= 12.01ms p50  (  1.5s wall)
  adaptive_pool  K=32  L_p=8192  max_new=16   prefill= 234.2ms  decode= 13.62ms p50  (  0.5s wall)
  adaptive_pool  K=64  L_p=8192  max_new=16   prefill= 231.7ms  decode= 19.35ms p50  (  0.5s wall)

wrote 3 rows to benchmarks/bs_kernel/results/run-NVIDIA_H100_80GB_HBM3-20260506-174252/04-sweep-adaptive_pool.csv
/home/u4320956/beam_engine-v3/.venv/lib/python3.11/site-packages/tvm_ffi/_optional_torch_c_dlpack.py:181: UserWarning: Failed to JIT torch c dlpack extension, EnvTensorAllocator will not be enabled.
We recommend installing via `pip install torch-c-dlpack-ext`
  warnings.warn(
grid: 3 configs × 1 methods = 3 runs
methods: ['bs_kernel']
Loading tokenizer + model...
Fetching 11 files:   0%|          | 0/11 [00:00<?, ?it/s]Fetching 11 files: 100%|██████████| 11/11 [00:00<00:00, 16752.85it/s]
Model loaded.

  bs_kernel      K=16  L_p=8192  max_new=16   prefill=1126.7ms  decode= 11.67ms p50  (  1.5s wall)
  bs_kernel      K=32  L_p=8192  max_new=16   prefill= 231.7ms  decode= 13.63ms p50  (  0.5s wall)
  bs_kernel      K=64  L_p=8192  max_new=16   prefill= 233.7ms  decode= 19.56ms p50  (  0.5s wall)

wrote 3 rows to benchmarks/bs_kernel/results/run-NVIDIA_H100_80GB_HBM3-20260506-174252/04-sweep-bs_kernel.csv
/home/u4320956/beam_engine-v3/.venv/lib/python3.11/site-packages/tvm_ffi/_optional_torch_c_dlpack.py:181: UserWarning: Failed to JIT torch c dlpack extension, EnvTensorAllocator will not be enabled.
We recommend installing via `pip install torch-c-dlpack-ext`
  warnings.warn(
grid: 3 configs × 1 methods = 3 runs
methods: ['fasttree']
Loading tokenizer + model...
Fetching 11 files:   0%|          | 0/11 [00:00<?, ?it/s]Fetching 11 files: 100%|██████████| 11/11 [00:00<00:00, 91180.52it/s]
Model loaded.

  fasttree       K=16  L_p=8192  max_new=16   prefill=1123.2ms  decode= 16.50ms p50  (  1.9s wall)
  fasttree       K=32  L_p=8192  max_new=16   prefill= 225.5ms  decode= 24.16ms p50  (  0.6s wall)
  fasttree       K=64  L_p=8192  max_new=16   prefill= 227.3ms  decode= 33.61ms p50  (  0.8s wall)

wrote 3 rows to benchmarks/bs_kernel/results/run-NVIDIA_H100_80GB_HBM3-20260506-174252/04-sweep-fasttree.csv
