/home/u4320956/beam_engine-v3/.venv/lib/python3.11/site-packages/tvm_ffi/_optional_torch_c_dlpack.py:181: UserWarning: Failed to JIT torch c dlpack extension, EnvTensorAllocator will not be enabled.
We recommend installing via `pip install torch-c-dlpack-ext`
  warnings.warn(
benchmarking 136 tree shapes

category                shape                                              paged       tree     2level     3level        best      pick   reg%
--------------------------------------------------------------------------------------------------------------------------------------------
long_prefix_flat        flat                    K=16  L_p=2048              42.5       32.3       38.1        nan        tree     paged   31.8
long_prefix_flat        flat                    K=16  L_p=8192              72.7       32.4       48.4        nan        tree   2-level   49.5
long_prefix_flat        flat                    K=16  L_p=32768            265.1       92.5      102.4        nan        tree   2-level   10.8
long_prefix_flat        flat                    K=16  L_p=65536            495.2      163.8      170.2        nan        tree   2-level    3.9
long_prefix_flat        flat                    K=32  L_p=2048              41.6       32.0       49.3        nan        tree   2-level   54.3
long_prefix_flat        flat                    K=32  L_p=8192             134.6       57.3       48.9        nan     2-level   2-level    0.0
long_prefix_flat        flat                    K=32  L_p=32768            526.1      153.8       91.7        nan     2-level   2-level    0.0
long_prefix_flat        flat                    K=32  L_p=65536           1070.0      293.8      154.1        nan     2-level   2-level    0.0
long_prefix_flat        flat                    K=64  L_p=2048              77.1       43.7       48.5        nan        tree   2-level   10.9
long_prefix_flat        flat                    K=64  L_p=8192             254.2       96.4       65.9        nan     2-level   2-level    0.0
long_prefix_flat        flat                    K=64  L_p=32768           1022.0      304.4      156.2        nan     2-level   2-level    0.0
long_prefix_flat        flat                    K=64  L_p=65536           2108.3      576.1      274.5        nan     2-level   2-level    0.0
long_prefix_uniform     uniform G=2              K=16  L_p=2048             40.0       31.3       36.9       37.5        tree     paged   27.6
long_prefix_uniform     uniform G=4              K=16  L_p=2048             40.0       31.9       37.1       37.6        tree     paged   25.4
long_prefix_uniform     uniform G=8              K=16  L_p=2048             39.9       31.8       37.3       40.1        tree     paged   25.3
long_prefix_uniform     uniform G=2              K=16  L_p=8192             78.5       40.9       48.8       50.9        tree   2-level   19.5
long_prefix_uniform     uniform G=4              K=16  L_p=8192             77.0       44.8       49.4       53.5        tree   2-level   10.4
long_prefix_uniform     uniform G=8              K=16  L_p=8192             79.3       48.0       48.8       55.0        tree   2-level    1.6
long_prefix_uniform     uniform G=2              K=16  L_p=32768           270.1       99.6      103.3      105.9        tree   2-level    3.7
long_prefix_uniform     uniform G=4              K=16  L_p=32768           252.9      100.7      101.9      105.3        tree   2-level    1.2
long_prefix_uniform     uniform G=8              K=16  L_p=32768           250.6      102.4      103.1      108.6        tree   2-level    0.7
long_prefix_uniform     uniform G=2              K=16  L_p=65536           500.7      166.1      170.2      173.4        tree   2-level    2.5
long_prefix_uniform     uniform G=4              K=16  L_p=65536           504.8      171.9      170.4      173.8     2-level   2-level    0.0
long_prefix_uniform     uniform G=8              K=16  L_p=65536           528.4      173.7      170.0      174.8     2-level   2-level    0.0
long_prefix_uniform     uniform G=2              K=32  L_p=2048             49.7       32.9       48.5       48.8        tree   2-level   47.3
long_prefix_uniform     uniform G=4              K=32  L_p=2048             50.0       39.6       48.8       54.1        tree   2-level   23.2
long_prefix_uniform     uniform G=8              K=32  L_p=2048             50.3       49.0       48.6       48.5     3-level   2-level    0.3
long_prefix_uniform     uniform G=2              K=32  L_p=8192            140.8       60.7       48.7       58.0     2-level   2-level    0.0
long_prefix_uniform     uniform G=4              K=32  L_p=8192            141.0       68.5       48.8       78.8     2-level   2-level    0.0
long_prefix_uniform     uniform G=8              K=32  L_p=8192            134.7       76.7       48.4       58.7     2-level   2-level    0.0
long_prefix_uniform     uniform G=2              K=32  L_p=32768           527.2      165.2       93.3      106.1     2-level   2-level    0.0
long_prefix_uniform     uniform G=4              K=32  L_p=32768           525.8      165.9       93.7      179.0     2-level   2-level    0.0
long_prefix_uniform     uniform G=8              K=32  L_p=32768           543.6      174.0       93.9      104.5     2-level   2-level    0.0
long_prefix_uniform     uniform G=2              K=32  L_p=65536          1085.8      296.4      154.1      167.4     2-level   2-level    0.0
long_prefix_uniform     uniform G=4              K=32  L_p=65536          1083.3      301.7      154.2      314.6     2-level   2-level    0.0
long_prefix_uniform     uniform G=8              K=32  L_p=65536          1092.9      312.2      154.9      166.8     2-level   2-level    0.0
long_prefix_uniform     uniform G=2              K=64  L_p=2048             91.9       52.3       48.4       52.6     2-level   2-level    0.0
long_prefix_uniform     uniform G=4              K=64  L_p=2048             92.3       62.1       48.7       51.4     2-level   2-level    0.0
long_prefix_uniform     uniform G=8              K=64  L_p=2048             92.0       79.6       48.4       69.7     2-level   2-level    0.0
long_prefix_uniform     uniform G=2              K=64  L_p=8192            271.8      104.6       66.3       84.4     2-level   2-level    0.0
long_prefix_uniform     uniform G=4              K=64  L_p=8192            270.0      113.5       66.2       76.0     2-level   2-level    0.0
long_prefix_uniform     uniform G=8              K=64  L_p=8192            269.6      131.0       66.2      109.5     2-level   2-level    0.0
long_prefix_uniform     uniform G=2              K=64  L_p=32768          1038.3      311.5      156.3      228.9     2-level   2-level    0.0
long_prefix_uniform     uniform G=4              K=64  L_p=32768          1042.8      321.3      156.4      167.3     2-level   2-level    0.0
long_prefix_uniform     uniform G=8              K=64  L_p=32768          1043.4      336.5      155.9      298.2     2-level   2-level    0.0
long_prefix_uniform     uniform G=2              K=64  L_p=65536          2141.7      583.7      274.7      421.8     2-level   2-level    0.0
long_prefix_uniform     uniform G=4              K=64  L_p=65536          2126.8      595.8      274.9      282.8     2-level   2-level    0.0
long_prefix_uniform     uniform G=8              K=64  L_p=65536          2148.3      614.0      273.1      555.0     2-level   2-level    0.0
high_g_small_inter      high_G G=8  inter=64    K=16  L_p=2048              39.9       31.4       37.5       37.2        tree     paged   27.0
high_g_small_inter      high_G G=4  inter=64    K=16  L_p=2048              40.3       31.9       37.0       37.0        tree     paged   26.4
high_g_small_inter      high_G G=8  inter=64    K=16  L_p=8192              79.0       39.3       49.0       50.0        tree   2-level   24.6
high_g_small_inter      high_G G=4  inter=64    K=16  L_p=8192              78.7       38.3       48.4       49.2        tree   2-level   26.5
high_g_small_inter      high_G G=8  inter=64    K=16  L_p=32768            284.1       93.1      103.2      105.1        tree   2-level   10.8
high_g_small_inter      high_G G=4  inter=64    K=16  L_p=32768            272.0       93.6      102.4      103.8        tree   2-level    9.3
high_g_small_inter      high_G G=8  inter=64    K=16  L_p=65536            545.5      164.8      170.9      173.9        tree   2-level    3.7
high_g_small_inter      high_G G=4  inter=64    K=16  L_p=65536            558.8      164.0      171.1      171.2        tree   2-level    4.3
high_g_small_inter      high_G G=16 inter=64    K=32  L_p=2048              42.1       32.8       48.8       48.8        tree   2-level   48.7
high_g_small_inter      high_G G=8  inter=64    K=32  L_p=2048              41.9       32.3       48.8       49.1        tree   2-level   51.2
high_g_small_inter      high_G G=16 inter=64    K=32  L_p=8192             130.9       60.5       49.2       54.4     2-level   2-level    0.0
high_g_small_inter      high_G G=8  inter=64    K=32  L_p=8192             134.3       60.0       49.5       53.2     2-level   2-level    0.0
high_g_small_inter      high_G G=16 inter=64    K=32  L_p=32768            518.4      164.7       94.1      101.3     2-level   2-level    0.0
high_g_small_inter      high_G G=8  inter=64    K=32  L_p=32768            518.8      156.4       93.8      100.3     2-level   2-level    0.0
high_g_small_inter      high_G G=16 inter=64    K=32  L_p=65536           1078.2      293.5      153.4      161.3     2-level   2-level    0.0
high_g_small_inter      high_G G=8  inter=64    K=32  L_p=65536           1071.3      295.0      153.8      160.9     2-level   2-level    0.0
high_g_small_inter      high_G G=32 inter=64    K=64  L_p=2048              77.1       61.5       49.1       48.8     3-level   2-level    0.6
high_g_small_inter      high_G G=16 inter=64    K=64  L_p=2048              77.1       52.1       48.5       48.8     2-level   2-level    0.0
high_g_small_inter      high_G G=32 inter=64    K=64  L_p=8192             253.4      113.3       66.1       74.4     2-level   2-level    0.0
high_g_small_inter      high_G G=16 inter=64    K=64  L_p=8192             253.5      104.0       65.7       73.1     2-level   2-level    0.0
high_g_small_inter      high_G G=32 inter=64    K=64  L_p=32768           1036.9      318.4      155.7      163.4     2-level   2-level    0.0
high_g_small_inter      high_G G=16 inter=64    K=64  L_p=32768           1031.3      308.8      154.8      162.1     2-level   2-level    0.0
high_g_small_inter      high_G G=32 inter=64    K=64  L_p=65536           2137.5      590.0      273.5      281.5     2-level   2-level    0.0
high_g_small_inter      high_G G=16 inter=64    K=64  L_p=65536           2126.2      581.5      272.4      281.4     2-level   2-level    0.0
long_prefix_skewed      skewed 1+singletons     K=16  L_p=2048              40.3       31.5       36.8        nan        tree     paged   28.1
long_prefix_skewed      skewed 1+singletons     K=16  L_p=8192              77.4       32.8       48.6        nan        tree   2-level   48.5
long_prefix_skewed      skewed 1+singletons     K=16  L_p=32768            249.5       93.3      103.6        nan        tree   2-level   11.0
long_prefix_skewed      skewed 1+singletons     K=16  L_p=65536            526.0      164.4      170.1        nan        tree   2-level    3.5
long_prefix_skewed      skewed 1+singletons     K=32  L_p=2048              49.8       32.0       48.6        nan        tree   2-level   51.6
long_prefix_skewed      skewed 1+singletons     K=32  L_p=8192             144.3       58.1       49.3        nan     2-level   2-level    0.0
long_prefix_skewed      skewed 1+singletons     K=32  L_p=32768            544.1      156.5       92.8        nan     2-level   2-level    0.0
long_prefix_skewed      skewed 1+singletons     K=32  L_p=65536           1088.9      293.3      153.6        nan     2-level   2-level    0.0
long_prefix_skewed      skewed 1+singletons     K=64  L_p=2048              91.3       43.7       48.6        nan        tree   2-level   11.2
long_prefix_skewed      skewed 1+singletons     K=64  L_p=8192             269.8       95.6       66.0        nan     2-level   2-level    0.0
long_prefix_skewed      skewed 1+singletons     K=64  L_p=32768           1040.0      301.5      155.3        nan     2-level   2-level    0.0
long_prefix_skewed      skewed 1+singletons     K=64  L_p=65536           2130.5      575.4      273.4        nan     2-level   2-level    0.0
short_prefix            short_prefix            K=16  L_p=256               39.6       31.5       33.7        nan        tree     paged   25.7
short_prefix            short_prefix            K=16  L_p=512               40.0       31.8       35.3        nan        tree     paged   25.6
short_prefix            short_prefix            K=16  L_p=1024              39.7       31.5       37.0        nan        tree     paged   26.1
short_prefix            short_prefix            K=32  L_p=256               37.3       31.8       48.0        nan        tree     paged   17.6
short_prefix            short_prefix            K=32  L_p=512               38.0       31.6       48.6        nan        tree     paged   20.3
short_prefix            short_prefix            K=32  L_p=1024              38.0       31.3       47.1        nan        tree     paged   21.1
short_prefix            short_prefix            K=64  L_p=256               37.8       33.9       48.5        nan        tree     paged   11.7
short_prefix            short_prefix            K=64  L_p=512               37.9       34.1       49.0        nan        tree     paged   11.3
short_prefix            short_prefix            K=64  L_p=1024              48.3       34.8       48.5        nan        tree   2-level   39.4
tiny_lp                 tiny_lp                 K=16  L_p=64                34.0       31.7       34.2        nan        tree     paged    7.4
tiny_lp                 tiny_lp                 K=16  L_p=128               38.1       32.0       34.2        nan        tree     paged   19.3
tiny_lp                 tiny_lp                 K=32  L_p=64                35.1       31.5       45.1        nan        tree     paged   11.6
tiny_lp                 tiny_lp                 K=32  L_p=128               37.0       31.5       46.0        nan        tree     paged   17.4
tiny_lp                 tiny_lp                 K=64  L_p=64                37.6       34.0       48.3        nan        tree     paged   10.6
tiny_lp                 tiny_lp                 K=64  L_p=128               37.9       33.8       48.9        nan        tree     paged   12.2
k_one                   k_one                   K=1   L_p=2048              38.6       30.8        nan        nan        tree     paged   25.4
k_one                   k_one                   K=1   L_p=8192              40.7       30.8        nan        nan        tree     paged   32.2
k_one                   k_one                   K=1   L_p=32768             59.5       60.3        nan        nan       paged     paged    0.0
k_one                   k_one                   K=1   L_p=65536            102.1      102.5        nan        nan       paged     paged    0.0
all_unique              all_unique G=K          K=16  L_p=2048              40.1       31.3       37.1        nan        tree     paged   28.1
all_unique              all_unique G=K          K=16  L_p=8192              72.6       32.1       48.3        nan        tree   2-level   50.3
all_unique              all_unique G=K          K=16  L_p=32768            243.5       92.7      102.7        nan        tree   2-level   10.8
all_unique              all_unique G=K          K=16  L_p=65536            490.1      163.2      171.4        nan        tree   2-level    5.0
all_unique              all_unique G=K          K=32  L_p=2048              42.8       32.2       48.7        nan        tree   2-level   51.4
all_unique              all_unique G=K          K=32  L_p=8192             134.0       58.4       48.8        nan     2-level   2-level    0.0
all_unique              all_unique G=K          K=32  L_p=32768            517.8      157.6       94.1        nan     2-level   2-level    0.0
all_unique              all_unique G=K          K=32  L_p=65536           1083.9      294.9      154.1        nan     2-level   2-level    0.0
all_unique              all_unique G=K          K=64  L_p=2048              77.2       43.8       48.9        nan        tree   2-level   11.8
all_unique              all_unique G=K          K=64  L_p=8192             255.1       96.1       65.4        nan     2-level   2-level    0.0
all_unique              all_unique G=K          K=64  L_p=32768           1024.5      301.6      155.4        nan     2-level   2-level    0.0
all_unique              all_unique G=K          K=64  L_p=65536           2129.0      572.6      274.0        nan     2-level   2-level    0.0
boundary_k              boundary_K              K=17  L_p=2048              40.5       31.7       37.1        nan        tree     paged   27.5
boundary_k              boundary_K              K=17  L_p=8192             120.6       55.7       54.4        nan     2-level   2-level    0.0
boundary_k              boundary_K              K=17  L_p=32768            441.5      160.3      127.0        nan     2-level   2-level    0.0
boundary_k              boundary_K              K=33  L_p=2048              42.1       39.8       48.6        nan        tree   2-level   22.2
boundary_k              boundary_K              K=33  L_p=8192             123.8       94.6       72.6        nan     2-level   2-level    0.0
boundary_k              boundary_K              K=33  L_p=32768            500.9      316.3      208.9        nan     2-level   2-level    0.0
boundary_k              boundary_K              K=48  L_p=2048              72.8       41.1       48.4        nan        tree   2-level   17.8
boundary_k              boundary_K              K=48  L_p=8192             237.6       93.3       63.6        nan     2-level   2-level    0.0
boundary_k              boundary_K              K=48  L_p=32768            901.5      297.4      154.1        nan     2-level   2-level    0.0
boundary_k              boundary_K              K=65  L_p=2048              77.4       60.1       49.1        nan     2-level   2-level    0.0
boundary_k              boundary_K              K=65  L_p=8192             257.0      141.7      101.6        nan     2-level   2-level    0.0
boundary_k              boundary_K              K=65  L_p=32768           1037.5      470.0      309.8        nan     2-level   2-level    0.0
boundary_k              boundary_K              K=80  L_p=2048             105.2       60.5       51.8        nan     2-level   2-level    0.0
boundary_k              boundary_K              K=80  L_p=8192             357.1      137.0       88.4        nan     2-level   2-level    0.0
boundary_k              boundary_K              K=80  L_p=32768           1434.3      437.7      233.0        nan     2-level   2-level    0.0
boundary_k              boundary_K              K=96  L_p=2048             110.6       67.9       51.6        nan     2-level   2-level    0.0
boundary_k              boundary_K              K=96  L_p=8192             378.4      139.9       90.7        nan     2-level   2-level    0.0
boundary_k              boundary_K              K=96  L_p=32768           1563.6      438.1      232.7        nan     2-level   2-level    0.0
boundary_k              boundary_K              K=129 L_p=2048             144.4      117.7       71.1        nan     2-level   2-level    0.0
boundary_k              boundary_K              K=129 L_p=8192             505.8      264.2      158.9        nan     2-level   2-level    0.0
boundary_k              boundary_K              K=129 L_p=32768           2130.4      840.8      495.6        nan     2-level   2-level    0.0

==========================================================================================
category                  n   pick=best   mean_regret   max_regret   mean_speedup_vs_paged
------------------------------------------------------------------------------------------
all_unique               12  6/12              13.11%       51.42%                   3.64×
boundary_k               21  18/21               3.22%       27.47%                   3.09×
high_g_small_inter       24  13/24               9.71%       51.19%                   3.71×
k_one                     4  2/4               14.40%       32.19%                   1.00×
long_prefix_flat         12  6/12              13.43%       54.28%                   3.66×
long_prefix_skewed       12  6/12              12.82%       51.57%                   3.79×
long_prefix_uniform      36  23/36               5.24%       47.28%                   3.76×
short_prefix              9  0/9               22.10%       39.36%                   1.00×
tiny_lp                   6  0/6               13.07%       19.27%                   1.00×

====================================================================================================
Mean speedup of bs_kernel pick vs each baseline kernel, by category:
category                  vs_paged     vs_tree   vs_2level   vs_3level
--------------------------------------------------------------------------------
all_unique                   3.64×       1.26×       0.99×           —
boundary_k                   3.09×       1.40×       1.00×           —
high_g_small_inter           3.71×       1.33×       0.99×       1.03×
k_one                        1.00×       0.89×           —           —
long_prefix_flat             3.66×       1.26×       0.99×           —
long_prefix_skewed           3.79×       1.26×       0.99×           —
long_prefix_uniform          3.76×       1.42×       0.99×       1.24×
short_prefix                 1.00×       0.82×       1.12×           —
tiny_lp                      1.00×       0.89×       1.17×           —

Under-performance (bs_kernel regret > 5%):
  [long_prefix_flat] flat                    K=32  L_p=2048         pick=2-level (49.3us)  best=   tree (32.0us)  regret=54.3%
  [long_prefix_skewed] skewed 1+singletons     K=32  L_p=2048         pick=2-level (48.6us)  best=   tree (32.0us)  regret=51.6%
  [all_unique] all_unique G=K          K=32  L_p=2048         pick=2-level (48.7us)  best=   tree (32.2us)  regret=51.4%
  [high_g_small_inter] high_G G=8  inter=64    K=32  L_p=2048         pick=2-level (48.8us)  best=   tree (32.3us)  regret=51.2%
  [all_unique] all_unique G=K          K=16  L_p=8192         pick=2-level (48.3us)  best=   tree (32.1us)  regret=50.3%
  [long_prefix_flat] flat                    K=16  L_p=8192         pick=2-level (48.4us)  best=   tree (32.4us)  regret=49.5%
  [high_g_small_inter] high_G G=16 inter=64    K=32  L_p=2048         pick=2-level (48.8us)  best=   tree (32.8us)  regret=48.7%
  [long_prefix_skewed] skewed 1+singletons     K=16  L_p=8192         pick=2-level (48.6us)  best=   tree (32.8us)  regret=48.5%
  [long_prefix_uniform] uniform G=2              K=32  L_p=2048        pick=2-level (48.5us)  best=   tree (32.9us)  regret=47.3%
  [short_prefix] short_prefix            K=64  L_p=1024         pick=2-level (48.5us)  best=   tree (34.8us)  regret=39.4%
  [k_one] k_one                   K=1   L_p=8192         pick=  paged (40.7us)  best=   tree (30.8us)  regret=32.2%
  [long_prefix_flat] flat                    K=16  L_p=2048         pick=  paged (42.5us)  best=   tree (32.3us)  regret=31.8%
  [all_unique] all_unique G=K          K=16  L_p=2048         pick=  paged (40.1us)  best=   tree (31.3us)  regret=28.1%
  [long_prefix_skewed] skewed 1+singletons     K=16  L_p=2048         pick=  paged (40.3us)  best=   tree (31.5us)  regret=28.1%
  [long_prefix_uniform] uniform G=2              K=16  L_p=2048        pick=  paged (40.0us)  best=   tree (31.3us)  regret=27.6%
  [boundary_k] boundary_K              K=17  L_p=2048         pick=  paged (40.5us)  best=   tree (31.7us)  regret=27.5%
  [high_g_small_inter] high_G G=8  inter=64    K=16  L_p=2048         pick=  paged (39.9us)  best=   tree (31.4us)  regret=27.0%
  [high_g_small_inter] high_G G=4  inter=64    K=16  L_p=8192         pick=2-level (48.4us)  best=   tree (38.3us)  regret=26.5%
  [high_g_small_inter] high_G G=4  inter=64    K=16  L_p=2048         pick=  paged (40.3us)  best=   tree (31.9us)  regret=26.4%
  [short_prefix] short_prefix            K=16  L_p=1024         pick=  paged (39.7us)  best=   tree (31.5us)  regret=26.1%
  [short_prefix] short_prefix            K=16  L_p=256          pick=  paged (39.6us)  best=   tree (31.5us)  regret=25.7%
  [short_prefix] short_prefix            K=16  L_p=512          pick=  paged (40.0us)  best=   tree (31.8us)  regret=25.6%
  [long_prefix_uniform] uniform G=4              K=16  L_p=2048        pick=  paged (40.0us)  best=   tree (31.9us)  regret=25.4%
  [k_one] k_one                   K=1   L_p=2048         pick=  paged (38.6us)  best=   tree (30.8us)  regret=25.4%
  [long_prefix_uniform] uniform G=8              K=16  L_p=2048        pick=  paged (39.9us)  best=   tree (31.8us)  regret=25.3%
  [high_g_small_inter] high_G G=8  inter=64    K=16  L_p=8192         pick=2-level (49.0us)  best=   tree (39.3us)  regret=24.6%
  [long_prefix_uniform] uniform G=4              K=32  L_p=2048        pick=2-level (48.8us)  best=   tree (39.6us)  regret=23.2%
  [boundary_k] boundary_K              K=33  L_p=2048         pick=2-level (48.6us)  best=   tree (39.8us)  regret=22.2%
  [short_prefix] short_prefix            K=32  L_p=1024         pick=  paged (38.0us)  best=   tree (31.3us)  regret=21.1%
  [short_prefix] short_prefix            K=32  L_p=512          pick=  paged (38.0us)  best=   tree (31.6us)  regret=20.3%
  [long_prefix_uniform] uniform G=2              K=16  L_p=8192        pick=2-level (48.8us)  best=   tree (40.9us)  regret=19.5%
  [tiny_lp] tiny_lp                 K=16  L_p=128          pick=  paged (38.1us)  best=   tree (32.0us)  regret=19.3%
  [boundary_k] boundary_K              K=48  L_p=2048         pick=2-level (48.4us)  best=   tree (41.1us)  regret=17.8%
  [short_prefix] short_prefix            K=32  L_p=256          pick=  paged (37.3us)  best=   tree (31.8us)  regret=17.6%
  [tiny_lp] tiny_lp                 K=32  L_p=128          pick=  paged (37.0us)  best=   tree (31.5us)  regret=17.4%
  [tiny_lp] tiny_lp                 K=64  L_p=128          pick=  paged (37.9us)  best=   tree (33.8us)  regret=12.2%
  [all_unique] all_unique G=K          K=64  L_p=2048         pick=2-level (48.9us)  best=   tree (43.8us)  regret=11.8%
  [short_prefix] short_prefix            K=64  L_p=256          pick=  paged (37.8us)  best=   tree (33.9us)  regret=11.7%
  [tiny_lp] tiny_lp                 K=32  L_p=64           pick=  paged (35.1us)  best=   tree (31.5us)  regret=11.6%
  [short_prefix] short_prefix            K=64  L_p=512          pick=  paged (37.9us)  best=   tree (34.1us)  regret=11.3%
  [long_prefix_skewed] skewed 1+singletons     K=64  L_p=2048         pick=2-level (48.6us)  best=   tree (43.7us)  regret=11.2%
  [long_prefix_skewed] skewed 1+singletons     K=16  L_p=32768        pick=2-level (103.6us)  best=   tree (93.3us)  regret=11.0%
  [long_prefix_flat] flat                    K=64  L_p=2048         pick=2-level (48.5us)  best=   tree (43.7us)  regret=10.9%
  [high_g_small_inter] high_G G=8  inter=64    K=16  L_p=32768        pick=2-level (103.2us)  best=   tree (93.1us)  regret=10.8%
  [all_unique] all_unique G=K          K=16  L_p=32768        pick=2-level (102.7us)  best=   tree (92.7us)  regret=10.8%
  [long_prefix_flat] flat                    K=16  L_p=32768        pick=2-level (102.4us)  best=   tree (92.5us)  regret=10.8%
  [tiny_lp] tiny_lp                 K=64  L_p=64           pick=  paged (37.6us)  best=   tree (34.0us)  regret=10.6%
  [long_prefix_uniform] uniform G=4              K=16  L_p=8192        pick=2-level (49.4us)  best=   tree (44.8us)  regret=10.4%
  [high_g_small_inter] high_G G=4  inter=64    K=16  L_p=32768        pick=2-level (102.4us)  best=   tree (93.6us)  regret=9.3%
  [tiny_lp] tiny_lp                 K=16  L_p=64           pick=  paged (34.0us)  best=   tree (31.7us)  regret=7.4%

====================================================================================================
CTA_Q padding sensitivity (boundary_k shapes — K just above tile boundaries):
  shape                                         T=16      T=64     T=128    best_T   pick_T   reg%
----------------------------------------------------------------------------------------------------
  boundary_K              K=17  L_p=2048        37.2      37.2      37.0       128    paged    nan
  boundary_K              K=17  L_p=8192        54.9      46.9      42.6       128       64   10.0
  boundary_K              K=17  L_p=32768      125.1      89.6     115.0        64       64    0.0
  boundary_K              K=33  L_p=2048        38.1      37.5      37.2       128       64    0.8
  boundary_K              K=33  L_p=8192        67.6      55.3      70.1        64       64    0.0
  boundary_K              K=33  L_p=32768      195.5     143.8     215.6        64       64    0.0
  boundary_K              K=48  L_p=2048        46.9      37.1      37.4        64       64    0.0
  boundary_K              K=48  L_p=8192        85.6      57.4      73.2        64       64    0.0
  boundary_K              K=48  L_p=32768      225.0     148.2     216.8        64       64    0.0
  boundary_K              K=65  L_p=2048        54.6      43.5      47.2        64       64    0.0
  boundary_K              K=65  L_p=8192       102.0      79.2     106.0        64       64    0.0
  boundary_K              K=65  L_p=32768      305.5     219.4     334.1        64       64    0.0
  boundary_K              K=80  L_p=2048        62.3      48.0      51.8        64       64    0.0
  boundary_K              K=80  L_p=8192       115.7      88.7     110.4        64       64    0.0
  boundary_K              K=80  L_p=32768      365.2     230.1     336.3        64       64    0.0
  boundary_K              K=96  L_p=2048        71.8      53.7      52.6       128       64    2.1
  boundary_K              K=96  L_p=8192       132.7     105.2     108.9        64       64    0.0
  boundary_K              K=96  L_p=32768      416.4     246.2     336.6        64       64    0.0
  boundary_K              K=129 L_p=2048        81.6      68.7      68.3       128       64    0.6
  boundary_K              K=129 L_p=8192       172.1     140.0     167.7        64       64    0.0
  boundary_K              K=129 L_p=32768      549.3     372.7     542.5        64       64    0.0

wrote 136 rows to benchmarks/bs_kernel/results/run-NVIDIA_H100_80GB_HBM3-20260506-174252/06-tree-shapes.csv
