=== gov_3ldt_force started 2026-05-15T11:46:50+08:00 ===
cell:  L_p=8192, K=32, B=16, max_new=2048

=== bs_kernel_3ldt (forced SHARED_3L_DEC_TAIL) ===
/home/u4320956/beam_engine-v3/.venv/lib/python3.11/site-packages/tvm_ffi/_optional_torch_c_dlpack.py:181: UserWarning: Failed to JIT torch c dlpack extension, EnvTensorAllocator will not be enabled.
We recommend installing via `pip install torch-c-dlpack-ext`
  warnings.warn(
grid: 1 (K,L_p,B) cells × 1 methods = 1 runs
methods: ['bs_kernel_3ldt']
max_new: 2048
Loading tokenizer + model...
Fetching 7 files:   0%|          | 0/7 [00:00<?, ?it/s]Fetching 7 files: 100%|██████████| 7/7 [00:00<00:00, 45946.99it/s]
Model loaded.

loaded 200 prompts from data/gov_report.jsonl
  bs_kernel_3ldt warmup K=32  L_p=8192   B=16 
[bs_kernel plan-trace] 2047 steps (PER_BEAM: 0, DEC_TAIL: 2047, SHARED: 0)

  -- DEC_TAIL path (2047 steps) --
  prefix re-plans: 2016/2047 (98.5%)   decode full re-plans: 1/2047 (0.0%)
  phase                        mean     median        p90        p99        total
  decomp_ms                   3.621      3.452      4.986      6.436      7413.08
  pick_ms                     0.107      0.106      0.114      0.126       218.07
  prefix_plan_ms              3.355      3.284      4.669      4.931      6868.46
  decode_build_ms             1.088      1.059      1.636      1.739      2226.69
  decode_plan_ms              0.034      0.013      0.013      0.018        69.14
discard          decode_total=58400.0ms  ( 60.4s wall)
  bs_kernel_3ldt        K=32  L_p=8192   B=16 
[bs_kernel plan-trace] 2047 steps (PER_BEAM: 0, DEC_TAIL: 2047, SHARED: 0)

  -- DEC_TAIL path (2047 steps) --
  prefix re-plans: 2016/2047 (98.5%)   decode full re-plans: 1/2047 (0.0%)
  phase                        mean     median        p90        p99        total
  decomp_ms                   3.677      3.433      5.004      6.468      7526.04
  pick_ms                     0.107      0.106      0.114      0.124       218.39
  prefix_plan_ms              3.424      3.388      4.733      4.981      7007.95
  decode_build_ms             1.094      1.069      1.643      1.747      2238.95
  decode_plan_ms              0.013      0.012      0.013      0.019        27.06
prefill=  619.4ms  decode_total=58322.0ms  per_pt_token=  1.78ms  ( 59.4s wall)

wrote 1 rows to benchmarks/bs_kernel/results/gov_3ldt_force-20260515-114650/bs_kernel_3ldt.csv
[W515 11:49:03.535840914 AllocatorConfig.cpp:28] Warning: PYTORCH_CUDA_ALLOC_CONF is deprecated, use PYTORCH_ALLOC_CONF instead (function operator())
Done. Results: benchmarks/bs_kernel/results/gov_3ldt_force-20260515-114650
