/home/u4320956/beam_engine-v3/.venv/lib/python3.11/site-packages/tvm_ffi/_optional_torch_c_dlpack.py:181: UserWarning: Failed to JIT torch c dlpack extension, EnvTensorAllocator will not be enabled.
We recommend installing via `pip install torch-c-dlpack-ext`
  warnings.warn(
grid: 18 (K,L_p,B) cells × 6 methods = 108 runs
methods: ['paged', 'tree', 'fasttree', 'mlca', 'adaptive_pool', 'bs_kernel']
max_new: 16
Loading tokenizer + model...
Fetching 11 files:   0%|          | 0/11 [00:00<?, ?it/s]Fetching 11 files: 100%|██████████| 11/11 [00:00<00:00, 27776.85it/s]
Model loaded.

  paged          K=16  L_p=8192   B=1  prefill= 1152.4ms  decode_total=  282.5ms  per_pt_token= 18.84ms  (  1.5s wall)
  tree           K=16  L_p=8192   B=1  prefill=  232.7ms  decode_total=  312.0ms  per_pt_token= 20.80ms  (  0.6s wall)
  fasttree       K=16  L_p=8192   B=1  prefill=  229.4ms  decode_total=  681.7ms  per_pt_token= 45.45ms  (  0.9s wall)
  mlca           K=16  L_p=8192   B=1  prefill=  234.6ms  decode_total=  211.5ms  per_pt_token= 14.10ms  (  0.5s wall)
  adaptive_pool  K=16  L_p=8192   B=1  prefill=  235.9ms  decode_total=  214.6ms  per_pt_token= 14.30ms  (  0.5s wall)
  bs_kernel      K=16  L_p=8192   B=1  prefill=  234.8ms  decode_total=  174.6ms  per_pt_token= 11.64ms  (  0.4s wall)
  paged          K=16  L_p=8192   B=2  prefill=  467.6ms  decode_total=  274.6ms  per_pt_token=  9.15ms  (  0.8s wall)
  tree           K=16  L_p=8192   B=2  prefill=  458.4ms  decode_total=  470.7ms  per_pt_token= 15.69ms  (  0.9s wall)
  fasttree       K=16  L_p=8192   B=2  prefill=  455.1ms  decode_total=  373.2ms  per_pt_token= 12.44ms  (  0.8s wall)
  mlca           K=16  L_p=8192   B=2  prefill=  465.7ms  decode_total=  235.6ms  per_pt_token=  7.85ms  (  0.7s wall)
  adaptive_pool  K=16  L_p=8192   B=2  prefill=  465.6ms  decode_total=  229.8ms  per_pt_token=  7.66ms  (  0.7s wall)
  bs_kernel      K=16  L_p=8192   B=2  prefill=  466.5ms  decode_total=  223.4ms  per_pt_token=  7.45ms  (  0.7s wall)
  paged          K=16  L_p=8192   B=4  prefill=  944.9ms  decode_total=  436.9ms  per_pt_token=  7.28ms  (  1.4s wall)
  tree           K=16  L_p=8192   B=4  prefill=  928.1ms  decode_total=  942.5ms  per_pt_token= 15.71ms  (  1.9s wall)
  fasttree       K=16  L_p=8192   B=4  prefill=  922.7ms  decode_total=  571.7ms  per_pt_token=  9.53ms  (  1.5s wall)
  mlca           K=16  L_p=8192   B=4  prefill=  947.0ms  decode_total=  326.0ms  per_pt_token=  5.43ms  (  1.3s wall)
  adaptive_pool  K=16  L_p=8192   B=4  prefill=  949.1ms  decode_total=  328.9ms  per_pt_token=  5.48ms  (  1.3s wall)
  bs_kernel      K=16  L_p=8192   B=4  prefill=  947.7ms  decode_total=  322.9ms  per_pt_token=  5.38ms  (  1.3s wall)
  paged          K=16  L_p=8192   B=8  prefill= 1883.6ms  decode_total=  760.9ms  per_pt_token=  6.34ms  (  2.7s wall)
  tree           K=16  L_p=8192   B=8  prefill= 1854.1ms  decode_total= 1888.8ms  per_pt_token= 15.74ms  (  3.8s wall)
  fasttree       K=16  L_p=8192   B=8  prefill= 1856.0ms  decode_total= 1025.8ms  per_pt_token=  8.55ms  (  2.9s wall)
  mlca           K=16  L_p=8192   B=8  prefill= 1882.7ms  decode_total=  523.3ms  per_pt_token=  4.36ms  (  2.5s wall)
  adaptive_pool  K=16  L_p=8192   B=8  prefill= 1888.4ms  decode_total=  530.5ms  per_pt_token=  4.42ms  (  2.5s wall)
  bs_kernel      K=16  L_p=8192   B=8  prefill= 1890.8ms  decode_total=  522.5ms  per_pt_token=  4.35ms  (  2.5s wall)
  paged          K=16  L_p=8192   B=16 prefill= 3816.1ms  decode_total= 1428.1ms  per_pt_token=  5.95ms  (  5.3s wall)
  tree           K=16  L_p=8192   B=16 prefill= 3731.4ms  decode_total= 3775.9ms  per_pt_token= 15.73ms  (  7.6s wall)
  fasttree       K=16  L_p=8192   B=16 prefill= 3736.0ms  decode_total= 1942.4ms  per_pt_token=  8.09ms  (  5.7s wall)
  mlca           K=16  L_p=8192   B=16 prefill= 3841.2ms  decode_total=  927.2ms  per_pt_token=  3.86ms  (  4.9s wall)
  adaptive_pool  K=16  L_p=8192   B=16 prefill= 3826.5ms  decode_total=  940.6ms  per_pt_token=  3.92ms  (  4.9s wall)
  bs_kernel      K=16  L_p=8192   B=16 prefill= 3827.2ms  decode_total=  931.0ms  per_pt_token=  3.88ms  (  4.8s wall)
  paged          K=16  L_p=8192   B=32   [paged] FAILED: OutOfMemoryError: CUDA out of memory. Tried to allocate 2.00 GiB. GPU 0 has a total capacity of 79.10 GiB of which 1.78 GiB is free. Including non-PyTorch memory, this process has 77.31 GiB memory in use. Of the allocated memory 76.64 GiB is allocated by PyTorch, and 20.30 MiB is reserved by PyTorch but unallocated. If reserved but unallocated memory is large try setting PYTORCH_CUDA_ALLOC_CONF=expandable_segments:True to avoid fragmentation.  See documentation for Memory Management  (https://pytorch.org/docs/stable/notes/cuda.html#environment-variables)
  tree           K=16  L_p=8192   B=32 prefill= 7447.4ms  decode_total= 7561.8ms  per_pt_token= 15.75ms  ( 15.1s wall)
  fasttree       K=16  L_p=8192   B=32   [fasttree] FAILED: OutOfMemoryError: CUDA out of memory. Tried to allocate 14.00 GiB. GPU 0 has a total capacity of 79.10 GiB of which 12.23 GiB is free. Including non-PyTorch memory, this process has 66.85 GiB memory in use. Of the allocated memory 54.19 GiB is allocated by PyTorch, and 12.01 GiB is reserved by PyTorch but unallocated. If reserved but unallocated memory is large try setting PYTORCH_CUDA_ALLOC_CONF=expandable_segments:True to avoid fragmentation.  See documentation for Memory Management  (https://pytorch.org/docs/stable/notes/cuda.html#environment-variables)
  mlca           K=16  L_p=8192   B=32   [mlca] FAILED: OutOfMemoryError: CUDA out of memory. Tried to allocate 2.00 GiB. GPU 0 has a total capacity of 79.10 GiB of which 1.78 GiB is free. Including non-PyTorch memory, this process has 77.31 GiB memory in use. Of the allocated memory 76.64 GiB is allocated by PyTorch, and 12.05 MiB is reserved by PyTorch but unallocated. If reserved but unallocated memory is large try setting PYTORCH_CUDA_ALLOC_CONF=expandable_segments:True to avoid fragmentation.  See documentation for Memory Management  (https://pytorch.org/docs/stable/notes/cuda.html#environment-variables)
  adaptive_pool  K=16  L_p=8192   B=32   [adaptive_pool] FAILED: OutOfMemoryError: CUDA out of memory. Tried to allocate 2.00 GiB. GPU 0 has a total capacity of 79.10 GiB of which 1.79 GiB is free. Including non-PyTorch memory, this process has 77.29 GiB memory in use. Of the allocated memory 76.63 GiB is allocated by PyTorch, and 8.30 MiB is reserved by PyTorch but unallocated. If reserved but unallocated memory is large try setting PYTORCH_CUDA_ALLOC_CONF=expandable_segments:True to avoid fragmentation.  See documentation for Memory Management  (https://pytorch.org/docs/stable/notes/cuda.html#environment-variables)
  bs_kernel      K=16  L_p=8192   B=32   [bs_kernel] FAILED: OutOfMemoryError: CUDA out of memory. Tried to allocate 2.00 GiB. GPU 0 has a total capacity of 79.10 GiB of which 1.78 GiB is free. Including non-PyTorch memory, this process has 77.31 GiB memory in use. Of the allocated memory 76.64 GiB is allocated by PyTorch, and 20.30 MiB is reserved by PyTorch but unallocated. If reserved but unallocated memory is large try setting PYTORCH_CUDA_ALLOC_CONF=expandable_segments:True to avoid fragmentation.  See documentation for Memory Management  (https://pytorch.org/docs/stable/notes/cuda.html#environment-variables)
  paged          K=32  L_p=8192   B=1  prefill=  244.7ms  decode_total=  266.3ms  per_pt_token= 17.75ms  (  0.6s wall)
  tree           K=32  L_p=8192   B=1  prefill=  232.4ms  decode_total=  343.4ms  per_pt_token= 22.89ms  (  0.6s wall)
  fasttree       K=32  L_p=8192   B=1  prefill=  234.4ms  decode_total=  378.6ms  per_pt_token= 25.24ms  (  0.6s wall)
  mlca           K=32  L_p=8192   B=1  prefill=  237.4ms  decode_total=  223.3ms  per_pt_token= 14.89ms  (  0.5s wall)
  adaptive_pool  K=32  L_p=8192   B=1  prefill=  233.6ms  decode_total=  208.2ms  per_pt_token= 13.88ms  (  0.5s wall)
  bs_kernel      K=32  L_p=8192   B=1  prefill=  235.5ms  decode_total=  213.4ms  per_pt_token= 14.22ms  (  0.5s wall)
  paged          K=32  L_p=8192   B=2  prefill=  471.8ms  decode_total=  406.2ms  per_pt_token= 13.54ms  (  0.9s wall)
  tree           K=32  L_p=8192   B=2  prefill=  468.5ms  decode_total=  682.8ms  per_pt_token= 22.76ms  (  1.2s wall)
  fasttree       K=32  L_p=8192   B=2  prefill=  454.8ms  decode_total=  626.1ms  per_pt_token= 20.87ms  (  1.1s wall)
  mlca           K=32  L_p=8192   B=2  prefill=  467.9ms  decode_total=  293.2ms  per_pt_token=  9.77ms  (  0.8s wall)
  adaptive_pool  K=32  L_p=8192   B=2  prefill=  469.6ms  decode_total=  287.2ms  per_pt_token=  9.57ms  (  0.8s wall)
  bs_kernel      K=32  L_p=8192   B=2  prefill=  465.6ms  decode_total=  290.5ms  per_pt_token=  9.68ms  (  0.8s wall)
  paged          K=32  L_p=8192   B=4  prefill=  950.1ms  decode_total=  710.7ms  per_pt_token= 11.84ms  (  1.7s wall)
  tree           K=32  L_p=8192   B=4  prefill=  929.3ms  decode_total= 1367.8ms  per_pt_token= 22.80ms  (  2.3s wall)
  fasttree       K=32  L_p=8192   B=4  prefill=  922.0ms  decode_total= 1029.6ms  per_pt_token= 17.16ms  (  2.0s wall)
  mlca           K=32  L_p=8192   B=4  prefill=  949.3ms  decode_total=  455.6ms  per_pt_token=  7.59ms  (  1.4s wall)
  adaptive_pool  K=32  L_p=8192   B=4  prefill=  948.6ms  decode_total=  446.1ms  per_pt_token=  7.44ms  (  1.4s wall)
  bs_kernel      K=32  L_p=8192   B=4  prefill=  948.6ms  decode_total=  460.4ms  per_pt_token=  7.67ms  (  1.4s wall)
  paged          K=32  L_p=8192   B=8  prefill= 1906.2ms  decode_total= 1327.3ms  per_pt_token= 11.06ms  (  3.3s wall)
  tree           K=32  L_p=8192   B=8  prefill= 1858.0ms  decode_total= 2733.4ms  per_pt_token= 22.78ms  (  4.7s wall)
  fasttree       K=32  L_p=8192   B=8  prefill= 1860.8ms  decode_total= 1920.5ms  per_pt_token= 16.00ms  (  3.8s wall)
  mlca           K=32  L_p=8192   B=8  prefill= 1884.0ms  decode_total=  888.8ms  per_pt_token=  7.41ms  (  2.8s wall)
  adaptive_pool  K=32  L_p=8192   B=8  prefill= 1887.3ms  decode_total=  782.4ms  per_pt_token=  6.52ms  (  2.7s wall)
  bs_kernel      K=32  L_p=8192   B=8  prefill= 1888.9ms  decode_total=  804.9ms  per_pt_token=  6.71ms  (  2.8s wall)
  paged          K=32  L_p=8192   B=16 prefill= 3798.8ms  decode_total= 2596.7ms  per_pt_token= 10.82ms  (  6.5s wall)
  tree           K=32  L_p=8192   B=16 prefill= 3719.0ms  decode_total= 5478.2ms  per_pt_token= 22.83ms  (  9.3s wall)
  fasttree       K=32  L_p=8192   B=16 prefill= 3729.9ms  decode_total= 3868.6ms  per_pt_token= 16.12ms  (  7.7s wall)
  mlca           K=32  L_p=8192   B=16 prefill= 3827.7ms  decode_total= 1604.7ms  per_pt_token=  6.69ms  (  5.5s wall)
  adaptive_pool  K=32  L_p=8192   B=16 prefill= 3807.9ms  decode_total= 1476.0ms  per_pt_token=  6.15ms  (  5.4s wall)
  bs_kernel      K=32  L_p=8192   B=16 prefill= 3840.3ms  decode_total= 1525.3ms  per_pt_token=  6.36ms  (  5.5s wall)
  paged          K=32  L_p=8192   B=32   [paged] FAILED: OutOfMemoryError: CUDA out of memory. Tried to allocate 7.00 GiB. GPU 0 has a total capacity of 79.10 GiB of which 4.78 GiB is free. Including non-PyTorch memory, this process has 74.31 GiB memory in use. Of the allocated memory 73.64 GiB is allocated by PyTorch, and 20.30 MiB is reserved by PyTorch but unallocated. If reserved but unallocated memory is large try setting PYTORCH_CUDA_ALLOC_CONF=expandable_segments:True to avoid fragmentation.  See documentation for Memory Management  (https://pytorch.org/docs/stable/notes/cuda.html#environment-variables)
  tree           K=32  L_p=8192   B=32 prefill= 7432.9ms  decode_total=10960.1ms  per_pt_token= 22.83ms  ( 18.5s wall)
  fasttree       K=32  L_p=8192   B=32   [fasttree] FAILED: OutOfMemoryError: CUDA out of memory. Tried to allocate 14.00 GiB. GPU 0 has a total capacity of 79.10 GiB of which 11.17 GiB is free. Including non-PyTorch memory, this process has 67.92 GiB memory in use. Of the allocated memory 55.25 GiB is allocated by PyTorch, and 12.01 GiB is reserved by PyTorch but unallocated. If reserved but unallocated memory is large try setting PYTORCH_CUDA_ALLOC_CONF=expandable_segments:True to avoid fragmentation.  See documentation for Memory Management  (https://pytorch.org/docs/stable/notes/cuda.html#environment-variables)
  mlca           K=32  L_p=8192   B=32   [mlca] FAILED: OutOfMemoryError: CUDA out of memory. Tried to allocate 7.00 GiB. GPU 0 has a total capacity of 79.10 GiB of which 4.78 GiB is free. Including non-PyTorch memory, this process has 74.31 GiB memory in use. Of the allocated memory 73.64 GiB is allocated by PyTorch, and 12.05 MiB is reserved by PyTorch but unallocated. If reserved but unallocated memory is large try setting PYTORCH_CUDA_ALLOC_CONF=expandable_segments:True to avoid fragmentation.  See documentation for Memory Management  (https://pytorch.org/docs/stable/notes/cuda.html#environment-variables)
  adaptive_pool  K=32  L_p=8192   B=32   [adaptive_pool] FAILED: OutOfMemoryError: CUDA out of memory. Tried to allocate 7.00 GiB. GPU 0 has a total capacity of 79.10 GiB of which 4.79 GiB is free. Including non-PyTorch memory, this process has 74.29 GiB memory in use. Of the allocated memory 73.63 GiB is allocated by PyTorch, and 8.30 MiB is reserved by PyTorch but unallocated. If reserved but unallocated memory is large try setting PYTORCH_CUDA_ALLOC_CONF=expandable_segments:True to avoid fragmentation.  See documentation for Memory Management  (https://pytorch.org/docs/stable/notes/cuda.html#environment-variables)
  bs_kernel      K=32  L_p=8192   B=32   [bs_kernel] FAILED: OutOfMemoryError: CUDA out of memory. Tried to allocate 7.00 GiB. GPU 0 has a total capacity of 79.10 GiB of which 4.78 GiB is free. Including non-PyTorch memory, this process has 74.31 GiB memory in use. Of the allocated memory 73.64 GiB is allocated by PyTorch, and 20.30 MiB is reserved by PyTorch but unallocated. If reserved but unallocated memory is large try setting PYTORCH_CUDA_ALLOC_CONF=expandable_segments:True to avoid fragmentation.  See documentation for Memory Management  (https://pytorch.org/docs/stable/notes/cuda.html#environment-variables)
  paged          K=64  L_p=8192   B=1  prefill=  245.2ms  decode_total=  399.6ms  per_pt_token= 26.64ms  (  0.7s wall)
  tree           K=64  L_p=8192   B=1  prefill=  230.3ms  decode_total=  555.2ms  per_pt_token= 37.01ms  (  0.8s wall)
  fasttree       K=64  L_p=8192   B=1  prefill=  232.6ms  decode_total=  522.0ms  per_pt_token= 34.80ms  (  0.8s wall)
  mlca           K=64  L_p=8192   B=1  prefill=  237.1ms  decode_total=  276.4ms  per_pt_token= 18.43ms  (  0.5s wall)
  adaptive_pool  K=64  L_p=8192   B=1  prefill=  238.3ms  decode_total=  270.4ms  per_pt_token= 18.03ms  (  0.5s wall)
  bs_kernel      K=64  L_p=8192   B=1  prefill=  236.0ms  decode_total=  273.1ms  per_pt_token= 18.20ms  (  0.5s wall)
  paged          K=64  L_p=8192   B=2  prefill=  463.2ms  decode_total=  680.2ms  per_pt_token= 22.67ms  (  1.2s wall)
  tree           K=64  L_p=8192   B=2  prefill=  465.6ms  decode_total= 1111.0ms  per_pt_token= 37.03ms  (  1.6s wall)
  fasttree       K=64  L_p=8192   B=2  prefill=  453.9ms  decode_total=  904.9ms  per_pt_token= 30.16ms  (  1.4s wall)
  mlca           K=64  L_p=8192   B=2  prefill=  463.2ms  decode_total=  423.0ms  per_pt_token= 14.10ms  (  0.9s wall)
  adaptive_pool  K=64  L_p=8192   B=2  prefill=  467.2ms  decode_total=  417.4ms  per_pt_token= 13.91ms  (  0.9s wall)
  bs_kernel      K=64  L_p=8192   B=2  prefill=  463.7ms  decode_total=  428.8ms  per_pt_token= 14.29ms  (  0.9s wall)
  paged          K=64  L_p=8192   B=4  prefill=  948.8ms  decode_total= 1278.3ms  per_pt_token= 21.30ms  (  2.3s wall)
  tree           K=64  L_p=8192   B=4  prefill=  929.1ms  decode_total= 2224.9ms  per_pt_token= 37.08ms  (  3.2s wall)
  fasttree       K=64  L_p=8192   B=4  prefill=  929.1ms  decode_total= 1591.8ms  per_pt_token= 26.53ms  (  2.6s wall)
  mlca           K=64  L_p=8192   B=4  prefill=  946.2ms  decode_total=  734.8ms  per_pt_token= 12.25ms  (  1.7s wall)
  adaptive_pool  K=64  L_p=8192   B=4  prefill=  948.7ms  decode_total=  721.3ms  per_pt_token= 12.02ms  (  1.7s wall)
  bs_kernel      K=64  L_p=8192   B=4  prefill=  941.3ms  decode_total=  744.2ms  per_pt_token= 12.40ms  (  1.7s wall)
  paged          K=64  L_p=8192   B=8  prefill= 1893.2ms  decode_total= 2584.8ms  per_pt_token= 21.54ms  (  4.5s wall)
  tree           K=64  L_p=8192   B=8  prefill= 1866.4ms  decode_total= 4447.7ms  per_pt_token= 37.06ms  (  6.4s wall)
  fasttree       K=64  L_p=8192   B=8  prefill= 1853.1ms  decode_total= 3166.4ms  per_pt_token= 26.39ms  (  5.1s wall)
  mlca           K=64  L_p=8192   B=8  prefill= 1886.5ms  decode_total= 1370.4ms  per_pt_token= 11.42ms  (  3.3s wall)
  adaptive_pool  K=64  L_p=8192   B=8  prefill= 1886.4ms  decode_total= 1345.6ms  per_pt_token= 11.21ms  (  3.3s wall)
  bs_kernel      K=64  L_p=8192   B=8  prefill= 1889.3ms  decode_total= 1490.3ms  per_pt_token= 12.42ms  (  3.4s wall)
  paged          K=64  L_p=8192   B=16 prefill= 3817.6ms  decode_total= 4951.5ms  per_pt_token= 20.63ms  (  8.9s wall)
  tree           K=64  L_p=8192   B=16 