=== ldt fixup 2026-05-19T16:48:11+08:00 ===
=== running method: bs_kernel_2ldt ===
W0519 16:48:12.487000 1974272 torch/distributed/run.py:803] 
W0519 16:48:12.487000 1974272 torch/distributed/run.py:803] *****************************************
W0519 16:48:12.487000 1974272 torch/distributed/run.py:803] Setting OMP_NUM_THREADS environment variable for each process to be 1 in default, to avoid your system being overloaded, please further tune the variable for optimal performance in your application as needed. 
W0519 16:48:12.487000 1974272 torch/distributed/run.py:803] *****************************************
/home/u4320956/beam_engine-v3/.venv/lib/python3.11/site-packages/tvm_ffi/_optional_torch_c_dlpack.py:181: UserWarning: Failed to JIT torch c dlpack extension, EnvTensorAllocator will not be enabled.
We recommend installing via `pip install torch-c-dlpack-ext`
  warnings.warn(
/home/u4320956/beam_engine-v3/.venv/lib/python3.11/site-packages/tvm_ffi/_optional_torch_c_dlpack.py:181: UserWarning: Failed to JIT torch c dlpack extension, EnvTensorAllocator will not be enabled.
We recommend installing via `pip install torch-c-dlpack-ext`
  warnings.warn(
grid: 1 (K,L_p,B) cells × 1 methods = 1 runs  (tp_size=2)
methods: ['bs_kernel_2ldt']
max_new: 2048
Loading tokenizer + model...
Fetching 11 files:   0%|          | 0/11 [00:00<?, ?it/s]Fetching 11 files: 100%|██████████| 11/11 [00:00<00:00, 95522.45it/s]
Fetching 11 files:   0%|          | 0/11 [00:00<?, ?it/s]Fetching 11 files: 100%|██████████| 11/11 [00:00<00:00, 34201.14it/s]
Model loaded.

loaded 200 prompts from data/gov_report.jsonl
  bs_kernel_2ldt warmup K=32  L_p=8192   B=8  
[bs_kernel plan-trace] 2047 steps (PER_BEAM: 0, DEC_TAIL: 2047, SHARED: 0)

  -- DEC_TAIL path (2047 steps) --
  strategy mix: {'SHARED_2L_DEC_TAIL': 2047}
  prefix re-plans: 28/2047 (1.4%)   decode full re-plans: 1/2047 (0.0%)

[bs_kernel plan-trace] 2047 steps (PER_BEAM: 0, DEC_TAIL: 2047, SHARED: 0)

  -- DEC_TAIL path (2047 steps) --
  strategy mix: {'SHARED_2L_DEC_TAIL': 2047}
  prefix re-plans: 28/2047 (1.4%)   decode full re-plans: 1/2047 (0.0%)
  phase                        mean     median        p90        p99        total
  decomp_ms                   2.682      2.584      3.328      3.954      5489.09
  pick_ms                     0.053      0.053      0.056      0.062       108.71
  prefix_plan_ms              0.408      0.178      0.527      1.250       836.19
  decode_build_ms             0.588      0.584      0.827      0.894      1203.81
  decode_plan_ms              0.046      0.013      0.014      0.021        93.17
  phase                        mean     median        p90        p99        total
  decomp_ms                   2.695      2.543      3.294      3.859      5517.35
  pick_ms                     0.053      0.052      0.056      0.062       107.56
  prefix_plan_ms              0.358      0.181      0.539      1.307       732.73
  decode_build_ms             0.583      0.573      0.821      0.898      1194.26
  decode_plan_ms              0.028      0.013      0.014      0.021        58.31
discard          decode_total=45750.2ms  ( 49.1s wall)
  bs_kernel_2ldt        K=32  L_p=8192   B=8  
[bs_kernel plan-trace] 2047 steps (PER_BEAM: 0, DEC_TAIL: 2047, SHARED: 0)

  -- DEC_TAIL path (2047 steps) --
  strategy mix: {'SHARED_2L_DEC_TAIL': 2047}
  prefix re-plans: 28/2047 (1.4%)   decode full re-plans: 1/2047 (0.0%)

[bs_kernel plan-trace] 2047 steps (PER_BEAM: 0, DEC_TAIL: 2047, SHARED: 0)

  -- DEC_TAIL path (2047 steps) --
  strategy mix: {'SHARED_2L_DEC_TAIL': 2047}
  prefix re-plans: 28/2047 (1.4%)   decode full re-plans: 1/2047 (0.0%)
  phase                        mean     median        p90        p99        total
  decomp_ms                   2.755      2.587      3.337      3.973      5640.08
  pick_ms                     0.053      0.052      0.056      0.061       107.95
  prefix_plan_ms              0.285      0.177      0.516      1.188       584.09
  decode_build_ms             0.585      0.580      0.823      0.901      1198.07
  decode_plan_ms              0.014      0.013      0.014      0.020        28.19
  phase                        mean     median        p90        p99        total
  decomp_ms                   2.726      2.551      3.322      3.934      5580.85
  pick_ms                     0.052      0.052      0.056      0.061       107.44
  prefix_plan_ms              0.290      0.179      0.529      1.202       592.72
  decode_build_ms             0.587      0.580      0.829      0.904      1201.58
  decode_plan_ms              0.014      0.013      0.014      0.022        28.61
prefill= 1031.1ms  decode_total=45250.5ms  per_pt_token=  2.76ms  ( 46.8s wall)

wrote 1 rows to benchmarks/bs_kernel/results/paper-exp/exp2_dispatch_ablation_tp2_8b/bs_kernel_2ldt.csv
[W519 16:50:17.842442648 AllocatorConfig.cpp:28] Warning: PYTORCH_CUDA_ALLOC_CONF is deprecated, use PYTORCH_ALLOC_CONF instead (function operator())
[W519 16:50:17.843433927 AllocatorConfig.cpp:28] Warning: PYTORCH_CUDA_ALLOC_CONF is deprecated, use PYTORCH_ALLOC_CONF instead (function operator())
[W519 16:50:17.526838569 AllocatorConfig.cpp:28] Warning: PYTORCH_CUDA_ALLOC_CONF is deprecated, use PYTORCH_ALLOC_CONF instead (function operator())
=== running method: bs_kernel_3ldt ===
W0519 16:50:19.228000 1983860 torch/distributed/run.py:803] 
W0519 16:50:19.228000 1983860 torch/distributed/run.py:803] *****************************************
W0519 16:50:19.228000 1983860 torch/distributed/run.py:803] Setting OMP_NUM_THREADS environment variable for each process to be 1 in default, to avoid your system being overloaded, please further tune the variable for optimal performance in your application as needed. 
W0519 16:50:19.228000 1983860 torch/distributed/run.py:803] *****************************************
/home/u4320956/beam_engine-v3/.venv/lib/python3.11/site-packages/tvm_ffi/_optional_torch_c_dlpack.py:181: UserWarning: Failed to JIT torch c dlpack extension, EnvTensorAllocator will not be enabled.
We recommend installing via `pip install torch-c-dlpack-ext`
  warnings.warn(
/home/u4320956/beam_engine-v3/.venv/lib/python3.11/site-packages/tvm_ffi/_optional_torch_c_dlpack.py:181: UserWarning: Failed to JIT torch c dlpack extension, EnvTensorAllocator will not be enabled.
We recommend installing via `pip install torch-c-dlpack-ext`
  warnings.warn(
grid: 1 (K,L_p,B) cells × 1 methods = 1 runs  (tp_size=2)
methods: ['bs_kernel_3ldt']
max_new: 2048
Loading tokenizer + model...
Fetching 11 files:   0%|          | 0/11 [00:00<?, ?it/s]Fetching 11 files: 100%|██████████| 11/11 [00:00<00:00, 18777.92it/s]
Fetching 11 files:   0%|          | 0/11 [00:00<?, ?it/s]Fetching 11 files: 100%|██████████| 11/11 [00:00<00:00, 35165.66it/s]
Model loaded.

loaded 200 prompts from data/gov_report.jsonl
  bs_kernel_3ldt warmup K=32  L_p=8192   B=8  
[bs_kernel plan-trace] 2047 steps (PER_BEAM: 0, DEC_TAIL: 2047, SHARED: 0)

  -- DEC_TAIL path (2047 steps) --
  strategy mix: {'SHARED_2L_DEC_TAIL': 23, 'SHARED_3L_DEC_TAIL': 2024}
  prefix re-plans: 2027/2047 (99.0%)   decode full re-plans: 1/2047 (0.0%)
  phase                        mean     median        p90        p99        total
  decomp_ms                   2.820      2.671      3.410      4.079      5772.38
  pick_ms                     0.066      0.065      0.070      0.079       134.64
  prefix_plan_ms              1.930      1.841      2.435      2.975      3949.99
  decode_build_ms             0.539      0.533      0.748      0.811      1102.40
  decode_plan_ms              0.045      0.013      0.013      0.020        91.46

[bs_kernel plan-trace] 2047 steps (PER_BEAM: 0, DEC_TAIL: 2047, SHARED: 0)

  -- DEC_TAIL path (2047 steps) --
  strategy mix: {'SHARED_2L_DEC_TAIL': 23, 'SHARED_3L_DEC_TAIL': 2024}
  prefix re-plans: 2027/2047 (99.0%)   decode full re-plans: 1/2047 (0.0%)
  phase                        mean     median        p90        p99        total
  decomp_ms                   2.875      2.676      3.397      3.991      5885.04
  pick_ms                     0.066      0.065      0.070      0.079       135.02
  prefix_plan_ms              1.863      1.831      2.431      3.116      3814.44
  decode_build_ms             0.538      0.527      0.759      0.819      1101.33
  decode_plan_ms              0.028      0.013      0.013      0.020        56.65
discard          decode_total=50965.1ms  ( 54.3s wall)
  bs_kernel_3ldt        K=32  L_p=8192   B=8  
[bs_kernel plan-trace] 2047 steps (PER_BEAM: 0, DEC_TAIL: 2047, SHARED: 0)

  -- DEC_TAIL path (2047 steps) --
  strategy mix: {'SHARED_2L_DEC_TAIL': 23, 'SHARED_3L_DEC_TAIL': 2024}
  prefix re-plans: 2027/2047 (99.0%)   decode full re-plans: 1/2047 (0.0%)

[bs_kernel plan-trace] 2047 steps (PER_BEAM: 0, DEC_TAIL: 2047, SHARED: 0)

  -- DEC_TAIL path (2047 steps) --
  strategy mix: {'SHARED_2L_DEC_TAIL': 23, 'SHARED_3L_DEC_TAIL': 2024}
  prefix re-plans: 2027/2047 (99.0%)   decode full re-plans: 1/2047 (0.0%)
  phase                        mean     median        p90        p99        total
  decomp_ms                   2.785      2.692      3.425      4.114      5700.06
  pick_ms                     0.066      0.065      0.070      0.078       135.22
  prefix_plan_ms              1.963      1.857      2.494      3.069      4018.11
  decode_build_ms             0.546      0.534      0.769      0.829      1118.09
  decode_plan_ms              0.013      0.013      0.013      0.021        27.26
  phase                        mean     median        p90        p99        total
  decomp_ms                   2.773      2.685      3.411      4.114      5676.39
  pick_ms                     0.066      0.065      0.070      0.077       134.57
  prefix_plan_ms              1.958      1.855      2.498      3.068      4008.87
  decode_build_ms             0.544      0.535      0.768      0.831      1113.72
  decode_plan_ms              0.013      0.013      0.014      0.020        27.33
prefill= 1022.1ms  decode_total=50563.4ms  per_pt_token=  3.09ms  ( 52.1s wall)

wrote 1 rows to benchmarks/bs_kernel/results/paper-exp/exp2_dispatch_ablation_tp2_8b/bs_kernel_3ldt.csv
[W519 16:52:34.494425309 AllocatorConfig.cpp:28] Warning: PYTORCH_CUDA_ALLOC_CONF is deprecated, use PYTORCH_ALLOC_CONF instead (function operator())
[W519 16:52:34.499189564 AllocatorConfig.cpp:28] Warning: PYTORCH_CUDA_ALLOC_CONF is deprecated, use PYTORCH_ALLOC_CONF instead (function operator())
[W519 16:52:35.274159185 AllocatorConfig.cpp:28] Warning: PYTORCH_CUDA_ALLOC_CONF is deprecated, use PYTORCH_ALLOC_CONF instead (function operator())
=== running method: bs_kernel_4ldt ===
W0519 16:52:37.002000 1994582 torch/distributed/run.py:803] 
W0519 16:52:37.002000 1994582 torch/distributed/run.py:803] *****************************************
W0519 16:52:37.002000 1994582 torch/distributed/run.py:803] Setting OMP_NUM_THREADS environment variable for each process to be 1 in default, to avoid your system being overloaded, please further tune the variable for optimal performance in your application as needed. 
W0519 16:52:37.002000 1994582 torch/distributed/run.py:803] *****************************************
/home/u4320956/beam_engine-v3/.venv/lib/python3.11/site-packages/tvm_ffi/_optional_torch_c_dlpack.py:181: UserWarning: Failed to JIT torch c dlpack extension, EnvTensorAllocator will not be enabled.
We recommend installing via `pip install torch-c-dlpack-ext`
  warnings.warn(
/home/u4320956/beam_engine-v3/.venv/lib/python3.11/site-packages/tvm_ffi/_optional_torch_c_dlpack.py:181: UserWarning: Failed to JIT torch c dlpack extension, EnvTensorAllocator will not be enabled.
We recommend installing via `pip install torch-c-dlpack-ext`
  warnings.warn(
grid: 1 (K,L_p,B) cells × 1 methods = 1 runs  (tp_size=2)
methods: ['bs_kernel_4ldt']
max_new: 2048
Loading tokenizer + model...
Fetching 11 files:   0%|          | 0/11 [00:00<?, ?it/s]Fetching 11 files: 100%|██████████| 11/11 [00:00<00:00, 23289.93it/s]
Fetching 11 files:   0%|          | 0/11 [00:00<?, ?it/s]Fetching 11 files: 100%|██████████| 11/11 [00:00<00:00, 55924.05it/s]
Model loaded.

loaded 200 prompts from data/gov_report.jsonl
  bs_kernel_4ldt warmup K=32  L_p=8192   B=8  
[bs_kernel plan-trace] 2047 steps (PER_BEAM: 0, DEC_TAIL: 2047, SHARED: 0)

  -- DEC_TAIL path (2047 steps) --
  strategy mix: {'SHARED_2L_DEC_TAIL': 2047}
  prefix re-plans: 28/2047 (1.4%)   decode full re-plans: 1/2047 (0.0%)

[bs_kernel plan-trace] 2047 steps (PER_BEAM: 0, DEC_TAIL: 2047, SHARED: 0)

  -- DEC_TAIL path (2047 steps) --
  strategy mix: {'SHARED_2L_DEC_TAIL': 2047}
  prefix re-plans: 28/2047 (1.4%)   decode full re-plans: 1/2047 (0.0%)
  phase                        mean     median        p90        p99        total
  decomp_ms                   3.308      3.163      3.992      4.601      6771.00
  pick_ms                     0.122      0.125      0.135      0.144       250.25
  prefix_plan_ms              0.307      0.193      0.436      1.189       627.94
  decode_build_ms             0.599      0.586      0.840      0.899      1225.41
  decode_plan_ms              0.028      0.013      0.014      0.022        57.28
  phase                        mean     median        p90        p99        total
  decomp_ms                   3.319      3.166      3.998      4.620      6793.99
  pick_ms                     0.123      0.126      0.135      0.146       251.78
  prefix_plan_ms              0.309      0.194      0.440      1.203       632.84
  decode_build_ms             0.610      0.597      0.856      0.918      1248.66
  decode_plan_ms              0.046      0.014      0.014      0.022        93.45
discard          decode_total=46823.5ms  ( 50.2s wall)
  bs_kernel_4ldt        K=32  L_p=8192   B=8  
[bs_kernel plan-trace] 2047 steps (PER_BEAM: 0, DEC_TAIL: 2047, SHARED: 0)

[bs_kernel plan-trace] 2047 steps (PER_BEAM: 0, DEC_TAIL: 2047, SHARED: 0)

  -- DEC_TAIL path (2047 steps) --
  strategy mix: {'SHARED_2L_DEC_TAIL': 2047}
  prefix re-plans: 28/2047 (1.4%)   decode full re-plans: 1/2047 (0.0%)

  -- DEC_TAIL path (2047 steps) --
  strategy mix: {'SHARED_2L_DEC_TAIL': 2047}
  prefix re-plans: 28/2047 (1.4%)   decode full re-plans: 1/2047 (0.0%)
  phase                        mean     median        p90        p99        total
  decomp_ms                   3.342      3.135      3.939      4.655      6840.64
  pick_ms                     0.121      0.124      0.133      0.142       247.76
  prefix_plan_ms              0.224      0.179      0.406      1.049       458.39
  decode_build_ms             0.594      0.589      0.829      0.902      1216.06
  decode_plan_ms              0.014      0.014      0.014      0.022        29.34
  phase                        mean     median        p90        p99        total
  decomp_ms                   3.327      3.121      3.930      4.611      6810.54
  pick_ms                     0.120      0.123      0.132      0.141       246.30
  prefix_plan_ms              0.222      0.177      0.394      1.036       454.17
  decode_build_ms             0.582      0.575      0.819      0.897      1191.01
  decode_plan_ms              0.014      0.013      0.014      0.022        28.75
prefill= 1025.0ms  decode_total=46497.2ms  per_pt_token=  2.84ms  ( 48.1s wall)

wrote 1 rows to benchmarks/bs_kernel/results/paper-exp/exp2_dispatch_ablation_tp2_8b/bs_kernel_4ldt.csv
[W519 16:54:44.145507461 AllocatorConfig.cpp:28] Warning: PYTORCH_CUDA_ALLOC_CONF is deprecated, use PYTORCH_ALLOC_CONF instead (function operator())
[W519 16:54:44.148757144 AllocatorConfig.cpp:28] Warning: PYTORCH_CUDA_ALLOC_CONF is deprecated, use PYTORCH_ALLOC_CONF instead (function operator())
[W519 16:54:45.960794141 AllocatorConfig.cpp:28] Warning: PYTORCH_CUDA_ALLOC_CONF is deprecated, use PYTORCH_ALLOC_CONF instead (function operator())
=== final merged ===
method,K,L_p,B,max_new,prefill_ms,decode_total_ms,decode_per_token_ms,decode_per_prompt_per_token_ms,plan_mean_ms,plan_total_ms,forward_mean_ms,forward_total_ms,cow_mean_ms,cow_total_ms,topk_mean_ms,topk_total_ms,fork_mean_ms,fork_total_ms
bs_kernel,32,8192,8,2048,1032.3662,45155.8874,22.0595,2.7574,4.0858,8363.7056,15.5154,31759.9671,0.7126,1458.7405,1.2375,2533.1227,0.4930,1009.2479
bs_kernel_2l1p,32,8192,8,2048,1022.3032,49561.3100,24.2117,3.0265,4.3366,8877.0020,17.4266,35672.2131,0.7101,1453.6224,1.2391,2536.3852,0.4841,990.9603
bs_kernel_3l1p,32,8192,8,2048,1035.1761,51476.0249,25.1471,3.1434,5.0256,10287.3253,17.6426,36114.3061,0.7166,1466.7901,1.2417,2541.7056,0.5054,1034.6259
bs_kernel_4l1p,32,8192,8,2048,1026.9806,52511.8236,25.6531,3.2066,5.6970,11661.7023,17.5013,35825.2475,0.7151,1463.8236,1.2430,2544.4098,0.4814,985.3480
bs_kernel_5l1p,32,8192,8,2048,1037.9691,54366.2514,26.5590,3.3199,6.4823,13269.2671,17.6223,36072.7537,0.7095,1452.2646,1.2454,2549.3257,0.4842,991.2105
bs_kernel_2ldt,32,8192,8,2048,1031.0606,45250.5023,22.1058,2.7632,3.9584,8102.7450,15.6692,32074.9164,0.7152,1464.0378,1.2425,2543.4298,0.5053,1034.3335
bs_kernel_3ldt,32,8192,8,2048,1022.0792,50563.3782,24.7012,3.0877,5.6196,11503.2703,16.5941,33968.2108,0.7168,1467.3804,1.2440,2546.5367,0.5111,1046.2950
bs_kernel_4ldt,32,8192,8,2048,1025.0259,46497.1596,22.7148,2.8393,4.5719,9358.6271,15.6520,32039.6815,0.7228,1479.6210,1.2469,2552.4876,0.5056,1035.0219
bs_kernel_5ldt,32,8192,8,2048,1031.1423,47686.0835,23.2956,2.9119,5.1365,10514.4255,15.6805,32097.9878,0.7176,1468.9422,1.2407,2539.6163,0.5049,1033.5551
