=== mlca plan-phase breakdown 2026-05-17T17:49:30+08:00 ===
GPU: NVIDIA H100 80GB HBM3

==================================================
/home/u4320956/beam_engine-v3/.venv/lib/python3.11/site-packages/tvm_ffi/_optional_torch_c_dlpack.py:181: UserWarning: Failed to JIT torch c dlpack extension, EnvTensorAllocator will not be enabled.
We recommend installing via `pip install torch-c-dlpack-ext`
  warnings.warn(
=== MLCA plan-phase breakdown: cell=1B-fewshot ===
    B=32  K=64  L_p_pages=128  num_qo_heads=32  num_kv_heads=8  head_dim=64  page_size=16  iters=50

  phase                      p50 ms    mean ms     min ms     max ms
  ----------------------  ---------  ---------  ---------  ---------
  phase1_adaptive_levels     7.1386     7.1326     6.9487     7.3969
  phase2_pack_arrays         0.9304     0.9325     0.9048     0.9656
  phase3a_mlca_plan         12.2974    12.3040    12.1195    12.4898
  phase3b_fused_plan         1.5819     1.5835     1.5382     1.6696
  phase4_write_metadata      0.2656     0.2659     0.2540     0.2825
  combined_mlca             21.2690    22.2384    20.9476    71.3058
  combined_fused            10.4755    10.4575    10.2615    10.6663

  MLCA  per-step sum:   20.6320 ms  (p1 7.139 + p2 0.930 + p3a 12.297 + p4 0.266)
  FUSED per-step sum:   9.9165 ms  (p1 7.139 + p2 0.930 + p3b 1.582 + p4 0.266)
  Gap (mlca − fused):   10.7155 ms  (plan-call only: 10.7155 ms, 7.77× of fused)

  combined_mlca p50:    21.2690 ms
  combined_fused p50:   10.4755 ms

==================================================
/home/u4320956/beam_engine-v3/.venv/lib/python3.11/site-packages/tvm_ffi/_optional_torch_c_dlpack.py:181: UserWarning: Failed to JIT torch c dlpack extension, EnvTensorAllocator will not be enabled.
We recommend installing via `pip install torch-c-dlpack-ext`
  warnings.warn(
=== MLCA plan-phase breakdown: cell=1B-chain ===
    B=32  K=64  L_p_pages=160  num_qo_heads=32  num_kv_heads=8  head_dim=64  page_size=16  iters=50

  phase                      p50 ms    mean ms     min ms     max ms
  ----------------------  ---------  ---------  ---------  ---------
  phase1_adaptive_levels     6.9140     6.9113     6.7291     7.1212
  phase2_pack_arrays         0.9767     0.9774     0.9550     1.0245
  phase3a_mlca_plan         12.4771    12.4789    12.2734    12.6289
  phase3b_fused_plan         1.5906     1.5915     1.5510     1.6439
  phase4_write_metadata      0.2674     0.2683     0.2594     0.2840
  combined_mlca             21.3029    22.2995    20.9829    71.5434
  combined_fused            10.3818    10.3957    10.1664    10.6433

  MLCA  per-step sum:   20.6353 ms  (p1 6.914 + p2 0.977 + p3a 12.477 + p4 0.267)
  FUSED per-step sum:   9.7487 ms  (p1 6.914 + p2 0.977 + p3b 1.591 + p4 0.267)
  Gap (mlca − fused):   10.8865 ms  (plan-call only: 10.8865 ms, 7.84× of fused)

  combined_mlca p50:    21.3029 ms
  combined_fused p50:   10.3818 ms

==================================================
/home/u4320956/beam_engine-v3/.venv/lib/python3.11/site-packages/tvm_ffi/_optional_torch_c_dlpack.py:181: UserWarning: Failed to JIT torch c dlpack extension, EnvTensorAllocator will not be enabled.
We recommend installing via `pip install torch-c-dlpack-ext`
  warnings.warn(
=== MLCA plan-phase breakdown: cell=1B-levelsys ===
    B=4  K=64  L_p_pages=128  num_qo_heads=32  num_kv_heads=8  head_dim=64  page_size=16  iters=50

  phase                      p50 ms    mean ms     min ms     max ms
  ----------------------  ---------  ---------  ---------  ---------
  phase1_adaptive_levels     0.8821     0.8986     0.8285     1.0197
  phase2_pack_arrays         0.2151     0.2156     0.2110     0.2251
  phase3a_mlca_plan          1.9733     1.9763     1.9450     2.0808
  phase3b_fused_plan         0.6028     0.6052     0.5868     0.6511
  phase4_write_metadata      0.0645     0.0647     0.0631     0.0700
  combined_mlca              3.5869     3.5941     3.5130     3.7928
  combined_fused             2.0350     2.0490     1.9658     2.2245

  MLCA  per-step sum:   3.1350 ms  (p1 0.882 + p2 0.215 + p3a 1.973 + p4 0.065)
  FUSED per-step sum:   1.7645 ms  (p1 0.882 + p2 0.215 + p3b 0.603 + p4 0.065)
  Gap (mlca − fused):   1.3705 ms  (plan-call only: 1.3705 ms, 3.27× of fused)

  combined_mlca p50:    3.5869 ms
  combined_fused p50:   2.0350 ms

==================================================
/home/u4320956/beam_engine-v3/.venv/lib/python3.11/site-packages/tvm_ffi/_optional_torch_c_dlpack.py:181: UserWarning: Failed to JIT torch c dlpack extension, EnvTensorAllocator will not be enabled.
We recommend installing via `pip install torch-c-dlpack-ext`
  warnings.warn(
=== MLCA plan-phase breakdown: cell=8B-fewshot ===
    B=8  K=64  L_p_pages=128  num_qo_heads=32  num_kv_heads=8  head_dim=128  page_size=16  iters=50

  phase                      p50 ms    mean ms     min ms     max ms
  ----------------------  ---------  ---------  ---------  ---------
  phase1_adaptive_levels     1.7702     1.7637     1.6665     1.9599
  phase2_pack_arrays         0.3207     0.3218     0.3142     0.3323
  phase3a_mlca_plan          3.5907     3.5894     3.5521     3.6331
  phase3b_fused_plan         0.7429     0.7460     0.7285     0.7963
  phase4_write_metadata      0.0953     0.0956     0.0923     0.1039
  combined_mlca              6.2213     6.2356     6.1153     6.4495
  combined_fused             3.3075     3.3132     3.1720     3.4223

  MLCA  per-step sum:   5.7768 ms  (p1 1.770 + p2 0.321 + p3a 3.591 + p4 0.095)
  FUSED per-step sum:   2.9290 ms  (p1 1.770 + p2 0.321 + p3b 0.743 + p4 0.095)
  Gap (mlca − fused):   2.8478 ms  (plan-call only: 2.8478 ms, 4.83× of fused)

  combined_mlca p50:    6.2213 ms
  combined_fused p50:   3.3075 ms

==================================================
/home/u4320956/beam_engine-v3/.venv/lib/python3.11/site-packages/tvm_ffi/_optional_torch_c_dlpack.py:181: UserWarning: Failed to JIT torch c dlpack extension, EnvTensorAllocator will not be enabled.
We recommend installing via `pip install torch-c-dlpack-ext`
  warnings.warn(
=== MLCA plan-phase breakdown: cell=8B-chain ===
    B=8  K=64  L_p_pages=160  num_qo_heads=32  num_kv_heads=8  head_dim=128  page_size=16  iters=50

  phase                      p50 ms    mean ms     min ms     max ms
  ----------------------  ---------  ---------  ---------  ---------
  phase1_adaptive_levels     1.7500     1.7558     1.6484     1.9634
  phase2_pack_arrays         0.3327     0.3335     0.3279     0.3469
  phase3a_mlca_plan          3.5954     3.5956     3.5485     3.6573
  phase3b_fused_plan         0.7460     0.7486     0.7297     0.8000
  phase4_write_metadata      0.0941     0.0941     0.0915     0.0978
  combined_mlca              6.2622     6.2520     6.1255     6.4629
  combined_fused             3.3107     3.3133     3.1265     3.4429

  MLCA  per-step sum:   5.7721 ms  (p1 1.750 + p2 0.333 + p3a 3.595 + p4 0.094)
  FUSED per-step sum:   2.9228 ms  (p1 1.750 + p2 0.333 + p3b 0.746 + p4 0.094)
  Gap (mlca − fused):   2.8494 ms  (plan-call only: 2.8494 ms, 4.82× of fused)

  combined_mlca p50:    6.2622 ms
  combined_fused p50:   3.3107 ms

==================================================
/home/u4320956/beam_engine-v3/.venv/lib/python3.11/site-packages/tvm_ffi/_optional_torch_c_dlpack.py:181: UserWarning: Failed to JIT torch c dlpack extension, EnvTensorAllocator will not be enabled.
We recommend installing via `pip install torch-c-dlpack-ext`
  warnings.warn(
=== MLCA plan-phase breakdown: cell=8B-levelsys ===
    B=4  K=64  L_p_pages=128  num_qo_heads=32  num_kv_heads=8  head_dim=128  page_size=16  iters=50

  phase                      p50 ms    mean ms     min ms     max ms
  ----------------------  ---------  ---------  ---------  ---------
  phase1_adaptive_levels     0.9072     0.9215     0.8519     1.0549
  phase2_pack_arrays         0.2214     0.2223     0.2164     0.2381
  phase3a_mlca_plan          1.9379     1.9402     1.9116     2.0155
  phase3b_fused_plan         0.6145     0.6178     0.6020     0.6802
  phase4_write_metadata      0.0653     0.0655     0.0638     0.0755
  combined_mlca              3.5487     3.5629     3.4889     3.7795
  combined_fused             2.0689     2.0806     1.9952     2.2528

  MLCA  per-step sum:   3.1317 ms  (p1 0.907 + p2 0.221 + p3a 1.938 + p4 0.065)
  FUSED per-step sum:   1.8084 ms  (p1 0.907 + p2 0.221 + p3b 0.615 + p4 0.065)
  Gap (mlca − fused):   1.3234 ms  (plan-call only: 1.3234 ms, 3.15× of fused)

  combined_mlca p50:    3.5487 ms
  combined_fused p50:   2.0689 ms

Done.
