/home/u4320956/beam_engine-v3/.venv/lib/python3.11/site-packages/tvm_ffi/_optional_torch_c_dlpack.py:181: UserWarning: Failed to JIT torch c dlpack extension, EnvTensorAllocator will not be enabled.
We recommend installing via `pip install torch-c-dlpack-ext`
  warnings.warn(
grid: 12 (K,L_p,B) cells × 6 methods = 72 runs
methods: ['paged', 'tree', 'fasttree', 'mlca', 'adaptive_pool', 'bs_kernel']
max_new: 16
Loading tokenizer + model...
Fetching 11 files:   0%|          | 0/11 [00:00<?, ?it/s]Fetching 11 files: 100%|██████████| 11/11 [00:00<00:00, 15117.09it/s]
Model loaded.

  paged          K=16  L_p=8192   B=1  prefill= 1141.5ms  decode_total=  281.1ms  per_pt_token= 18.74ms  (  1.5s wall)
  tree           K=16  L_p=8192   B=1  prefill=  228.3ms  decode_total=  302.5ms  per_pt_token= 20.16ms  (  0.5s wall)
  fasttree       K=16  L_p=8192   B=1  prefill=  228.5ms  decode_total=  692.6ms  per_pt_token= 46.17ms  (  0.9s wall)
  mlca           K=16  L_p=8192   B=1  prefill=  230.1ms  decode_total=  209.5ms  per_pt_token= 13.96ms  (  0.5s wall)
  adaptive_pool  K=16  L_p=8192   B=1  prefill=  235.1ms  decode_total=  208.5ms  per_pt_token= 13.90ms  (  0.5s wall)
  bs_kernel      K=16  L_p=8192   B=1  prefill=  230.3ms  decode_total=  174.1ms  per_pt_token= 11.60ms  (  0.4s wall)
  paged          K=16  L_p=8192   B=2  prefill=  464.9ms  decode_total=  274.4ms  per_pt_token=  9.15ms  (  0.7s wall)
  tree           K=16  L_p=8192   B=2  prefill=  457.1ms  decode_total=  469.7ms  per_pt_token= 15.66ms  (  0.9s wall)
  fasttree       K=16  L_p=8192   B=2  prefill=  450.7ms  decode_total=  370.2ms  per_pt_token= 12.34ms  (  0.8s wall)
  mlca           K=16  L_p=8192   B=2  prefill=  459.9ms  decode_total=  231.4ms  per_pt_token=  7.71ms  (  0.7s wall)
  adaptive_pool  K=16  L_p=8192   B=2  prefill=  462.9ms  decode_total=  230.2ms  per_pt_token=  7.67ms  (  0.7s wall)
  bs_kernel      K=16  L_p=8192   B=2  prefill=  462.8ms  decode_total=  222.9ms  per_pt_token=  7.43ms  (  0.7s wall)
  paged          K=16  L_p=8192   B=4  prefill=  928.5ms  decode_total=  436.8ms  per_pt_token=  7.28ms  (  1.4s wall)
  tree           K=16  L_p=8192   B=4  prefill=  915.2ms  decode_total=  941.8ms  per_pt_token= 15.70ms  (  1.9s wall)
  fasttree       K=16  L_p=8192   B=4  prefill=  922.4ms  decode_total=  571.4ms  per_pt_token=  9.52ms  (  1.5s wall)
  mlca           K=16  L_p=8192   B=4  prefill=  934.4ms  decode_total=  326.3ms  per_pt_token=  5.44ms  (  1.3s wall)
  adaptive_pool  K=16  L_p=8192   B=4  prefill=  936.7ms  decode_total=  327.7ms  per_pt_token=  5.46ms  (  1.3s wall)
  bs_kernel      K=16  L_p=8192   B=4  prefill=  931.8ms  decode_total=  324.0ms  per_pt_token=  5.40ms  (  1.3s wall)
  paged          K=16  L_p=8192   B=8  prefill= 1877.7ms  decode_total=  765.0ms  per_pt_token=  6.38ms  (  2.7s wall)
  tree           K=16  L_p=8192   B=8  prefill= 1842.7ms  decode_total= 1878.7ms  per_pt_token= 15.66ms  (  3.8s wall)
  fasttree       K=16  L_p=8192   B=8  prefill= 1832.7ms  decode_total= 1023.3ms  per_pt_token=  8.53ms  (  2.9s wall)
  mlca           K=16  L_p=8192   B=8  prefill= 1866.9ms  decode_total=  521.4ms  per_pt_token=  4.35ms  (  2.4s wall)
  adaptive_pool  K=16  L_p=8192   B=8  prefill= 1870.4ms  decode_total=  528.4ms  per_pt_token=  4.40ms  (  2.5s wall)
  bs_kernel      K=16  L_p=8192   B=8  prefill= 1878.9ms  decode_total=  519.8ms  per_pt_token=  4.33ms  (  2.5s wall)
  paged          K=32  L_p=8192   B=1  prefill=  235.9ms  decode_total=  259.9ms  per_pt_token= 17.32ms  (  0.5s wall)
  tree           K=32  L_p=8192   B=1  prefill=  229.5ms  decode_total=  339.6ms  per_pt_token= 22.64ms  (  0.6s wall)
  fasttree       K=32  L_p=8192   B=1  prefill=  233.4ms  decode_total=  383.3ms  per_pt_token= 25.55ms  (  0.6s wall)
  mlca           K=32  L_p=8192   B=1  prefill=  234.3ms  decode_total=  219.3ms  per_pt_token= 14.62ms  (  0.5s wall)
  adaptive_pool  K=32  L_p=8192   B=1  prefill=  235.9ms  decode_total=  206.9ms  per_pt_token= 13.80ms  (  0.5s wall)
  bs_kernel      K=32  L_p=8192   B=1  prefill=  236.5ms  decode_total=  212.6ms  per_pt_token= 14.17ms  (  0.5s wall)
  paged          K=32  L_p=8192   B=2  prefill=  467.2ms  decode_total=  404.5ms  per_pt_token= 13.48ms  (  0.9s wall)
  tree           K=32  L_p=8192   B=2  prefill=  465.1ms  decode_total=  678.1ms  per_pt_token= 22.60ms  (  1.2s wall)
  fasttree       K=32  L_p=8192   B=2  prefill=  449.3ms  decode_total=  624.5ms  per_pt_token= 20.82ms  (  1.1s wall)
  mlca           K=32  L_p=8192   B=2  prefill=  467.5ms  decode_total=  290.1ms  per_pt_token=  9.67ms  (  0.8s wall)
  adaptive_pool  K=32  L_p=8192   B=2  prefill=  467.3ms  decode_total=  286.9ms  per_pt_token=  9.56ms  (  0.8s wall)
  bs_kernel      K=32  L_p=8192   B=2  prefill=  466.3ms  decode_total=  289.8ms  per_pt_token=  9.66ms  (  0.8s wall)
  paged          K=32  L_p=8192   B=4  prefill=  931.8ms  decode_total=  712.2ms  per_pt_token= 11.87ms  (  1.7s wall)
  tree           K=32  L_p=8192   B=4  prefill=  918.2ms  decode_total= 1358.0ms  per_pt_token= 22.63ms  (  2.3s wall)
  fasttree       K=32  L_p=8192   B=4  prefill=  905.9ms  decode_total= 1026.3ms  per_pt_token= 17.11ms  (  1.9s wall)
  mlca           K=32  L_p=8192   B=4  prefill=  933.6ms  decode_total=  457.4ms  per_pt_token=  7.62ms  (  1.4s wall)
  adaptive_pool  K=32  L_p=8192   B=4  prefill=  934.9ms  decode_total=  446.5ms  per_pt_token=  7.44ms  (  1.4s wall)
  bs_kernel      K=32  L_p=8192   B=4  prefill=  936.4ms  decode_total=  462.0ms  per_pt_token=  7.70ms  (  1.4s wall)
  paged          K=32  L_p=8192   B=8  prefill= 1872.2ms  decode_total= 1333.9ms  per_pt_token= 11.12ms  (  3.2s wall)
  tree           K=32  L_p=8192   B=8  prefill= 1850.8ms  decode_total= 2721.4ms  per_pt_token= 22.68ms  (  4.6s wall)
  fasttree       K=32  L_p=8192   B=8  prefill= 1831.8ms  decode_total= 1922.8ms  per_pt_token= 16.02ms  (  3.8s wall)
  mlca           K=32  L_p=8192   B=8  prefill= 1868.9ms  decode_total=  793.5ms  per_pt_token=  6.61ms  (  2.7s wall)
  adaptive_pool  K=32  L_p=8192   B=8  prefill= 1869.5ms  decode_total=  781.3ms  per_pt_token=  6.51ms  (  2.7s wall)
  bs_kernel      K=32  L_p=8192   B=8  prefill= 1877.6ms  decode_total=  807.2ms  per_pt_token=  6.73ms  (  2.7s wall)
  paged          K=64  L_p=8192   B=1  prefill=  236.7ms  decode_total=  393.4ms  per_pt_token= 26.23ms  (  0.7s wall)
  tree           K=64  L_p=8192   B=1  prefill=  228.0ms  decode_total=  553.8ms  per_pt_token= 36.92ms  (  0.8s wall)
  fasttree       K=64  L_p=8192   B=1  prefill=  231.3ms  decode_total=  517.1ms  per_pt_token= 34.47ms  (  0.8s wall)
  mlca           K=64  L_p=8192   B=1  prefill=  234.0ms  decode_total=  273.8ms  per_pt_token= 18.26ms  (  0.5s wall)
  adaptive_pool  K=64  L_p=8192   B=1  prefill=  233.3ms  decode_total=  270.1ms  per_pt_token= 18.01ms  (  0.5s wall)
  bs_kernel      K=64  L_p=8192   B=1  prefill=  232.9ms  decode_total=  271.4ms  per_pt_token= 18.09ms  (  0.5s wall)
  paged          K=64  L_p=8192   B=2  prefill=  465.0ms  decode_total=  679.8ms  per_pt_token= 22.66ms  (  1.2s wall)
  tree           K=64  L_p=8192   B=2  prefill=  462.3ms  decode_total= 1103.8ms  per_pt_token= 36.79ms  (  1.6s wall)
  fasttree       K=64  L_p=8192   B=2  prefill=  455.8ms  decode_total=  898.5ms  per_pt_token= 29.95ms  (  1.4s wall)
  mlca           K=64  L_p=8192   B=2  prefill=  464.7ms  decode_total=  422.6ms  per_pt_token= 14.09ms  (  0.9s wall)
  adaptive_pool  K=64  L_p=8192   B=2  prefill=  466.5ms  decode_total=  416.1ms  per_pt_token= 13.87ms  (  0.9s wall)
  bs_kernel      K=64  L_p=8192   B=2  prefill=  465.2ms  decode_total=  428.3ms  per_pt_token= 14.28ms  (  0.9s wall)
  paged          K=64  L_p=8192   B=4  prefill=  935.8ms  decode_total= 1283.0ms  per_pt_token= 21.38ms  (  2.2s wall)
  tree           K=64  L_p=8192   B=4  prefill=  921.4ms  decode_total= 2209.3ms  per_pt_token= 36.82ms  (  3.2s wall)
  fasttree       K=64  L_p=8192   B=4  prefill=  916.1ms  decode_total= 1683.0ms  per_pt_token= 28.05ms  (  2.6s wall)
  mlca           K=64  L_p=8192   B=4  prefill=  929.0ms  decode_total=  733.9ms  per_pt_token= 12.23ms  (  1.7s wall)
  adaptive_pool  K=64  L_p=8192   B=4  prefill=  934.2ms  decode_total=  716.9ms  per_pt_token= 11.95ms  (  1.7s wall)
  bs_kernel      K=64  L_p=8192   B=4  prefill=  940.0ms  decode_total=  745.4ms  per_pt_token= 12.42ms  (  1.7s wall)
  paged          K=64  L_p=8192   B=8  prefill= 1877.5ms  decode_total= 2488.5ms  per_pt_token= 20.74ms  (  4.4s wall)
  tree           K=64  L_p=8192   B=8  prefill= 1845.6ms  decode_total= 4428.6ms  per_pt_token= 36.91ms  (  6.3s wall)
  fasttree       K=64  L_p=8192   B=8  prefill= 1830.4ms  decode_total= 3146.4ms  per_pt_token= 26.22ms  (  5.0s wall)
  mlca           K=64  L_p=8192   B=8  prefill= 1880.9ms  decode_total= 1459.7ms  per_pt_token= 12.16ms  (  3.4s wall)
  adaptive_pool  K=64  L_p=8192   B=8  prefill= 1863.7ms  decode_total= 1346.4ms  per_pt_token= 11.22ms  (  3.3s wall)
  bs_kernel      K=64  L_p=8192   B=8  prefill= 1866.2ms  decode_total= 1398.6ms  per_pt_token= 11.65ms  (  3.3s wall)

wrote 72 rows to benchmarks/bs_kernel/results/bench_batched-20260507-171856/bench_batched.csv
