=== 2l_mn1 ===
=== 2l_mn3 ===
=== 3l_mn1 ===
=== 3l_mn3 ===
=== analysis ===

2l_mn1: total DRAM read = 140.325 GB
     40.980 GB  nvjet_hsh_192x192_64x4_1x2_h_bz_coopB_TNN
     39.891 GB  nvjet_hsh_192x192_64x4_2x1_v_bz_coopB_TNN
     25.771 GB  void flashinfer::activation::act_and_mul_kernel<__half,
     12.886 GB  kernel_cutlass_kernel_flashinfernormkernelsfused_add_rm
      7.925 GB  nvjet_hsh_128x256_64x4_2x1_v_bz_coopA_TNN
      6.393 GB  void flashinfer::PrefillWithKVCacheKernel<flashinfer::S

2l_mn3: total DRAM read = 149.448 GB
     40.989 GB  nvjet_hsh_192x192_64x4_1x2_h_bz_coopB_TNN
     39.698 GB  nvjet_hsh_192x192_64x4_2x1_v_bz_coopB_TNN
     26.040 GB  void flashinfer::activation::act_and_mul_kernel<__half,
     13.021 GB  kernel_cutlass_kernel_flashinfernormkernelsfused_add_rm
      7.913 GB  nvjet_hsh_128x256_64x4_2x1_v_bz_coopA_TNN
      6.393 GB  void flashinfer::PrefillWithKVCacheKernel<flashinfer::S

3l_mn1: total DRAM read = 140.307 GB
     41.015 GB  nvjet_hsh_192x192_64x4_1x2_h_bz_coopB_TNN
     39.850 GB  nvjet_hsh_192x192_64x4_2x1_v_bz_coopB_TNN
     25.771 GB  void flashinfer::activation::act_and_mul_kernel<__half,
     12.886 GB  kernel_cutlass_kernel_flashinfernormkernelsfused_add_rm
      7.914 GB  nvjet_hsh_128x256_64x4_2x1_v_bz_coopA_TNN
      6.392 GB  void flashinfer::PrefillWithKVCacheKernel<flashinfer::S

3l_mn3: total DRAM read = 149.737 GB
     41.030 GB  nvjet_hsh_192x192_64x4_1x2_h_bz_coopB_TNN
     40.093 GB  nvjet_hsh_192x192_64x4_2x1_v_bz_coopB_TNN
     26.039 GB  void flashinfer::activation::act_and_mul_kernel<__half,
     13.021 GB  kernel_cutlass_kernel_flashinfernormkernelsfused_add_rm
      7.908 GB  nvjet_hsh_128x256_64x4_2x1_v_bz_coopA_TNN
      6.393 GB  void flashinfer::PrefillWithKVCacheKernel<flashinfer::S

  decode_2L  (2 steps) = 9.123 GB
  decode_3L  (2 steps) = 9.430 GB   [cross-prompt, tile=128]
  ratio 3L/2L = 1.034
Done. benchmarks/bs_kernel/results/prof_xprompt_3l_allk-20260524-123914
