/home/u4320956/beam_engine-v3/.venv/lib/python3.11/site-packages/tvm_ffi/_optional_torch_c_dlpack.py:181: UserWarning: Failed to JIT torch c dlpack extension, EnvTensorAllocator will not be enabled.
We recommend installing via `pip install torch-c-dlpack-ext`
  warnings.warn(
Loading tokenizer + model...
Fetching 11 files:   0%|          | 0/11 [00:00<?, ?it/s]Fetching 11 files: 100%|██████████| 11/11 [00:00<00:00, 100736.56it/s]
Model loaded.

============================================================
Case: K=1 L_p=128 max_new=16
============================================================
Traceback (most recent call last):
  File "/home/u4320956/beam_engine-v3/tests/test_bs_kernel.py", line 168, in <module>
    main()
  File "/home/u4320956/beam_engine-v3/tests/test_bs_kernel.py", line 122, in main
    ref_beams = tree.beam_search(
                ^^^^^^^^^^^^^^^^^
  File "/home/u4320956/beam_engine-v3/src/beam_engine/baselines/tree.py", line 311, in beam_search
    return [
           ^
  File "/home/u4320956/beam_engine-v3/src/beam_engine/baselines/tree.py", line 312, in <listcomp>
    _beam_search_single(
  File "/home/u4320956/beam_engine-v3/src/beam_engine/baselines/tree.py", line 236, in _beam_search_single
    hidden_states = model.forward(
                    ^^^^^^^^^^^^^^
  File "/home/u4320956/beam_engine-v3/src/beam_engine/models/modeling_llama.py", line 147, in forward
    return self.model(input_ids, positions, ctx)
           ^^^^^^^^^^^^^^^^^^^^^^^^^^^^^^^^^^^^^
  File "/home/u4320956/beam_engine-v3/.venv/lib/python3.11/site-packages/torch/nn/modules/module.py", line 1775, in _wrapped_call_impl
    return self._call_impl(*args, **kwargs)
           ^^^^^^^^^^^^^^^^^^^^^^^^^^^^^^^^
  File "/home/u4320956/beam_engine-v3/.venv/lib/python3.11/site-packages/torch/nn/modules/module.py", line 1786, in _call_impl
    return forward_call(*args, **kwargs)
           ^^^^^^^^^^^^^^^^^^^^^^^^^^^^^
  File "/home/u4320956/beam_engine-v3/src/beam_engine/models/modeling_llama.py", line 127, in forward
    hidden_states, residual = layer(positions, hidden_states, residual, ctx)
                              ^^^^^^^^^^^^^^^^^^^^^^^^^^^^^^^^^^^^^^^^^^^^^^
  File "/home/u4320956/beam_engine-v3/.venv/lib/python3.11/site-packages/torch/nn/modules/module.py", line 1775, in _wrapped_call_impl
    return self._call_impl(*args, **kwargs)
           ^^^^^^^^^^^^^^^^^^^^^^^^^^^^^^^^
  File "/home/u4320956/beam_engine-v3/.venv/lib/python3.11/site-packages/torch/nn/modules/module.py", line 1786, in _call_impl
    return forward_call(*args, **kwargs)
           ^^^^^^^^^^^^^^^^^^^^^^^^^^^^^
  File "/home/u4320956/beam_engine-v3/src/beam_engine/models/modeling_llama.py", line 101, in forward
    hidden_states = self.self_attn(positions, hidden_states, ctx)
                    ^^^^^^^^^^^^^^^^^^^^^^^^^^^^^^^^^^^^^^^^^^^^^
  File "/home/u4320956/beam_engine-v3/.venv/lib/python3.11/site-packages/torch/nn/modules/module.py", line 1775, in _wrapped_call_impl
    return self._call_impl(*args, **kwargs)
           ^^^^^^^^^^^^^^^^^^^^^^^^^^^^^^^^
  File "/home/u4320956/beam_engine-v3/.venv/lib/python3.11/site-packages/torch/nn/modules/module.py", line 1786, in _call_impl
    return forward_call(*args, **kwargs)
           ^^^^^^^^^^^^^^^^^^^^^^^^^^^^^
  File "/home/u4320956/beam_engine-v3/src/beam_engine/models/modeling_llama.py", line 72, in forward
    attn_output = self.attn(q, k, v, ctx)
                  ^^^^^^^^^^^^^^^^^^^^^^^
  File "/home/u4320956/beam_engine-v3/.venv/lib/python3.11/site-packages/torch/nn/modules/module.py", line 1775, in _wrapped_call_impl
    return self._call_impl(*args, **kwargs)
           ^^^^^^^^^^^^^^^^^^^^^^^^^^^^^^^^
  File "/home/u4320956/beam_engine-v3/.venv/lib/python3.11/site-packages/torch/nn/modules/module.py", line 1786, in _call_impl
    return forward_call(*args, **kwargs)
           ^^^^^^^^^^^^^^^^^^^^^^^^^^^^^
  File "/home/u4320956/beam_engine-v3/src/beam_engine/models/attention.py", line 45, in forward
    return ctx.attend(q, k, v, self.layer_idx)
           ^^^^^^^^^^^^^^^^^^^^^^^^^^^^^^^^^^^
  File "/home/u4320956/beam_engine-v3/src/beam_engine/baselines/tree.py", line 69, in attend
    out = self.wrapper.run(q_3d, k_view, v_view)
          ^^^^^^^^^^^^^^^^^^^^^^^^^^^^^^^^^^^^^^
  File "/home/u4320956/beam_engine-v3/3rdparty/flashinfer/flashinfer/prefill.py", line 3270, in run
    self._cached_module.ragged_run(*run_args)
  File "/home/u4320956/beam_engine-v3/3rdparty/flashinfer/flashinfer/prefill.py", line 557, in ragged_run
    ragged_run_func(
  File "python/tvm_ffi/cython/function.pxi", line 929, in tvm_ffi.core.Function.__call__
  File "<unknown>", line 0, in __tvm_ffi_ragged_run
  File "/home/u4320956/.cache/flashinfer/0.6.6/90a/generated/batch_prefill_with_kv_cache_dtype_q_f16_dtype_kv_f16_dtype_o_f16_dtype_idx_i32_head_dim_qk_128_head_dim_vo_128_posenc_0_use_swa_False_use_logits_cap_False_f16qk_False_sm90/batch_prefill_sm90.cu", line 163, in BatchPrefillWithRaggedKVCacheSM90Run(tvm::ffi::TensorView, tvm::ffi::TensorView, tvm::ffi::Array<long int>, tvm::ffi::TensorView, tvm::ffi::TensorView, tvm::ffi::TensorView, tvm::ffi::TensorView, tvm::ffi::TensorView, tvm::ffi::TensorView, tvm::ffi::Optional<tvm::ffi::TensorView>, int64_t, int64_t, int64_t, bool, tvm::ffi::Optional<tvm::ffi::Tensor>, tvm::ffi::Optional<tvm::ffi::Tensor>, tvm::ffi::Optional<tvm::ffi::Tensor>, tvm::ffi::Optional<tvm::ffi::Tensor>, double, double, double, int64_t)::<lambda()>::<lambda()>::<lambda()>
    });

RuntimeError: Check failed: (status == cudaSuccess) is false: BatchPrefillWithRaggedKVCacheSM90Run failed with error: operation not supported
