=== gov_3l1p_force started 2026-05-15T11:51:45+08:00 ===
cell:  L_p=8192, K=32, B=16, max_new=2048

=== bs_kernel_3l1p (forced SHARED_3L_1POOL) ===
/home/u4320956/beam_engine-v3/.venv/lib/python3.11/site-packages/tvm_ffi/_optional_torch_c_dlpack.py:181: UserWarning: Failed to JIT torch c dlpack extension, EnvTensorAllocator will not be enabled.
We recommend installing via `pip install torch-c-dlpack-ext`
  warnings.warn(
grid: 1 (K,L_p,B) cells × 1 methods = 1 runs
methods: ['bs_kernel_3l1p']
max_new: 2048
Loading tokenizer + model...
Fetching 7 files:   0%|          | 0/7 [00:00<?, ?it/s]Fetching 7 files: 100%|██████████| 7/7 [00:00<00:00, 115137.76it/s]
Model loaded.

loaded 200 prompts from data/gov_report.jsonl
  bs_kernel_3l1p warmup K=32  L_p=8192   B=16 
[bs_kernel plan-trace] 2047 steps (PER_BEAM: 0, DEC_TAIL: 0, SHARED: 2047)

  -- SHARED path (2047 steps) --
  strategy mix: {'SHARED_2L_1POOL': 59, 'SHARED_3L_1POOL': 1988}
  level-0 pack cache hits: 1999/2047 (97.7%)   plan_info cache hits: 117/2047 (5.7%)
  phase                        mean     median        p90        p99        total
  decomp_ms                   3.716      3.567      4.944      6.400      7606.10
  pick_ms                     0.190      0.188      0.201      0.223       388.17
  shared_pack_ms              1.798      1.703      3.108      3.374      3679.84
  shared_plan_ms              1.643      1.542      1.905      2.693      3362.32
  shared_write_ms             0.183      0.184      0.194      0.201       374.77
discard          decode_total=48731.1ms  ( 50.7s wall)
  bs_kernel_3l1p        K=32  L_p=8192   B=16 
[bs_kernel plan-trace] 2047 steps (PER_BEAM: 0, DEC_TAIL: 0, SHARED: 2047)

  -- SHARED path (2047 steps) --
  strategy mix: {'SHARED_2L_1POOL': 59, 'SHARED_3L_1POOL': 1988}
  level-0 pack cache hits: 1999/2047 (97.7%)   plan_info cache hits: 117/2047 (5.7%)
  phase                        mean     median        p90        p99        total
  decomp_ms                   3.727      3.577      4.958      6.444      7629.88
  pick_ms                     0.191      0.190      0.202      0.229       390.77
  shared_pack_ms              1.826      1.718      3.157      3.429      3737.87
  shared_plan_ms              1.519      1.543      1.919      2.712      3109.95
  shared_write_ms             0.184      0.184      0.194      0.202       375.93
prefill=  616.4ms  decode_total=48695.1ms  per_pt_token=  1.49ms  ( 49.7s wall)

wrote 1 rows to benchmarks/bs_kernel/results/gov_3l1p_force-20260515-115145/bs_kernel_3l1p.csv
[W515 11:53:39.916811250 AllocatorConfig.cpp:28] Warning: PYTORCH_CUDA_ALLOC_CONF is deprecated, use PYTORCH_ALLOC_CONF instead (function operator())
Done. Results: benchmarks/bs_kernel/results/gov_3l1p_force-20260515-115145
