/home/u4320956/beam_engine-v3/.venv/lib/python3.11/site-packages/tvm_ffi/_optional_torch_c_dlpack.py:181: UserWarning: Failed to JIT torch c dlpack extension, EnvTensorAllocator will not be enabled.
We recommend installing via `pip install torch-c-dlpack-ext`
  warnings.warn(
grid: 18 cells × 8 modes = 144 runs
modes: ['picker', 'PER_BEAM', 'SHARED_2L_1POOL', 'SHARED_2L_2POOL', 'SHARED_3L_1POOL', 'SHARED_3L_2POOL', 'SHARED_2L_DEC_TAIL', 'SHARED_3L_DEC_TAIL']
Loading tokenizer + model...
Fetching 7 files:   0%|          | 0/7 [00:00<?, ?it/s]Fetching 7 files: 100%|██████████| 7/7 [00:00<00:00, 17697.49it/s]
Model loaded.

  picker                 K=16  L_p=2048   B=1  prefill=  869.8ms  decode_total=   724.6ms  per_pt_token=  5.71ms  picks=[per_beam=127]  (  1.7s wall)
  PER_BEAM               K=16  L_p=2048   B=1  prefill=    9.5ms  decode_total=   636.4ms  per_pt_token=  5.01ms  picks=[per_beam=127]  (  0.7s wall)
  SHARED_2L_1POOL        K=16  L_p=2048   B=1  prefill=    9.4ms  decode_total=   730.5ms  per_pt_token=  5.75ms  picks=[d2_p1=127]  (  0.7s wall)
  SHARED_2L_2POOL        K=16  L_p=2048   B=1  prefill=    9.4ms  decode_total=   791.6ms  per_pt_token=  6.23ms  picks=[d2_p2=127]  (  0.8s wall)
  SHARED_3L_1POOL        K=16  L_p=2048   B=1  prefill=    9.4ms  decode_total=   713.4ms  per_pt_token=  5.62ms  picks=[d2_p1=16,d3_p1=111]  (  0.7s wall)
  SHARED_3L_2POOL        K=16  L_p=2048   B=1  prefill=    9.5ms  decode_total=   867.3ms  per_pt_token=  6.83ms  picks=[d2_p2=16,d3_p2=111]  (  0.9s wall)
  SHARED_2L_DEC_TAIL     K=16  L_p=2048   B=1  prefill=    9.5ms  decode_total=   713.9ms  per_pt_token=  5.62ms  picks=[d2_dec_tail=127]  (  0.7s wall)
  SHARED_3L_DEC_TAIL     K=16  L_p=2048   B=1  prefill=    9.5ms  decode_total=   835.4ms  per_pt_token=  6.58ms  picks=[d2_dec_tail=16,d3_dec_tail=111]  (  0.9s wall)
  picker                 K=16  L_p=2048   B=8  prefill=   66.5ms  decode_total=   873.2ms  per_pt_token=  0.86ms  picks=[d2_p1=16,d3_p1=111]  (  1.0s wall)
  PER_BEAM               K=16  L_p=2048   B=8  prefill=   62.9ms  decode_total=   860.5ms  per_pt_token=  0.85ms  picks=[per_beam=127]  (  0.9s wall)
  SHARED_2L_1POOL        K=16  L_p=2048   B=8  prefill=   63.6ms  decode_total=   842.7ms  per_pt_token=  0.83ms  picks=[d2_p1=127]  (  0.9s wall)
  SHARED_2L_2POOL        K=16  L_p=2048   B=8  prefill=   64.0ms  decode_total=   986.8ms  per_pt_token=  0.97ms  picks=[d2_p2=127]  (  1.1s wall)
  SHARED_3L_1POOL        K=16  L_p=2048   B=8  prefill=   63.9ms  decode_total=   857.5ms  per_pt_token=  0.84ms  picks=[d2_p1=16,d3_p1=111]  (  0.9s wall)
  SHARED_3L_2POOL        K=16  L_p=2048   B=8  prefill=   62.9ms  decode_total=  1070.9ms  per_pt_token=  1.05ms  picks=[d2_p2=16,d3_p2=111]  (  1.1s wall)
  SHARED_2L_DEC_TAIL     K=16  L_p=2048   B=8  prefill=   63.6ms  decode_total=   833.5ms  per_pt_token=  0.82ms  picks=[d2_dec_tail=127]  (  0.9s wall)
  SHARED_3L_DEC_TAIL     K=16  L_p=2048   B=8  prefill=   63.6ms  decode_total=   980.0ms  per_pt_token=  0.96ms  picks=[d2_dec_tail=16,d3_dec_tail=111]  (  1.1s wall)
  picker                 K=16  L_p=2048   B=32 prefill=  261.1ms  decode_total=  1695.2ms  per_pt_token=  0.42ms  picks=[d2_dec_tail=4,d2_p1=16,d3_p1=107]  (  2.0s wall)
  PER_BEAM               K=16  L_p=2048   B=32 prefill=  258.7ms  decode_total=  2434.8ms  per_pt_token=  0.60ms  picks=[per_beam=127]  (  2.7s wall)
  SHARED_2L_1POOL        K=16  L_p=2048   B=32 prefill=  257.1ms  decode_total=  1638.8ms  per_pt_token=  0.40ms  picks=[d2_p1=127]  (  2.0s wall)
  SHARED_2L_2POOL        K=16  L_p=2048   B=32 prefill=  258.3ms  decode_total=  1912.0ms  per_pt_token=  0.47ms  picks=[d2_p2=127]  (  2.2s wall)
  SHARED_3L_1POOL        K=16  L_p=2048   B=32 prefill=  257.6ms  decode_total=  1606.2ms  per_pt_token=  0.40ms  picks=[d2_p1=16,d3_p1=111]  (  1.9s wall)
  SHARED_3L_2POOL        K=16  L_p=2048   B=32 prefill=  258.2ms  decode_total=  2032.2ms  per_pt_token=  0.50ms  picks=[d2_p2=16,d3_p2=111]  (  2.3s wall)
  SHARED_2L_DEC_TAIL     K=16  L_p=2048   B=32 prefill=  262.4ms  decode_total=  1514.5ms  per_pt_token=  0.37ms  picks=[d2_dec_tail=127]  (  1.8s wall)
  SHARED_3L_DEC_TAIL     K=16  L_p=2048   B=32 prefill=  258.9ms  decode_total=  1742.0ms  per_pt_token=  0.43ms  picks=[d2_dec_tail=16,d3_dec_tail=111]  (  2.1s wall)
  picker                 K=16  L_p=8192   B=1  prefill=   45.4ms  decode_total=   722.5ms  per_pt_token=  5.69ms  picks=[d2_p1=16,d3_p1=111]  (  0.8s wall)
  PER_BEAM               K=16  L_p=8192   B=1  prefill=   45.0ms  decode_total=   679.1ms  per_pt_token=  5.35ms  picks=[per_beam=127]  (  0.7s wall)
  SHARED_2L_1POOL        K=16  L_p=8192   B=1  prefill=   45.1ms  decode_total=   698.3ms  per_pt_token=  5.50ms  picks=[d2_p1=127]  (  0.8s wall)
  SHARED_2L_2POOL        K=16  L_p=8192   B=1  prefill=   44.8ms  decode_total=   787.7ms  per_pt_token=  6.20ms  picks=[d2_p2=127]  (  0.8s wall)
  SHARED_3L_1POOL        K=16  L_p=8192   B=1  prefill=   44.6ms  decode_total=   720.1ms  per_pt_token=  5.67ms  picks=[d2_p1=16,d3_p1=111]  (  0.8s wall)
  SHARED_3L_2POOL        K=16  L_p=8192   B=1  prefill=   45.0ms  decode_total=   868.5ms  per_pt_token=  6.84ms  picks=[d2_p2=16,d3_p2=111]  (  0.9s wall)
  SHARED_2L_DEC_TAIL     K=16  L_p=8192   B=1  prefill=   44.8ms  decode_total=   714.9ms  per_pt_token=  5.63ms  picks=[d2_dec_tail=127]  (  0.8s wall)
  SHARED_3L_DEC_TAIL     K=16  L_p=8192   B=1  prefill=   44.9ms  decode_total=   837.3ms  per_pt_token=  6.59ms  picks=[d2_dec_tail=16,d3_dec_tail=111]  (  0.9s wall)
  picker                 K=16  L_p=8192   B=8  prefill=  349.5ms  decode_total=   896.4ms  per_pt_token=  0.88ms  picks=[d2_p1=16,d3_p1=111]  (  1.3s wall)
  PER_BEAM               K=16  L_p=8192   B=8  prefill=  351.5ms  decode_total=  1660.5ms  per_pt_token=  1.63ms  picks=[per_beam=127]  (  2.0s wall)
  SHARED_2L_1POOL        K=16  L_p=8192   B=8  prefill=  349.8ms  decode_total=   877.4ms  per_pt_token=  0.86ms  picks=[d2_p1=127]  (  1.3s wall)
  SHARED_2L_2POOL        K=16  L_p=8192   B=8  prefill=  352.6ms  decode_total=  1020.5ms  per_pt_token=  1.00ms  picks=[d2_p2=127]  (  1.4s wall)
  SHARED_3L_1POOL        K=16  L_p=8192   B=8  prefill=  353.5ms  decode_total=   897.9ms  per_pt_token=  0.88ms  picks=[d2_p1=16,d3_p1=111]  (  1.3s wall)
  SHARED_3L_2POOL        K=16  L_p=8192   B=8  prefill=  351.7ms  decode_total=  1108.5ms  per_pt_token=  1.09ms  picks=[d2_p2=16,d3_p2=111]  (  1.5s wall)
  SHARED_2L_DEC_TAIL     K=16  L_p=8192   B=8  prefill=  350.9ms  decode_total=   847.6ms  per_pt_token=  0.83ms  picks=[d2_dec_tail=127]  (  1.2s wall)
  SHARED_3L_DEC_TAIL     K=16  L_p=8192   B=8  prefill=  351.4ms  decode_total=  1016.1ms  per_pt_token=  1.00ms  picks=[d2_dec_tail=16,d3_dec_tail=111]  (  1.4s wall)
  picker                 K=16  L_p=8192   B=32 prefill= 1451.1ms  decode_total=  2179.3ms  per_pt_token=  0.54ms  picks=[d2_dec_tail=13,d2_p1=16,d3_p1=98]  (  3.8s wall)
  PER_BEAM               K=16  L_p=8192   B=32 prefill= 1449.8ms  decode_total=  5624.6ms  per_pt_token=  1.38ms  picks=[per_beam=127]  (  7.2s wall)
  SHARED_2L_1POOL        K=16  L_p=8192   B=32 prefill= 1449.2ms  decode_total=  2157.4ms  per_pt_token=  0.53ms  picks=[d2_p1=127]  (  3.7s wall)
  SHARED_2L_2POOL        K=16  L_p=8192   B=32 prefill= 1455.5ms  decode_total=  2295.5ms  per_pt_token=  0.56ms  picks=[d2_p2=127]  (  3.9s wall)
  SHARED_3L_1POOL        K=16  L_p=8192   B=32 prefill= 1450.4ms  decode_total=  2130.9ms  per_pt_token=  0.52ms  picks=[d2_p1=16,d3_p1=111]  (  3.7s wall)
  SHARED_3L_2POOL        K=16  L_p=8192   B=32 prefill= 1447.5ms  decode_total=  2450.4ms  per_pt_token=  0.60ms  picks=[d2_p2=16,d3_p2=111]  (  4.0s wall)
  SHARED_2L_DEC_TAIL     K=16  L_p=8192   B=32 prefill= 1453.3ms  decode_total=  1822.7ms  per_pt_token=  0.45ms  picks=[d2_dec_tail=127]  (  3.4s wall)
  SHARED_3L_DEC_TAIL     K=16  L_p=8192   B=32 prefill= 1453.9ms  decode_total=  2155.5ms  per_pt_token=  0.53ms  picks=[d2_dec_tail=16,d3_dec_tail=111]  (  3.7s wall)
  picker                 K=16  L_p=32768  B=1  prefill=  371.1ms  decode_total=   721.2ms  per_pt_token=  5.68ms  picks=[d2_p1=16,d3_p1=111]  (  1.1s wall)
  PER_BEAM               K=16  L_p=32768  B=1  prefill=  366.4ms  decode_total=   934.3ms  per_pt_token=  7.36ms  picks=[per_beam=127]  (  1.3s wall)
  SHARED_2L_1POOL        K=16  L_p=32768  B=1  prefill=  366.2ms  decode_total=   697.2ms  per_pt_token=  5.49ms  picks=[d2_p1=127]  (  1.1s wall)
  SHARED_2L_2POOL        K=16  L_p=32768  B=1  prefill=  363.1ms  decode_total=   786.9ms  per_pt_token=  6.20ms  picks=[d2_p2=127]  (  1.2s wall)
  SHARED_3L_1POOL        K=16  L_p=32768  B=1  prefill=  369.2ms  decode_total=   720.1ms  per_pt_token=  5.67ms  picks=[d2_p1=16,d3_p1=111]  (  1.1s wall)
  SHARED_3L_2POOL        K=16  L_p=32768  B=1  prefill=  367.6ms  decode_total=   869.2ms  per_pt_token=  6.84ms  picks=[d2_p2=16,d3_p2=111]  (  1.3s wall)
  SHARED_2L_DEC_TAIL     K=16  L_p=32768  B=1  prefill=  365.4ms  decode_total=   702.6ms  per_pt_token=  5.53ms  picks=[d2_dec_tail=127]  (  1.1s wall)
  SHARED_3L_DEC_TAIL     K=16  L_p=32768  B=1  prefill=  366.0ms  decode_total=   837.2ms  per_pt_token=  6.59ms  picks=[d2_dec_tail=16,d3_dec_tail=111]  (  1.2s wall)
  picker                 K=16  L_p=32768  B=8  prefill= 2989.6ms  decode_total=  1426.1ms  per_pt_token=  1.40ms  picks=[d2_p1=16,d3_p1=111]  (  4.5s wall)
  PER_BEAM               K=16  L_p=32768  B=8  prefill= 2986.2ms  decode_total=  4906.3ms  per_pt_token=  4.83ms  picks=[per_beam=127]  (  8.0s wall)
  SHARED_2L_1POOL        K=16  L_p=32768  B=8  prefill= 2984.6ms  decode_total=  1400.8ms  per_pt_token=  1.38ms  picks=[d2_p1=127]  (  4.5s wall)
  SHARED_2L_2POOL        K=16  L_p=32768  B=8  prefill= 2979.5ms  decode_total=  1254.0ms  per_pt_token=  1.23ms  picks=[d2_p2=127]  (  4.3s wall)
  SHARED_3L_1POOL        K=16  L_p=32768  B=8  prefill= 2980.5ms  decode_total=  1430.1ms  per_pt_token=  1.41ms  picks=[d2_p1=16,d3_p1=111]  (  4.5s wall)
  SHARED_3L_2POOL        K=16  L_p=32768  B=8  prefill= 2976.4ms  decode_total=  1315.9ms  per_pt_token=  1.30ms  picks=[d2_p2=16,d3_p2=111]  (  4.4s wall)
  SHARED_2L_DEC_TAIL     K=16  L_p=32768  B=8  prefill= 2981.3ms  decode_total=  1014.4ms  per_pt_token=  1.00ms  picks=[d2_dec_tail=127]  (  4.1s wall)
  SHARED_3L_DEC_TAIL     K=16  L_p=32768  B=8  prefill= 2985.3ms  decode_total=  1215.5ms  per_pt_token=  1.20ms  picks=[d2_dec_tail=16,d3_dec_tail=111]  (  4.3s wall)
  picker                 K=16  L_p=32768  B=32   [picker] FAILED: OutOfMemoryError: CUDA out of memory. Tried to allocate 16.00 GiB. GPU 0 has a total capacity of 79.10 GiB of which 471.88 MiB is free. Including non-PyTorch memory, this process has 78.63 GiB memory in use. Of the allocated memory 77.92 GiB is allocated by PyTorch, and 50.62 MiB is reserved by PyTorch but unallocated. If reserved but unallocated memory is large try setting PYTORCH_CUDA_ALLOC_CONF=expandable_segments:True to avoid fragmentation.  See documentation for Memory Management  (https://pytorch.org/docs/stable/notes/cuda.html#environment-variables)
  PER_BEAM               K=16  L_p=32768  B=32   [PER_BEAM] FAILED: OutOfMemoryError: CUDA out of memory. Tried to allocate 16.00 GiB. GPU 0 has a total capacity of 79.10 GiB of which 471.88 MiB is free. Including non-PyTorch memory, this process has 78.63 GiB memory in use. Of the allocated memory 77.92 GiB is allocated by PyTorch, and 50.62 MiB is reserved by PyTorch but unallocated. If reserved but unallocated memory is large try setting PYTORCH_CUDA_ALLOC_CONF=expandable_segments:True to avoid fragmentation.  See documentation for Memory Management  (https://pytorch.org/docs/stable/notes/cuda.html#environment-variables)
  SHARED_2L_1POOL        K=16  L_p=32768  B=32   [SHARED_2L_1POOL] FAILED: OutOfMemoryError: CUDA out of memory. Tried to allocate 16.00 GiB. GPU 0 has a total capacity of 79.10 GiB of which 471.88 MiB is free. Including non-PyTorch memory, this process has 78.63 GiB memory in use. Of the allocated memory 77.92 GiB is allocated by PyTorch, and 50.62 MiB is reserved by PyTorch but unallocated. If reserved but unallocated memory is large try setting PYTORCH_CUDA_ALLOC_CONF=expandable_segments:True to avoid fragmentation.  See documentation for Memory Management  (https://pytorch.org/docs/stable/notes/cuda.html#environment-variables)
  SHARED_2L_2POOL        K=16  L_p=32768  B=32   [SHARED_2L_2POOL] FAILED: OutOfMemoryError: CUDA out of memory. Tried to allocate 16.00 GiB. GPU 0 has a total capacity of 79.10 GiB of which 471.88 MiB is free. Including non-PyTorch memory, this process has 78.63 GiB memory in use. Of the allocated memory 77.92 GiB is allocated by PyTorch, and 50.62 MiB is reserved by PyTorch but unallocated. If reserved but unallocated memory is large try setting PYTORCH_CUDA_ALLOC_CONF=expandable_segments:True to avoid fragmentation.  See documentation for Memory Management  (https://pytorch.org/docs/stable/notes/cuda.html#environment-variables)
  SHARED_3L_1POOL        K=16  L_p=32768  B=32   [SHARED_3L_1POOL] FAILED: OutOfMemoryError: CUDA out of memory. Tried to allocate 16.00 GiB. GPU 0 has a total capacity of 79.10 GiB of which 471.88 MiB is free. Including non-PyTorch memory, this process has 78.63 GiB memory in use. Of the allocated memory 77.92 GiB is allocated by PyTorch, and 50.62 MiB is reserved by PyTorch but unallocated. If reserved but unallocated memory is large try setting PYTORCH_CUDA_ALLOC_CONF=expandable_segments:True to avoid fragmentation.  See documentation for Memory Management  (https://pytorch.org/docs/stable/notes/cuda.html#environment-variables)
  SHARED_3L_2POOL        K=16  L_p=32768  B=32   [SHARED_3L_2POOL] FAILED: OutOfMemoryError: CUDA out of memory. Tried to allocate 16.00 GiB. GPU 0 has a total capacity of 79.10 GiB of which 471.88 MiB is free. Including non-PyTorch memory, this process has 78.63 GiB memory in use. Of the allocated memory 77.92 GiB is allocated by PyTorch, and 50.62 MiB is reserved by PyTorch but unallocated. If reserved but unallocated memory is large try setting PYTORCH_CUDA_ALLOC_CONF=expandable_segments:True to avoid fragmentation.  See documentation for Memory Management  (https://pytorch.org/docs/stable/notes/cuda.html#environment-variables)
  SHARED_2L_DEC_TAIL     K=16  L_p=32768  B=32   [SHARED_2L_DEC_TAIL] FAILED: OutOfMemoryError: CUDA out of memory. Tried to allocate 16.00 GiB. GPU 0 has a total capacity of 79.10 GiB of which 471.88 MiB is free. Including non-PyTorch memory, this process has 78.63 GiB memory in use. Of the allocated memory 77.92 GiB is allocated by PyTorch, and 50.62 MiB is reserved by PyTorch but unallocated. If reserved but unallocated memory is large try setting PYTORCH_CUDA_ALLOC_CONF=expandable_segments:True to avoid fragmentation.  See documentation for Memory Management  (https://pytorch.org/docs/stable/notes/cuda.html#environment-variables)
  SHARED_3L_DEC_TAIL     K=16  L_p=32768  B=32   [SHARED_3L_DEC_TAIL] FAILED: OutOfMemoryError: CUDA out of memory. Tried to allocate 16.00 GiB. GPU 0 has a total capacity of 79.10 GiB of which 471.88 MiB is free. Including non-PyTorch memory, this process has 78.63 GiB memory in use. Of the allocated memory 77.92 GiB is allocated by PyTorch, and 50.62 MiB is reserved by PyTorch but unallocated. If reserved but unallocated memory is large try setting PYTORCH_CUDA_ALLOC_CONF=expandable_segments:True to avoid fragmentation.  See documentation for Memory Management  (https://pytorch.org/docs/stable/notes/cuda.html#environment-variables)
  picker                 K=64  L_p=2048   B=1  prefill=    9.7ms  decode_total=   787.0ms  per_pt_token=  6.20ms  picks=[d2_p1=16,d3_p1=111]  (  0.8s wall)
  PER_BEAM               K=64  L_p=2048   B=1  prefill=    9.4ms  decode_total=   740.5ms  per_pt_token=  5.83ms  picks=[per_beam=127]  (  0.8s wall)
  SHARED_2L_1POOL        K=64  L_p=2048   B=1  prefill=    9.6ms  decode_total=   754.9ms  per_pt_token=  5.94ms  picks=[d2_p1=127]  (  0.8s wall)
  SHARED_2L_2POOL        K=64  L_p=2048   B=1  prefill=    9.4ms  decode_total=   868.6ms  per_pt_token=  6.84ms  picks=[d2_p2=127]  (  0.9s wall)
  SHARED_3L_1POOL        K=64  L_p=2048   B=1  prefill=    9.5ms  decode_total=   775.6ms  per_pt_token=  6.11ms  picks=[d2_p1=16,d3_p1=111]  (  0.8s wall)
  SHARED_3L_2POOL        K=64  L_p=2048   B=1  prefill=    9.5ms  decode_total=   953.8ms  per_pt_token=  7.51ms  picks=[d2_p2=16,d3_p2=111]  (  1.0s wall)
  SHARED_2L_DEC_TAIL     K=64  L_p=2048   B=1  prefill=    9.5ms  decode_total=   763.7ms  per_pt_token=  6.01ms  picks=[d2_dec_tail=127]  (  0.8s wall)
  SHARED_3L_DEC_TAIL     K=64  L_p=2048   B=1  prefill=    9.5ms  decode_total=   889.4ms  per_pt_token=  7.00ms  picks=[d2_dec_tail=16,d3_dec_tail=111]  (  0.9s wall)
  picker                 K=64  L_p=2048   B=8  prefill=   64.0ms  decode_total=  1482.5ms  per_pt_token=  1.46ms  picks=[d2_dec_tail=4,d2_p1=16,d3_p1=107]  (  1.6s wall)
  PER_BEAM               K=64  L_p=2048   B=8  prefill=   63.1ms  decode_total=  2419.7ms  per_pt_token=  2.38ms  picks=[per_beam=127]  (  2.5s wall)
  SHARED_2L_1POOL        K=64  L_p=2048   B=8  prefill=   63.8ms  decode_total=  1520.4ms  per_pt_token=  1.50ms  picks=[d2_p1=127]  (  1.6s wall)
  SHARED_2L_2POOL        K=64  L_p=2048   B=8  prefill=   63.8ms  decode_total=  1872.9ms  per_pt_token=  1.84ms  picks=[d2_p2=127]  (  2.0s wall)
  SHARED_3L_1POOL        K=64  L_p=2048   B=8  prefill=   64.2ms  decode_total=  1487.9ms  per_pt_token=  1.46ms  picks=[d2_p1=16,d3_p1=111]  (  1.6s wall)
  SHARED_3L_2POOL        K=64  L_p=2048   B=8  prefill=   64.1ms  decode_total=  1902.7ms  per_pt_token=  1.87ms  picks=[d2_p2=16,d3_p2=111]  (  2.0s wall)
  SHARED_2L_DEC_TAIL     K=64  L_p=2048   B=8  prefill=   64.4ms  decode_total=  1507.1ms  per_pt_token=  1.48ms  picks=[d2_dec_tail=127]  (  1.6s wall)
  SHARED_3L_DEC_TAIL     K=64  L_p=2048   B=8  prefill=   63.9ms  decode_total=  1616.5ms  per_pt_token=  1.59ms  picks=[d2_dec_tail=16,d3_dec_tail=111]  (  1.7s wall)
  picker                 K=64  L_p=2048   B=32 prefill=  259.6ms  decode_total=  4883.0ms  per_pt_token=  1.20ms  picks=[d2_dec_tail=127]  (  5.3s wall)
  PER_BEAM               K=64  L_p=2048   B=32 prefill=  259.6ms  decode_total=  9300.5ms  per_pt_token=  2.29ms  picks=[per_beam=127]  (  9.7s wall)
  SHARED_2L_1POOL        K=64  L_p=2048   B=32 prefill=  261.8ms  decode_total=  5060.7ms  per_pt_token=  1.25ms  picks=[d2_p1=127]  (  5.4s wall)
  SHARED_2L_2POOL        K=64  L_p=2048   B=32 prefill=  262.2ms  decode_total=  6492.2ms  per_pt_token=  1.60ms  picks=[d2_p2=127]  (  6.9s wall)
  SHARED_3L_1POOL        K=64  L_p=2048   B=32 prefill=  258.9ms  decode_total=  5223.3ms  per_pt_token=  1.29ms  picks=[d2_p1=16,d3_p1=111]  (  5.6s wall)
  SHARED_3L_2POOL        K=64  L_p=2048   B=32 prefill=  261.5ms  decode_total=  6644.5ms  per_pt_token=  1.63ms  picks=[d2_p2=16,d3_p2=111]  (  7.0s wall)
  SHARED_2L_DEC_TAIL     K=64  L_p=2048   B=32 prefill=  256.7ms  decode_total=  5018.6ms  per_pt_token=  1.23ms  picks=[d2_dec_tail=127]  (  5.4s wall)
  SHARED_3L_DEC_TAIL     K=64  L_p=2048   B=32 prefill=  257.0ms  decode_total=  5399.1ms  per_pt_token=  1.33ms  picks=[d2_dec_tail=16,d3_dec_tail=111]  (  5.8s wall)
  picker                 K=64  L_p=8192   B=1  prefill=   45.0ms  decode_total=   762.6ms  per_pt_token=  6.00ms  picks=[d2_p1=16,d3_p1=111]  (  0.8s wall)
  PER_BEAM               K=64  L_p=8192   B=1  prefill=   45.1ms  decode_total=  1007.6ms  per_pt_token=  7.93ms  picks=[per_beam=127]  (  1.1s wall)
  SHARED_2L_1POOL        K=64  L_p=8192   B=1  prefill=   45.0ms  decode_total=   740.9ms  per_pt_token=  5.83ms  picks=[d2_p1=127]  (  0.8s wall)
  SHARED_2L_2POOL        K=64  L_p=8192   B=1  prefill=   44.9ms  decode_total=   849.5ms  per_pt_token=  6.69ms  picks=[d2_p2=127]  (  0.9s wall)
  SHARED_3L_1POOL        K=64  L_p=8192   B=1  prefill=   45.2ms  decode_total=   762.2ms  per_pt_token=  6.00ms  picks=[d2_p1=16,d3_p1=111]  (  0.8s wall)
  SHARED_3L_2POOL        K=64  L_p=8192   B=1  prefill=   45.1ms  decode_total=   936.0ms  per_pt_token=  7.37ms  picks=[d2_p2=16,d3_p2=111]  (  1.0s wall)
  SHARED_2L_DEC_TAIL     K=64  L_p=8192   B=1  prefill=   45.2ms  decode_total=   746.9ms  per_pt_token=  5.88ms  picks=[d2_dec_tail=127]  (  0.8s wall)
  SHARED_3L_DEC_TAIL     K=64  L_p=8192   B=1  prefill=   45.0ms  decode_total=   877.7ms  per_pt_token=  6.91ms  picks=[d2_dec_tail=16,d3_dec_tail=111]  (  0.9s wall)
  picker                 K=64  L_p=8192   B=8  prefill=  351.0ms  decode_total=  1846.6ms  per_pt_token=  1.82ms  picks=[d2_dec_tail=14,d2_p1=16,d3_p1=97]  (  2.3s wall)
  PER_BEAM               K=64  L_p=8192   B=8  prefill=  352.9ms  decode_total=  5477.3ms  per_pt_token=  5.39ms  picks=[per_beam=127]  (  5.9s wall)
  SHARED_2L_1POOL        K=64  L_p=8192   B=8  prefill=  354.1ms  decode_total=  1912.3ms  per_pt_token=  1.88ms  picks=[d2_p1=127]  (  2.3s wall)
  SHARED_2L_2POOL        K=64  L_p=8192   B=8  prefill=  352.5ms  decode_total=  2069.6ms  per_pt_token=  2.04ms  picks=[d2_p2=127]  (  2.5s wall)
  SHARED_3L_1POOL        K=64  L_p=8192   B=8  prefill=  353.3ms  decode_total=  1970.6ms  per_pt_token=  1.94ms  picks=[d2_p1=16,d3_p1=111]  (  2.4s wall)
  SHARED_3L_2POOL        K=64  L_p=8192   B=8  prefill=  352.3ms  decode_total=  2136.8ms  per_pt_token=  2.10ms  picks=[d2_p2=16,d3_p2=111]  (  2.5s wall)
  SHARED_2L_DEC_TAIL     K=64  L_p=8192   B=8  prefill=  350.8ms  decode_total=  1695.2ms  per_pt_token=  1.67ms  picks=[d2_dec_tail=127]  (  2.1s wall)
  SHARED_3L_DEC_TAIL     K=64  L_p=8192   B=8  prefill=  352.5ms  decode_total=  1929.9ms  per_pt_token=  1.90ms  picks=[d2_dec_tail=16,d3_dec_tail=111]  (  2.3s wall)
  picker                 K=64  L_p=8192   B=32 prefill= 1453.2ms  decode_total=  5840.0ms  per_pt_token=  1.44ms  picks=[d2_dec_tail=127]  (  7.5s wall)
  PER_BEAM               K=64  L_p=8192   B=32 prefill= 1455.3ms  decode_total= 21590.2ms  per_pt_token=  5.31ms  picks=[per_beam=127]  ( 23.3s wall)
  SHARED_2L_1POOL        K=64  L_p=8192   B=32 prefill= 1455.3ms  decode_total=  6262.1ms  per_pt_token=  1.54ms  picks=[d2_p1=127]  (  7.9s wall)
  SHARED_2L_2POOL        K=64  L_p=8192   B=32 prefill= 1453.0ms  decode_total=  7384.2ms  per_pt_token=  1.82ms  picks=[d2_p2=127]  (  9.0s wall)
  SHARED_3L_1POOL        K=64  L_p=8192   B=32 prefill= 1456.1ms  decode_total=  6244.7ms  per_pt_token=  1.54ms  picks=[d2_p1=16,d3_p1=111]  (  7.9s wall)
  SHARED_3L_2POOL        K=64  L_p=8192   B=32 prefill= 1451.7ms  decode_total=  7639.4ms  per_pt_token=  1.88ms  picks=[d2_p2=16,d3_p2=111]  (  9.3s wall)
  SHARED_2L_DEC_TAIL     K=64  L_p=8192   B=32 prefill= 1452.2ms  decode_total=  5756.8ms  per_pt_token=  1.42ms  picks=[d2_dec_tail=127]  (  7.4s wall)
  SHARED_3L_DEC_TAIL     K=64  L_p=8192   B=32 prefill= 1452.7ms  decode_total=  6249.8ms  per_pt_token=  1.54ms  picks=[d2_dec_tail=16,d3_dec_tail=111]  (  7.9s wall)
  picker                 K=64  L_p=32768  B=1  prefill=  368.3ms  decode_total=   786.3ms  per_pt_token=  6.19ms  picks=[d2_p1=16,d3_p1=111]  (  1.2s wall)
  PER_BEAM               K=64  L_p=32768  B=1  prefill=  365.2ms  decode_total=  2557.9ms  per_pt_token= 20.14ms  picks=[per_beam=127]  (  2.9s wall)
  SHARED_2L_1POOL        K=64  L_p=32768  B=1  prefill=  363.7ms  decode_total=   759.1ms  per_pt_token=  5.98ms  picks=[d2_p1=127]  (  1.1s wall)
  SHARED_2L_2POOL        K=64  L_p=32768  B=1  prefill=  365.3ms  decode_total=   856.2ms  per_pt_token=  6.74ms  picks=[d2_p2=127]  (  1.2s wall)
  SHARED_3L_1POOL        K=64  L_p=32768  B=1  prefill=  367.3ms  decode_total=   786.0ms  per_pt_token=  6.19ms  picks=[d2_p1=16,d3_p1=111]  (  1.2s wall)
  SHARED_3L_2POOL        K=64  L_p=32768  B=1  prefill=  366.6ms  decode_total=   942.2ms  per_pt_token=  7.42ms  picks=[d2_p2=16,d3_p2=111]  (  1.3s wall)
  SHARED_2L_DEC_TAIL     K=64  L_p=32768  B=1  prefill=  367.0ms  decode_total=   745.4ms  per_pt_token=  5.87ms  picks=[d2_dec_tail=127]  (  1.1s wall)
  SHARED_3L_DEC_TAIL     K=64  L_p=32768  B=1  prefill=  366.1ms  decode_total=   885.2ms  per_pt_token=  6.97ms  picks=[d2_dec_tail=16,d3_dec_tail=111]  (  1.3s wall)
  picker                 K=64  L_p=32768  B=8  prefill= 2982.5ms  decode_total=  2995.6ms  per_pt_token=  2.95ms  picks=[d2_dec_tail=22,d2_p1=16,d3_p1=89]  (  6.1s wall)
  PER_BEAM               K=64  L_p=32768  B=8  prefill= 2980.2ms  decode_total= 18080.6ms  per_pt_token= 17.80ms  picks=[per_beam=127]  ( 21.2s wall)
  SHARED_2L_1POOL        K=64  L_p=32768  B=8  prefill= 2981.9ms  decode_total=  3002.7ms  per_pt_token=  2.96ms  picks=[d2_p1=127]  (  6.1s wall)
  SHARED_2L_2POOL        K=64  L_p=32768  B=8  prefill= 2985.6ms  decode_total=  2819.2ms  per_pt_token=  2.77ms  picks=[d2_p2=127]  (  5.9s wall)
  SHARED_3L_1POOL        K=64  L_p=32768  B=8  prefill= 2993.1ms  decode_total=  3137.7ms  per_pt_token=  3.09ms  picks=[d2_p1=16,d3_p1=111]  (  6.3s wall)
  SHARED_3L_2POOL        K=64  L_p=32768  B=8  prefill= 2981.1ms  decode_total=  3084.7ms  per_pt_token=  3.04ms  picks=[d2_p2=16,d3_p2=111]  (  6.2s wall)
  SHARED_2L_DEC_TAIL     K=64  L_p=32768  B=8  prefill= 2980.3ms  decode_total=  2374.6ms  per_pt_token=  2.34ms  picks=[d2_dec_tail=127]  (  5.5s wall)
  SHARED_3L_DEC_TAIL     K=64  L_p=32768  B=8  prefill= 2988.2ms  decode_total=  2790.1ms  per_pt_token=  2.75ms  picks=[d2_dec_tail=16,d3_dec_tail=111]  (  5.9s wall)
  picker                 K=64  L_p=32768  B=32   [picker] FAILED: OutOfMemoryError: CUDA out of memory. Tried to allocate 32.00 GiB. GPU 0 has a total capacity of 79.10 GiB of which 24.21 GiB is free. Including non-PyTorch memory, this process has 54.88 GiB memory in use. Of the allocated memory 54.17 GiB is allocated by PyTorch, and 50.62 MiB is reserved by PyTorch but unallocated. If reserved but unallocated memory is large try setting PYTORCH_CUDA_ALLOC_CONF=expandable_segments:True to avoid fragmentation.  See documentation for Memory Management  (https://pytorch.org/docs/stable/notes/cuda.html#environment-variables)
  PER_BEAM               K=64  L_p=32768  B=32   [PER_BEAM] FAILED: OutOfMemoryError: CUDA out of memory. Tried to allocate 32.00 GiB. GPU 0 has a total capacity of 79.10 GiB of which 24.21 GiB is free. Including non-PyTorch memory, this process has 54.88 GiB memory in use. Of the allocated memory 54.17 GiB is allocated by PyTorch, and 50.62 MiB is reserved by PyTorch but unallocated. If reserved but unallocated memory is large try setting PYTORCH_CUDA_ALLOC_CONF=expandable_segments:True to avoid fragmentation.  See documentation for Memory Management  (https://pytorch.org/docs/stable/notes/cuda.html#environment-variables)
  SHARED_2L_1POOL        K=64  L_p=32768  B=32   [SHARED_2L_1POOL] FAILED: OutOfMemoryError: CUDA out of memory. Tried to allocate 32.00 GiB. GPU 0 has a total capacity of 79.10 GiB of which 24.21 GiB is free. Including non-PyTorch memory, this process has 54.88 GiB memory in use. Of the allocated memory 54.17 GiB is allocated by PyTorch, and 50.62 MiB is reserved by PyTorch but unallocated. If reserved but unallocated memory is large try setting PYTORCH_CUDA_ALLOC_CONF=expandable_segments:True to avoid fragmentation.  See documentation for Memory Management  (https://pytorch.org/docs/stable/notes/cuda.html#environment-variables)
  SHARED_2L_2POOL        K=64  L_p=32768  B=32   [SHARED_2L_2POOL] FAILED: OutOfMemoryError: CUDA out of memory. Tried to allocate 32.00 GiB. GPU 0 has a total capacity of 79.10 GiB of which 24.21 GiB is free. Including non-PyTorch memory, this process has 54.88 GiB memory in use. Of the allocated memory 54.17 GiB is allocated by PyTorch, and 50.62 MiB is reserved by PyTorch but unallocated. If reserved but unallocated memory is large try setting PYTORCH_CUDA_ALLOC_CONF=expandable_segments:True to avoid fragmentation.  See documentation for Memory Management  (https://pytorch.org/docs/stable/notes/cuda.html#environment-variables)
  SHARED_3L_1POOL        K=64  L_p=32768  B=32   [SHARED_3L_1POOL] FAILED: OutOfMemoryError: CUDA out of memory. Tried to allocate 32.00 GiB. GPU 0 has a total capacity of 79.10 GiB of which 24.21 GiB is free. Including non-PyTorch memory, this process has 54.88 GiB memory in use. Of the allocated memory 54.17 GiB is allocated by PyTorch, and 50.62 MiB is reserved by PyTorch but unallocated. If reserved but unallocated memory is large try setting PYTORCH_CUDA_ALLOC_CONF=expandable_segments:True to avoid fragmentation.  See documentation for Memory Management  (https://pytorch.org/docs/stable/notes/cuda.html#environment-variables)
  SHARED_3L_2POOL        K=64  L_p=32768  B=32   [SHARED_3L_2POOL] FAILED: OutOfMemoryError: CUDA out of memory. Tried to allocate 32.00 GiB. GPU 0 has a total capacity of 79.10 GiB of which 24.21 GiB is free. Including non-PyTorch memory, this process has 54.88 GiB memory in use. Of the allocated memory 54.17 GiB is allocated by PyTorch, and 50.62 MiB is reserved by PyTorch but unallocated. If reserved but unallocated memory is large try setting PYTORCH_CUDA_ALLOC_CONF=expandable_segments:True to avoid fragmentation.  See documentation for Memory Management  (https://pytorch.org/docs/stable/notes/cuda.html#environment-variables)
  SHARED_2L_DEC_TAIL     K=64  L_p=32768  B=32   [SHARED_2L_DEC_TAIL] FAILED: OutOfMemoryError: CUDA out of memory. Tried to allocate 32.00 GiB. GPU 0 has a total capacity of 79.10 GiB of which 24.21 GiB is free. Including non-PyTorch memory, this process has 54.88 GiB memory in use. Of the allocated memory 54.17 GiB is allocated by PyTorch, and 50.62 MiB is reserved by PyTorch but unallocated. If reserved but unallocated memory is large try setting PYTORCH_CUDA_ALLOC_CONF=expandable_segments:True to avoid fragmentation.  See documentation for Memory Management  (https://pytorch.org/docs/stable/notes/cuda.html#environment-variables)
  SHARED_3L_DEC_TAIL     K=64  L_p=32768  B=32   [SHARED_3L_DEC_TAIL] FAILED: OutOfMemoryError: CUDA out of memory. Tried to allocate 32.00 GiB. GPU 0 has a total capacity of 79.10 GiB of which 24.21 GiB is free. Including non-PyTorch memory, this process has 54.88 GiB memory in use. Of the allocated memory 54.17 GiB is allocated by PyTorch, and 50.62 MiB is reserved by PyTorch but unallocated. If reserved but unallocated memory is large try setting PYTORCH_CUDA_ALLOC_CONF=expandable_segments:True to avoid fragmentation.  See documentation for Memory Management  (https://pytorch.org/docs/stable/notes/cuda.html#environment-variables)

wrote 128 rows to benchmarks/bs_kernel/results/bench_dispatch_grid-20260509-191112/bench_modes.csv
[W509 19:18:22.959235314 AllocatorConfig.cpp:28] Warning: PYTORCH_CUDA_ALLOC_CONF is deprecated, use PYTORCH_ALLOC_CONF instead (function operator())
