/home/u4320956/beam_engine-v3/.venv/lib/python3.11/site-packages/tvm_ffi/_optional_torch_c_dlpack.py:181: UserWarning: Failed to JIT torch c dlpack extension, EnvTensorAllocator will not be enabled.
We recommend installing via `pip install torch-c-dlpack-ext`
  warnings.warn(
grid: 6 (K,L_p,B) cells × 12 methods = 72 runs
methods: ['paged', 'tree', 'fasttree', 'mlca', 'adaptive_pool', 'bs_kernel', 'dbs_paged', 'dbs_tree', 'dbs_fasttree', 'dbs_mlca', 'dbs_adaptive_pool', 'dbs_bs_kernel']
max_new: 512
Loading tokenizer + model...
Fetching 7 files:   0%|          | 0/7 [00:00<?, ?it/s]Fetching 7 files: 100%|██████████| 7/7 [00:00<00:00, 112490.91it/s]
Model loaded.

  paged          K=16  L_p=8192   B=1  prefill=  871.7ms  decode_total= 2987.9ms  per_pt_token=  5.85ms  (  3.9s wall)
  tree           K=16  L_p=8192   B=1  prefill=   43.3ms  decode_total= 5837.2ms  per_pt_token= 11.42ms  (  5.9s wall)
  fasttree       K=16  L_p=8192   B=1  prefill=   42.4ms  decode_total= 6219.7ms  per_pt_token= 12.17ms  (  6.3s wall)
  mlca           K=16  L_p=8192   B=1  prefill=   45.2ms  decode_total= 3079.3ms  per_pt_token=  6.03ms  (  3.1s wall)
  adaptive_pool  K=16  L_p=8192   B=1  prefill=   44.7ms  decode_total= 2694.3ms  per_pt_token=  5.27ms  (  2.8s wall)
  bs_kernel      K=16  L_p=8192   B=1  prefill=   44.9ms  decode_total= 2821.7ms  per_pt_token=  5.52ms  (  2.9s wall)
  dbs_paged      K=16  L_p=8192   B=1  prefill=   45.1ms  decode_total= 3275.0ms  per_pt_token=  6.41ms  (  3.3s wall)
  dbs_tree       K=16  L_p=8192   B=1  prefill=   42.5ms  decode_total= 6135.1ms  per_pt_token= 12.01ms  (  6.2s wall)
  dbs_fasttree   K=16  L_p=8192   B=1  prefill=   42.2ms  decode_total= 6192.8ms  per_pt_token= 12.12ms  (  6.2s wall)
  dbs_mlca       K=16  L_p=8192   B=1  prefill=   44.9ms  decode_total= 3463.3ms  per_pt_token=  6.78ms  (  3.5s wall)
  dbs_adaptive_pool K=16  L_p=8192   B=1  prefill=   44.9ms  decode_total= 3043.5ms  per_pt_token=  5.96ms  (  3.1s wall)
  dbs_bs_kernel  K=16  L_p=8192   B=1  prefill=   44.8ms  decode_total= 3242.7ms  per_pt_token=  6.35ms  (  3.3s wall)
  paged          K=16  L_p=8192   B=16 prefill=  716.3ms  decode_total=19831.4ms  per_pt_token=  2.43ms  ( 20.6s wall)
  tree           K=16  L_p=8192   B=16 prefill=  655.7ms  decode_total=92189.2ms  per_pt_token= 11.28ms  ( 93.0s wall)
  fasttree       K=16  L_p=8192   B=16 prefill=  671.4ms  decode_total=59872.9ms  per_pt_token=  7.32ms  ( 60.6s wall)
  mlca           K=16  L_p=8192   B=16 prefill=  711.3ms  decode_total= 9095.8ms  per_pt_token=  1.11ms  (  9.9s wall)
  adaptive_pool  K=16  L_p=8192   B=16 prefill=  719.0ms  decode_total= 9348.7ms  per_pt_token=  1.14ms  ( 10.2s wall)
  bs_kernel      K=16  L_p=8192   B=16 prefill=  716.9ms  decode_total= 5655.9ms  per_pt_token=  0.69ms  (  6.5s wall)
  dbs_paged      K=16  L_p=8192   B=16   [dbs_paged] FAILED: MemoryError: No free pages available
  dbs_tree       K=16  L_p=8192   B=16 prefill=  661.2ms  decode_total=98248.1ms  per_pt_token= 12.02ms  ( 99.0s wall)
  dbs_fasttree   K=16  L_p=8192   B=16 prefill=  667.1ms  decode_total=65687.1ms  per_pt_token=  8.03ms  ( 66.5s wall)
  dbs_mlca       K=16  L_p=8192   B=16 prefill=  715.0ms  decode_total=15081.1ms  per_pt_token=  1.84ms  ( 15.9s wall)
  dbs_adaptive_pool K=16  L_p=8192   B=16 prefill=  715.2ms  decode_total=15403.5ms  per_pt_token=  1.88ms  ( 16.2s wall)
  dbs_bs_kernel  K=16  L_p=8192   B=16 prefill=  717.7ms  decode_total=13603.2ms  per_pt_token=  1.66ms  ( 14.4s wall)
  paged          K=16  L_p=8192   B=32 prefill= 1468.1ms  decode_total=38908.3ms  per_pt_token=  2.38ms  ( 40.6s wall)
  tree           K=16  L_p=8192   B=32 prefill= 1312.2ms  decode_total=184292.2ms  per_pt_token= 11.27ms  (185.8s wall)
  fasttree       K=16  L_p=8192   B=32 prefill= 1374.6ms  decode_total=127124.7ms  per_pt_token=  7.77ms  (128.7s wall)
  mlca           K=16  L_p=8192   B=32 prefill= 1455.7ms  decode_total=17102.8ms  per_pt_token=  1.05ms  ( 18.7s wall)
  adaptive_pool  K=16  L_p=8192   B=32 prefill= 1459.1ms  decode_total=18243.6ms  per_pt_token=  1.12ms  ( 19.9s wall)
  bs_kernel      K=16  L_p=8192   B=32 prefill= 1449.8ms  decode_total= 9250.1ms  per_pt_token=  0.57ms  ( 10.9s wall)
  dbs_paged      K=16  L_p=8192   B=32   [dbs_paged] FAILED: MemoryError: No free pages available
  dbs_tree       K=16  L_p=8192   B=32 prefill= 1320.6ms  decode_total=196583.0ms  per_pt_token= 12.02ms  (198.1s wall)
  dbs_fasttree   K=16  L_p=8192   B=32 prefill= 1376.6ms  decode_total=139212.6ms  per_pt_token=  8.51ms  (140.8s wall)
  dbs_mlca       K=16  L_p=8192   B=32 prefill= 1459.5ms  decode_total=28838.7ms  per_pt_token=  1.76ms  ( 30.5s wall)
  dbs_adaptive_pool K=16  L_p=8192   B=32 prefill= 1459.8ms  decode_total=30132.1ms  per_pt_token=  1.84ms  ( 31.8s wall)
  dbs_bs_kernel  K=16  L_p=8192   B=32 prefill= 1457.8ms  decode_total=25206.1ms  per_pt_token=  1.54ms  ( 26.8s wall)
  paged          K=64  L_p=8192   B=1  prefill=   45.1ms  decode_total= 5307.1ms  per_pt_token= 10.39ms  (  5.4s wall)
  tree           K=64  L_p=8192   B=1  prefill=   42.7ms  decode_total=16799.0ms  per_pt_token= 32.87ms  ( 16.9s wall)
  fasttree       K=64  L_p=8192   B=1  prefill=   42.5ms  decode_total=13878.8ms  per_pt_token= 27.16ms  ( 13.9s wall)
  mlca           K=64  L_p=8192   B=1  prefill=   45.1ms  decode_total= 3582.7ms  per_pt_token=  7.01ms  (  3.6s wall)
  adaptive_pool  K=64  L_p=8192   B=1  prefill=   45.1ms  decode_total= 3189.5ms  per_pt_token=  6.24ms  (  3.3s wall)
  bs_kernel      K=64  L_p=8192   B=1  prefill=   45.2ms  decode_total= 3082.6ms  per_pt_token=  6.03ms  (  3.1s wall)
  dbs_paged      K=64  L_p=8192   B=1  prefill=   45.4ms  decode_total= 6346.6ms  per_pt_token= 12.42ms  (  6.4s wall)
  dbs_tree       K=64  L_p=8192   B=1  prefill=   42.6ms  decode_total=17608.0ms  per_pt_token= 34.46ms  ( 17.7s wall)
  dbs_fasttree   K=64  L_p=8192   B=1  prefill=   42.3ms  decode_total=14486.2ms  per_pt_token= 28.35ms  ( 14.5s wall)
  dbs_mlca       K=64  L_p=8192   B=1  prefill=   45.1ms  decode_total= 4618.9ms  per_pt_token=  9.04ms  (  4.7s wall)
  dbs_adaptive_pool K=64  L_p=8192   B=1  prefill=   45.1ms  decode_total= 4339.5ms  per_pt_token=  8.49ms  (  4.4s wall)
  dbs_bs_kernel  K=64  L_p=8192   B=1  prefill=   45.4ms  decode_total= 4031.1ms  per_pt_token=  7.89ms  (  4.1s wall)
  paged          K=64  L_p=8192   B=16 prefill=  722.8ms  decode_total=71517.1ms  per_pt_token=  8.75ms  ( 72.4s wall)
  tree           K=64  L_p=8192   B=16 prefill=  657.5ms  decode_total=269586.0ms  per_pt_token= 32.97ms  (270.4s wall)
  fasttree       K=64  L_p=8192   B=16 prefill=  671.8ms  decode_total=233768.3ms  per_pt_token= 28.59ms  (234.6s wall)
  mlca           K=64  L_p=8192   B=16 prefill=  716.7ms  decode_total=26298.2ms  per_pt_token=  3.22ms  ( 27.2s wall)
  adaptive_pool  K=64  L_p=8192   B=16 prefill=  717.6ms  decode_total=25295.8ms  per_pt_token=  3.09ms  ( 26.2s wall)
  bs_kernel      K=64  L_p=8192   B=16 prefill=  721.3ms  decode_total=14174.6ms  per_pt_token=  1.73ms  ( 15.1s wall)
  dbs_paged      K=64  L_p=8192   B=16   [dbs_paged] FAILED: MemoryError: No free pages available
  dbs_tree       K=64  L_p=8192   B=16 prefill=  659.9ms  decode_total=282145.8ms  per_pt_token= 34.51ms  (283.0s wall)
  dbs_fasttree   K=64  L_p=8192   B=16 prefill=  673.2ms  decode_total=241540.6ms  per_pt_token= 29.54ms  (242.4s wall)
  dbs_mlca       K=64  L_p=8192   B=16 prefill=  719.1ms  decode_total=43017.8ms  per_pt_token=  5.26ms  ( 43.9s wall)
  dbs_adaptive_pool K=64  L_p=8192   B=16 prefill=  716.8ms  decode_total=42118.6ms  per_pt_token=  5.15ms  ( 43.0s wall)
  dbs_bs_kernel  K=64  L_p=8192   B=16 prefill=  717.4ms  decode_total=29698.1ms  per_pt_token=  3.63ms  ( 30.6s wall)
  paged          K=64  L_p=8192   B=32 prefill= 1466.2ms  decode_total=145471.7ms  per_pt_token=  8.90ms  (147.3s wall)
  tree           K=64  L_p=8192   B=32 