=== control (no threshold) 2026-05-24T20:07:25+08:00 — expect 3L+ to form ===
=== running method: bs_kernel_3l1p ===
grid: 1 (K,L_p,B) cells × 1 methods = 1 runs
methods: ['bs_kernel_3l1p']
max_new: 512
tp_size: 1, device: cuda
Loading tokenizer + model...
Fetching 7 files:   0%|          | 0/7 [00:00<?, ?it/s]Fetching 7 files: 100%|██████████| 7/7 [00:00<00:00, 113359.57it/s]
Model loaded.

loaded 200 prompts from data/gov_report.jsonl
  bs_kernel_3l1p warmup K=32  L_p=8192   B=8  
[bs_kernel plan-trace] 511 steps (PER_BEAM: 0, DEC_TAIL: 0, SHARED: 511, XPROMPT: 0)

  -- SHARED path (511 steps) --
  strategy mix: {'SHARED_2L_1POOL': 29, 'SHARED_3L_1POOL': 482}
  level-0 pack cache hits: 484/511 (94.7%)   plan_info cache hits: 75/511 (14.7%)
  phase                        mean     median        p90        p99        total
  decomp_ms                   2.692      2.550      2.875      3.058      1375.86
  pick_ms                     0.183      0.186      0.196      0.204        93.76
  shared_pack_ms              0.436      0.429      0.550      0.696       222.55
  shared_plan_ms              0.952      1.011      1.192      1.381       486.43
  shared_write_ms             0.107      0.108      0.113      0.119        54.72
discard          decode_total= 1578.5ms  (  8.8s wall)
  bs_kernel_3l1p        K=32  L_p=8192   B=8  
[bs_kernel plan-trace] 511 steps (PER_BEAM: 0, DEC_TAIL: 0, SHARED: 511, XPROMPT: 0)

  -- SHARED path (511 steps) --
  strategy mix: {'SHARED_2L_1POOL': 29, 'SHARED_3L_1POOL': 482}
  level-0 pack cache hits: 484/511 (94.7%)   plan_info cache hits: 75/511 (14.7%)
  phase                        mean     median        p90        p99        total
  decomp_ms                   2.467      2.552      2.875      3.062      1260.86
  pick_ms                     0.183      0.187      0.196      0.205        93.68
  shared_pack_ms              0.435      0.427      0.550      0.674       222.10
  shared_plan_ms              0.909      1.010      1.200      1.377       464.68
  shared_write_ms             0.108      0.109      0.114      0.118        55.09
prefill=  304.3ms  decode_total= 1575.7ms  per_pt_token=  1.77ms  (  7.6s wall)

wrote 1 rows to benchmarks/bs_kernel/results/paper-exp/exp2_divlevels_1b_control/bs_kernel_3l1p.csv
[W524 20:07:53.208023827 AllocatorConfig.cpp:28] Warning: PYTORCH_CUDA_ALLOC_CONF is deprecated, use PYTORCH_ALLOC_CONF instead (function operator())

=== running method: bs_kernel_5l1p ===
grid: 1 (K,L_p,B) cells × 1 methods = 1 runs
methods: ['bs_kernel_5l1p']
max_new: 512
tp_size: 1, device: cuda
Loading tokenizer + model...
Fetching 7 files:   0%|          | 0/7 [00:00<?, ?it/s]Fetching 7 files: 100%|██████████| 7/7 [00:00<00:00, 113359.57it/s]
Model loaded.

loaded 200 prompts from data/gov_report.jsonl
  bs_kernel_5l1p warmup K=32  L_p=8192   B=8  
[bs_kernel plan-trace] 511 steps (PER_BEAM: 0, DEC_TAIL: 0, SHARED: 511, XPROMPT: 0)

  -- SHARED path (511 steps) --
  strategy mix: {'SHARED_2L_1POOL': 82, 'SHARED_4L_1POOL': 83, 'SHARED_3L_1POOL': 20, 'SHARED_5L_1POOL': 326}
  level-0 pack cache hits: 476/511 (93.2%)   plan_info cache hits: 74/511 (14.5%)
  phase                        mean     median        p90        p99        total
  decomp_ms                   3.292      3.098      3.582      3.891      1682.12
  pick_ms                     0.354      0.330      0.532      0.560       180.91
  shared_pack_ms              0.536      0.563      0.642      0.793       273.66
  shared_plan_ms              1.224      1.431      1.464      1.499       625.42
  shared_write_ms             0.110      0.112      0.117      0.121        56.16
discard          decode_total= 1725.0ms  (  9.5s wall)
  bs_kernel_5l1p        K=32  L_p=8192   B=8  
[bs_kernel plan-trace] 511 steps (PER_BEAM: 0, DEC_TAIL: 0, SHARED: 511, XPROMPT: 0)

  -- SHARED path (511 steps) --
  strategy mix: {'SHARED_2L_1POOL': 82, 'SHARED_4L_1POOL': 83, 'SHARED_3L_1POOL': 20, 'SHARED_5L_1POOL': 326}
  level-0 pack cache hits: 476/511 (93.2%)   plan_info cache hits: 74/511 (14.5%)
  phase                        mean     median        p90        p99        total
  decomp_ms                   3.081      3.107      3.582      3.892      1574.14
  pick_ms                     0.355      0.330      0.534      0.567       181.17
  shared_pack_ms              0.538      0.561      0.649      0.792       274.80
  shared_plan_ms              1.180      1.432      1.467      1.501       602.96
  shared_write_ms             0.110      0.111      0.116      0.120        55.96
prefill=  302.1ms  decode_total= 1724.0ms  per_pt_token=  1.94ms  (  8.3s wall)

wrote 1 rows to benchmarks/bs_kernel/results/paper-exp/exp2_divlevels_1b_control/bs_kernel_5l1p.csv
[W524 20:08:23.294550822 AllocatorConfig.cpp:28] Warning: PYTORCH_CUDA_ALLOC_CONF is deprecated, use PYTORCH_ALLOC_CONF instead (function operator())

=== running method: bs_kernel_5ldt ===
grid: 1 (K,L_p,B) cells × 1 methods = 1 runs
methods: ['bs_kernel_5ldt']
max_new: 512
tp_size: 1, device: cuda
Loading tokenizer + model...
Fetching 7 files:   0%|          | 0/7 [00:00<?, ?it/s]Fetching 7 files: 100%|██████████| 7/7 [00:00<00:00, 112061.56it/s]
Model loaded.

loaded 200 prompts from data/gov_report.jsonl
  bs_kernel_5ldt warmup K=32  L_p=8192   B=8  
[bs_kernel plan-trace] 511 steps (PER_BEAM: 0, DEC_TAIL: 511, SHARED: 0, XPROMPT: 0)

  -- DEC_TAIL path (511 steps) --
  strategy mix: {'SHARED_2L_DEC_TAIL': 243, 'SHARED_5L_DEC_TAIL': 268}
  prefix re-plans: 288/511 (56.4%)   decode full re-plans: 1/511 (0.2%)
  phase                        mean     median        p90        p99        total
  decomp_ms                   3.361      3.181      3.533      3.836      1717.59
  pick_ms                     0.374      0.425      0.529      0.574       191.23
  prefix_plan_ms              1.162      1.917      1.983      2.029       593.56
  decode_build_ms             0.322      0.323      0.349      0.368       164.62
  decode_plan_ms              0.129      0.012      0.013      0.017        66.00
discard          decode_total= 1632.2ms  (  8.5s wall)
  bs_kernel_5ldt        K=32  L_p=8192   B=8  
[bs_kernel plan-trace] 511 steps (PER_BEAM: 0, DEC_TAIL: 511, SHARED: 0, XPROMPT: 0)

  -- DEC_TAIL path (511 steps) --
  strategy mix: {'SHARED_2L_DEC_TAIL': 243, 'SHARED_5L_DEC_TAIL': 268}
  prefix re-plans: 288/511 (56.4%)   decode full re-plans: 1/511 (0.2%)
  phase                        mean     median        p90        p99        total
  decomp_ms                   3.138      3.207      3.517      3.831      1603.64
  pick_ms                     0.374      0.427      0.526      0.579       191.27
  prefix_plan_ms              1.126      1.922      1.982      2.013       575.19
  decode_build_ms             0.321      0.323      0.348      0.368       164.28
  decode_plan_ms              0.014      0.012      0.013      0.019         7.06
prefill=  302.0ms  decode_total= 1631.6ms  per_pt_token=  1.84ms  (  7.2s wall)

wrote 1 rows to benchmarks/bs_kernel/results/paper-exp/exp2_divlevels_1b_control/bs_kernel_5ldt.csv
[W524 20:08:51.248735490 AllocatorConfig.cpp:28] Warning: PYTORCH_CUDA_ALLOC_CONF is deprecated, use PYTORCH_ALLOC_CONF instead (function operator())

=== control done 2026-05-24T20:08:51+08:00 ===
