/home/u4320956/beam_engine-v3/.venv/lib/python3.11/site-packages/tvm_ffi/_optional_torch_c_dlpack.py:181: UserWarning: Failed to JIT torch c dlpack extension, EnvTensorAllocator will not be enabled.
We recommend installing via `pip install torch-c-dlpack-ext`
  warnings.warn(
Loading tokenizer + model...
Fetching 11 files:   0%|          | 0/11 [00:00<?, ?it/s]Fetching 11 files: 100%|██████████| 11/11 [00:00<00:00, 21793.74it/s]
grid: 3 workloads × 4 runs each

=== K=16 L_p=8192 max_new=16 ===
  forced per_beam               median decode =  12.72 ms
  forced shared_2l_1pool        median decode =  11.64 ms
  forced shared_2l_2pool        median decode =  11.48 ms
  model picks shared_2l_1pool  (t_model=11.64ms)
  oracle      shared_2l_2pool        (t_oracle=11.48ms)
  regret      +1.4%

=== K=32 L_p=8192 max_new=16 ===
  forced per_beam               median decode =  16.59 ms
  forced shared_2l_1pool        median decode =  13.79 ms
  forced shared_2l_2pool        median decode =  13.69 ms
  model picks shared_2l_1pool  (t_model=13.79ms)
  oracle      shared_2l_2pool        (t_oracle=13.69ms)
  regret      +0.7%

=== K=64 L_p=8192 max_new=16 ===
  forced per_beam               median decode =  26.54 ms
  forced shared_2l_1pool        median decode =  19.65 ms
  forced shared_2l_2pool        median decode =  19.82 ms
  model picks shared_2l_1pool  (t_model=19.65ms)
  oracle      shared_2l_1pool        (t_oracle=19.65ms)
  regret      +0.0%

============================================================
Regret distribution:
  mean  = +0.69%
  p50   = +0.70%
  p90   = +1.38%
  p99   = +1.38%
  max   = +1.38%

wrote 3 rows to benchmarks/bs_kernel/results/run-NVIDIA_H100_80GB_HBM3-20260506-191312/05-oracle-vs-model.csv
