/home/u4320956/beam_engine-v3/.venv/lib/python3.11/site-packages/tvm_ffi/_optional_torch_c_dlpack.py:181: UserWarning: Failed to JIT torch c dlpack extension, EnvTensorAllocator will not be enabled.
We recommend installing via `pip install torch-c-dlpack-ext`
  warnings.warn(
benchmarking 136 tree shapes

category                shape                                              paged       tree     2level     3level        best      pick   reg%
--------------------------------------------------------------------------------------------------------------------------------------------
long_prefix_flat        flat                    K=16  L_p=2048              41.1       31.1       37.5        nan        tree     paged   32.3
long_prefix_flat        flat                    K=16  L_p=8192              73.1       32.2       48.4        nan        tree   2-level   50.3
long_prefix_flat        flat                    K=16  L_p=32768            240.8       92.8      102.2        nan        tree   2-level   10.1
long_prefix_flat        flat                    K=16  L_p=65536            464.2      163.7      170.4        nan        tree   2-level    4.1
long_prefix_flat        flat                    K=32  L_p=2048              42.2       31.9       47.9        nan        tree   2-level   50.1
long_prefix_flat        flat                    K=32  L_p=8192             127.5       57.8       48.5        nan     2-level   2-level    0.0
long_prefix_flat        flat                    K=32  L_p=32768            498.0      157.2       92.9        nan     2-level   2-level    0.0
long_prefix_flat        flat                    K=32  L_p=65536           1072.0      294.7      153.7        nan     2-level   2-level    0.0
long_prefix_flat        flat                    K=64  L_p=2048              77.5       43.8       49.6        nan        tree   2-level   13.4
long_prefix_flat        flat                    K=64  L_p=8192             254.1       96.7       65.6        nan     2-level   2-level    0.0
long_prefix_flat        flat                    K=64  L_p=32768           1024.3      304.2      155.0        nan     2-level   2-level    0.0
long_prefix_flat        flat                    K=64  L_p=65536           2103.3      575.2      273.9        nan     2-level   2-level    0.0
long_prefix_uniform     uniform G=2              K=16  L_p=2048             39.3       30.8       36.7       37.2        tree     paged   27.6
long_prefix_uniform     uniform G=4              K=16  L_p=2048             38.5       30.4       36.5       37.4        tree     paged   26.6
long_prefix_uniform     uniform G=8              K=16  L_p=2048             38.8       30.2       37.0       39.4        tree     paged   28.5
long_prefix_uniform     uniform G=2              K=16  L_p=8192             76.3       40.9       48.4       50.6        tree   2-level   18.3
long_prefix_uniform     uniform G=4              K=16  L_p=8192             76.2       44.4       49.2       52.7        tree   2-level   10.9
long_prefix_uniform     uniform G=8              K=16  L_p=8192             76.0       47.8       48.5       54.7        tree   2-level    1.3
long_prefix_uniform     uniform G=2              K=16  L_p=32768           253.6       99.8      102.6      105.4        tree   2-level    2.8
long_prefix_uniform     uniform G=4              K=16  L_p=32768           251.6      100.3      101.7      104.5        tree   2-level    1.4
long_prefix_uniform     uniform G=8              K=16  L_p=32768           252.3      102.6      102.9      107.6        tree   2-level    0.3
long_prefix_uniform     uniform G=2              K=16  L_p=65536           511.9      166.0      170.1      171.4        tree   2-level    2.4
long_prefix_uniform     uniform G=4              K=16  L_p=65536           470.7      171.3      171.5      173.6        tree   2-level    0.1
long_prefix_uniform     uniform G=8              K=16  L_p=65536           480.5      173.8      170.5      174.3     2-level   2-level    0.0
long_prefix_uniform     uniform G=2              K=32  L_p=2048             50.4       32.9       48.0       48.7        tree   2-level   46.2
long_prefix_uniform     uniform G=4              K=32  L_p=2048             50.3       39.4       48.0       53.5        tree   2-level   21.8
long_prefix_uniform     uniform G=8              K=32  L_p=2048             49.4       49.1       48.0       48.9     2-level   2-level    0.0
long_prefix_uniform     uniform G=2              K=32  L_p=8192            141.1       60.6       48.1       57.6     2-level   2-level    0.0
long_prefix_uniform     uniform G=4              K=32  L_p=8192            137.7       68.2       48.8       78.8     2-level   2-level    0.0
long_prefix_uniform     uniform G=8              K=32  L_p=8192            141.8       76.1       48.4       58.6     2-level   2-level    0.0
long_prefix_uniform     uniform G=2              K=32  L_p=32768           505.8      164.3       93.8      105.4     2-level   2-level    0.0
long_prefix_uniform     uniform G=4              K=32  L_p=32768           514.2      165.4       93.1      178.6     2-level   2-level    0.0
long_prefix_uniform     uniform G=8              K=32  L_p=32768           506.9      173.6       93.2      104.5     2-level   2-level    0.0
long_prefix_uniform     uniform G=2              K=32  L_p=65536          1033.8      295.1      154.5      167.1     2-level   2-level    0.0
long_prefix_uniform     uniform G=4              K=32  L_p=65536          1036.1      303.4      154.7      313.6     2-level   2-level    0.0
long_prefix_uniform     uniform G=8              K=32  L_p=65536          1034.1      309.3      153.2      164.8     2-level   2-level    0.0
long_prefix_uniform     uniform G=2              K=64  L_p=2048             91.4       52.2       48.2       52.1     2-level   2-level    0.0
long_prefix_uniform     uniform G=4              K=64  L_p=2048             91.7       61.5       48.6       50.8     2-level   2-level    0.0
long_prefix_uniform     uniform G=8              K=64  L_p=2048             91.6       78.8       48.7       69.2     2-level   2-level    0.0
long_prefix_uniform     uniform G=2              K=64  L_p=8192            270.9      104.6       65.4       83.9     2-level   2-level    0.0
long_prefix_uniform     uniform G=4              K=64  L_p=8192            271.8      113.1       65.7       75.5     2-level   2-level    0.0
long_prefix_uniform     uniform G=8              K=64  L_p=8192            268.9      131.4       65.6      108.8     2-level   2-level    0.0
long_prefix_uniform     uniform G=2              K=64  L_p=32768          1042.2      311.2      155.3      229.7     2-level   2-level    0.0
long_prefix_uniform     uniform G=4              K=64  L_p=32768          1042.0      320.0      155.2      166.3     2-level   2-level    0.0
long_prefix_uniform     uniform G=8              K=64  L_p=32768          1043.7      337.0      155.2      298.3     2-level   2-level    0.0
long_prefix_uniform     uniform G=2              K=64  L_p=65536          2145.2      583.2      273.9      420.4     2-level   2-level    0.0
long_prefix_uniform     uniform G=4              K=64  L_p=65536          2122.7      593.4      274.7      283.4     2-level   2-level    0.0
long_prefix_uniform     uniform G=8              K=64  L_p=65536          2133.8      610.0      273.7      552.6     2-level   2-level    0.0
high_g_small_inter      high_G G=8  inter=64    K=16  L_p=2048              38.8       30.4       37.3       37.0        tree     paged   27.6
high_g_small_inter      high_G G=4  inter=64    K=16  L_p=2048              38.9       30.5       36.6       37.0        tree     paged   27.8
high_g_small_inter      high_G G=8  inter=64    K=16  L_p=8192              74.8       38.9       48.8       49.9        tree   2-level   25.4
high_g_small_inter      high_G G=4  inter=64    K=16  L_p=8192              75.6       38.2       48.4       49.0        tree   2-level   26.8
high_g_small_inter      high_G G=8  inter=64    K=16  L_p=32768            274.6       93.4      102.7      105.1        tree   2-level    9.9
high_g_small_inter      high_G G=4  inter=64    K=16  L_p=32768            277.7       93.8      101.9      102.9        tree   2-level    8.6
high_g_small_inter      high_G G=8  inter=64    K=16  L_p=65536            557.4      165.4      171.5      173.7        tree   2-level    3.7
high_g_small_inter      high_G G=4  inter=64    K=16  L_p=65536            536.1      165.2      170.4      171.3        tree   2-level    3.1
high_g_small_inter      high_G G=16 inter=64    K=32  L_p=2048              42.3       32.9       48.0       48.2        tree   2-level   45.8
high_g_small_inter      high_G G=8  inter=64    K=32  L_p=2048              42.2       32.4       48.3       48.7        tree   2-level   49.0
high_g_small_inter      high_G G=16 inter=64    K=32  L_p=8192             133.8       60.9       49.3       54.4     2-level   2-level    0.0
high_g_small_inter      high_G G=8  inter=64    K=32  L_p=8192             134.4       60.1       49.2       52.6     2-level   2-level    0.0
high_g_small_inter      high_G G=16 inter=64    K=32  L_p=32768            525.2      164.7       93.4      101.1     2-level   2-level    0.0
high_g_small_inter      high_G G=8  inter=64    K=32  L_p=32768            531.8      155.6       93.3       99.5     2-level   2-level    0.0
high_g_small_inter      high_G G=16 inter=64    K=32  L_p=65536           1056.7      296.5      154.1      162.1     2-level   2-level    0.0
high_g_small_inter      high_G G=8  inter=64    K=32  L_p=65536           1013.0      296.1      153.8      160.9     2-level   2-level    0.0
high_g_small_inter      high_G G=32 inter=64    K=64  L_p=2048              77.2       62.2       49.2       49.3     2-level   2-level    0.0
high_g_small_inter      high_G G=16 inter=64    K=64  L_p=2048              77.1       52.1       48.8       49.5     2-level   2-level    0.0
high_g_small_inter      high_G G=32 inter=64    K=64  L_p=8192             254.3      112.8       65.3       74.0     2-level   2-level    0.0
high_g_small_inter      high_G G=16 inter=64    K=64  L_p=8192             255.1      104.2       65.3       72.8     2-level   2-level    0.0
high_g_small_inter      high_G G=32 inter=64    K=64  L_p=32768           1035.5      318.4      154.5      163.1     2-level   2-level    0.0
high_g_small_inter      high_G G=16 inter=64    K=64  L_p=32768           1031.6      309.2      154.2      162.5     2-level   2-level    0.0
high_g_small_inter      high_G G=32 inter=64    K=64  L_p=65536           2125.3      589.2      273.2      281.4     2-level   2-level    0.0
high_g_small_inter      high_G G=16 inter=64    K=64  L_p=65536           2133.6      579.8      272.7      279.6     2-level   2-level    0.0
long_prefix_skewed      skewed 1+singletons     K=16  L_p=2048              38.6       30.2       37.1        nan        tree     paged   27.6
long_prefix_skewed      skewed 1+singletons     K=16  L_p=8192              76.1       32.5       48.2        nan        tree   2-level   48.3
long_prefix_skewed      skewed 1+singletons     K=16  L_p=32768            254.5       92.7      102.7        nan        tree   2-level   10.7
long_prefix_skewed      skewed 1+singletons     K=16  L_p=65536            506.4      163.7      169.8        nan        tree   2-level    3.7
long_prefix_skewed      skewed 1+singletons     K=32  L_p=2048              49.9       32.1       47.7        nan        tree   2-level   48.9
long_prefix_skewed      skewed 1+singletons     K=32  L_p=8192             137.8       57.7       49.1        nan     2-level   2-level    0.0
long_prefix_skewed      skewed 1+singletons     K=32  L_p=32768            518.5      156.6       92.7        nan     2-level   2-level    0.0
long_prefix_skewed      skewed 1+singletons     K=32  L_p=65536           1036.4      292.8      154.2        nan     2-level   2-level    0.0
long_prefix_skewed      skewed 1+singletons     K=64  L_p=2048              91.5       43.8       48.8        nan        tree   2-level   11.4
long_prefix_skewed      skewed 1+singletons     K=64  L_p=8192             269.1       96.3       65.3        nan     2-level   2-level    0.0
long_prefix_skewed      skewed 1+singletons     K=64  L_p=32768           1039.2      301.0      154.4        nan     2-level   2-level    0.0
long_prefix_skewed      skewed 1+singletons     K=64  L_p=65536           2128.3      571.1      272.9        nan     2-level   2-level    0.0
short_prefix            short_prefix            K=16  L_p=256               38.1       30.2       33.1        nan        tree     paged   26.0
short_prefix            short_prefix            K=16  L_p=512               38.2       30.6       34.7        nan        tree     paged   24.7
short_prefix            short_prefix            K=16  L_p=1024              38.7       29.7       36.4        nan        tree     paged   30.0
short_prefix            short_prefix            K=32  L_p=256               35.6       30.3       47.6        nan        tree     paged   17.3
short_prefix            short_prefix            K=32  L_p=512               36.3       30.2       48.5        nan        tree     paged   20.4
short_prefix            short_prefix            K=32  L_p=1024              36.3       29.9       46.4        nan        tree     paged   21.5
short_prefix            short_prefix            K=64  L_p=256               35.1       33.9       48.5        nan        tree     paged    3.3
short_prefix            short_prefix            K=64  L_p=512               35.7       34.1       47.9        nan        tree     paged    4.8
short_prefix            short_prefix            K=64  L_p=1024              48.2       34.8       48.1        nan        tree   2-level   38.0
tiny_lp                 tiny_lp                 K=16  L_p=64                32.3       29.6       33.8        nan        tree     paged    9.0
tiny_lp                 tiny_lp                 K=16  L_p=128               36.5       29.7       33.2        nan        tree     paged   22.8
tiny_lp                 tiny_lp                 K=32  L_p=64                33.6       30.4       44.5        nan        tree     paged   10.7
tiny_lp                 tiny_lp                 K=32  L_p=128               34.9       30.1       45.6        nan        tree     paged   16.1
tiny_lp                 tiny_lp                 K=64  L_p=64                35.4       33.5       47.0        nan        tree     paged    5.6
tiny_lp                 tiny_lp                 K=64  L_p=128               35.8       33.3       48.2        nan        tree     paged    7.5
k_one                   k_one                   K=1   L_p=2048              36.9       29.4        nan        nan        tree     paged   25.3
k_one                   k_one                   K=1   L_p=8192              38.3       29.7        nan        nan        tree     paged   29.0
k_one                   k_one                   K=1   L_p=32768             59.4       60.3        nan        nan       paged     paged    0.0
k_one                   k_one                   K=1   L_p=65536            101.8      102.4        nan        nan       paged     paged    0.0
all_unique              all_unique G=K          K=16  L_p=2048              38.1       29.9       36.9        nan        tree     paged   27.3
all_unique              all_unique G=K          K=16  L_p=8192              72.6       32.4       47.9        nan        tree   2-level   47.7
all_unique              all_unique G=K          K=16  L_p=32768            240.8       92.0      103.1        nan        tree   2-level   12.1
all_unique              all_unique G=K          K=16  L_p=65536            505.6      165.0      170.0        nan        tree   2-level    3.0
all_unique              all_unique G=K          K=32  L_p=2048              42.3       32.2       48.3        nan        tree   2-level   49.9
all_unique              all_unique G=K          K=32  L_p=8192             133.4       58.3       48.6        nan     2-level   2-level    0.0
all_unique              all_unique G=K          K=32  L_p=32768            521.7      157.7       93.3        nan     2-level   2-level    0.0
all_unique              all_unique G=K          K=32  L_p=65536           1068.7      292.8      153.4        nan     2-level   2-level    0.0
all_unique              all_unique G=K          K=64  L_p=2048              77.0       43.7       48.5        nan        tree   2-level   11.0
all_unique              all_unique G=K          K=64  L_p=8192             254.7       96.0       65.1        nan     2-level   2-level    0.0
all_unique              all_unique G=K          K=64  L_p=32768           1018.1      303.6      155.1        nan     2-level   2-level    0.0
all_unique              all_unique G=K          K=64  L_p=65536           2109.2      571.6      271.7        nan     2-level   2-level    0.0
boundary_k              boundary_K              K=17  L_p=2048              40.3       31.3       36.9        nan        tree     paged   28.5
boundary_k              boundary_K              K=17  L_p=8192             120.5       55.4       53.5        nan     2-level   2-level    0.0
boundary_k              boundary_K              K=17  L_p=32768            441.8      159.6      125.5        nan     2-level   2-level    0.0
boundary_k              boundary_K              K=33  L_p=2048              41.8       39.5       49.0        nan        tree   2-level   24.2
boundary_k              boundary_K              K=33  L_p=8192             123.7       94.7       72.1        nan     2-level   2-level    0.0
boundary_k              boundary_K              K=33  L_p=32768            450.8      316.3      208.1        nan     2-level   2-level    0.0
boundary_k              boundary_K              K=48  L_p=2048              72.5       41.0       48.5        nan        tree   2-level   18.2
boundary_k              boundary_K              K=48  L_p=8192             237.1       93.4       63.3        nan     2-level   2-level    0.0
boundary_k              boundary_K              K=48  L_p=32768            906.3      297.3      153.4        nan     2-level   2-level    0.0
boundary_k              boundary_K              K=65  L_p=2048              77.2       60.2       48.7        nan     2-level   2-level    0.0
boundary_k              boundary_K              K=65  L_p=8192             257.6      141.6      100.8        nan     2-level   2-level    0.0
boundary_k              boundary_K              K=65  L_p=32768           1035.6      468.1      308.5        nan     2-level   2-level    0.0
boundary_k              boundary_K              K=80  L_p=2048             105.0       60.5       51.4        nan     2-level   2-level    0.0
boundary_k              boundary_K              K=80  L_p=8192             354.8      136.9       87.6        nan     2-level   2-level    0.0
boundary_k              boundary_K              K=80  L_p=32768           1433.6      436.2      231.6        nan     2-level   2-level    0.0
boundary_k              boundary_K              K=96  L_p=2048             110.6       68.0       51.0        nan     2-level   2-level    0.0
boundary_k              boundary_K              K=96  L_p=8192             377.2      139.3       90.1        nan     2-level   2-level    0.0
boundary_k              boundary_K              K=96  L_p=32768           1565.2      435.4      232.2        nan     2-level   2-level    0.0
boundary_k              boundary_K              K=129 L_p=2048             144.2      118.4       69.8        nan     2-level   2-level    0.0
boundary_k              boundary_K              K=129 L_p=8192             504.6      265.2      158.5        nan     2-level   2-level    0.0
boundary_k              boundary_K              K=129 L_p=32768           2122.8      822.6      487.3        nan     2-level   2-level    0.0

==========================================================================================
category                  n   pick=best   mean_regret   max_regret   mean_speedup_vs_paged
------------------------------------------------------------------------------------------
all_unique               12  6/12              12.58%       49.88%                   3.65×
boundary_k               21  18/21               3.38%       28.50%                   3.10×
high_g_small_inter       24  14/24               9.49%       48.96%                   3.70×
k_one                     4  2/4               13.59%       29.00%                   1.00×
long_prefix_flat         12  6/12              13.35%       50.35%                   3.60×
long_prefix_skewed       12  6/12              12.55%       48.85%                   3.73×
long_prefix_uniform      36  23/36               5.23%       46.15%                   3.71×
short_prefix              9  0/9               20.67%       37.99%                   1.00×
tiny_lp                   6  0/6               11.95%       22.81%                   1.00×

====================================================================================================
Mean speedup of bs_kernel pick vs each baseline kernel, by category:
category                  vs_paged     vs_tree   vs_2level   vs_3level
--------------------------------------------------------------------------------
all_unique                   3.65×       1.27×       1.00×           —
boundary_k                   3.10×       1.41×       1.00×           —
high_g_small_inter           3.70×       1.33×       1.00×       1.04×
k_one                        1.00×       0.90×           —           —
long_prefix_flat             3.60×       1.26×       0.99×           —
long_prefix_skewed           3.73×       1.26×       1.00×           —
long_prefix_uniform          3.71×       1.42×       1.00×       1.24×
short_prefix                 1.00×       0.84×       1.16×           —
tiny_lp                      1.00×       0.90×       1.21×           —

Under-performance (bs_kernel regret > 5%):
  [long_prefix_flat] flat                    K=16  L_p=8192         pick=2-level (48.4us)  best=   tree (32.2us)  regret=50.3%
  [long_prefix_flat] flat                    K=32  L_p=2048         pick=2-level (47.9us)  best=   tree (31.9us)  regret=50.1%
  [all_unique] all_unique G=K          K=32  L_p=2048         pick=2-level (48.3us)  best=   tree (32.2us)  regret=49.9%
  [high_g_small_inter] high_G G=8  inter=64    K=32  L_p=2048         pick=2-level (48.3us)  best=   tree (32.4us)  regret=49.0%
  [long_prefix_skewed] skewed 1+singletons     K=32  L_p=2048         pick=2-level (47.7us)  best=   tree (32.1us)  regret=48.9%
  [long_prefix_skewed] skewed 1+singletons     K=16  L_p=8192         pick=2-level (48.2us)  best=   tree (32.5us)  regret=48.3%
  [all_unique] all_unique G=K          K=16  L_p=8192         pick=2-level (47.9us)  best=   tree (32.4us)  regret=47.7%
  [long_prefix_uniform] uniform G=2              K=32  L_p=2048        pick=2-level (48.0us)  best=   tree (32.9us)  regret=46.2%
  [high_g_small_inter] high_G G=16 inter=64    K=32  L_p=2048         pick=2-level (48.0us)  best=   tree (32.9us)  regret=45.8%
  [short_prefix] short_prefix            K=64  L_p=1024         pick=2-level (48.1us)  best=   tree (34.8us)  regret=38.0%
  [long_prefix_flat] flat                    K=16  L_p=2048         pick=  paged (41.1us)  best=   tree (31.1us)  regret=32.3%
  [short_prefix] short_prefix            K=16  L_p=1024         pick=  paged (38.7us)  best=   tree (29.7us)  regret=30.0%
  [k_one] k_one                   K=1   L_p=8192         pick=  paged (38.3us)  best=   tree (29.7us)  regret=29.0%
  [boundary_k] boundary_K              K=17  L_p=2048         pick=  paged (40.3us)  best=   tree (31.3us)  regret=28.5%
  [long_prefix_uniform] uniform G=8              K=16  L_p=2048        pick=  paged (38.8us)  best=   tree (30.2us)  regret=28.5%
  [high_g_small_inter] high_G G=4  inter=64    K=16  L_p=2048         pick=  paged (38.9us)  best=   tree (30.5us)  regret=27.8%
  [long_prefix_skewed] skewed 1+singletons     K=16  L_p=2048         pick=  paged (38.6us)  best=   tree (30.2us)  regret=27.6%
  [high_g_small_inter] high_G G=8  inter=64    K=16  L_p=2048         pick=  paged (38.8us)  best=   tree (30.4us)  regret=27.6%
  [long_prefix_uniform] uniform G=2              K=16  L_p=2048        pick=  paged (39.3us)  best=   tree (30.8us)  regret=27.6%
  [all_unique] all_unique G=K          K=16  L_p=2048         pick=  paged (38.1us)  best=   tree (29.9us)  regret=27.3%
  [high_g_small_inter] high_G G=4  inter=64    K=16  L_p=8192         pick=2-level (48.4us)  best=   tree (38.2us)  regret=26.8%
  [long_prefix_uniform] uniform G=4              K=16  L_p=2048        pick=  paged (38.5us)  best=   tree (30.4us)  regret=26.6%
  [short_prefix] short_prefix            K=16  L_p=256          pick=  paged (38.1us)  best=   tree (30.2us)  regret=26.0%
  [high_g_small_inter] high_G G=8  inter=64    K=16  L_p=8192         pick=2-level (48.8us)  best=   tree (38.9us)  regret=25.4%
  [k_one] k_one                   K=1   L_p=2048         pick=  paged (36.9us)  best=   tree (29.4us)  regret=25.3%
  [short_prefix] short_prefix            K=16  L_p=512          pick=  paged (38.2us)  best=   tree (30.6us)  regret=24.7%
  [boundary_k] boundary_K              K=33  L_p=2048         pick=2-level (49.0us)  best=   tree (39.5us)  regret=24.2%
  [tiny_lp] tiny_lp                 K=16  L_p=128          pick=  paged (36.5us)  best=   tree (29.7us)  regret=22.8%
  [long_prefix_uniform] uniform G=4              K=32  L_p=2048        pick=2-level (48.0us)  best=   tree (39.4us)  regret=21.8%
  [short_prefix] short_prefix            K=32  L_p=1024         pick=  paged (36.3us)  best=   tree (29.9us)  regret=21.5%
  [short_prefix] short_prefix            K=32  L_p=512          pick=  paged (36.3us)  best=   tree (30.2us)  regret=20.4%
  [long_prefix_uniform] uniform G=2              K=16  L_p=8192        pick=2-level (48.4us)  best=   tree (40.9us)  regret=18.3%
  [boundary_k] boundary_K              K=48  L_p=2048         pick=2-level (48.5us)  best=   tree (41.0us)  regret=18.2%
  [short_prefix] short_prefix            K=32  L_p=256          pick=  paged (35.6us)  best=   tree (30.3us)  regret=17.3%
  [tiny_lp] tiny_lp                 K=32  L_p=128          pick=  paged (34.9us)  best=   tree (30.1us)  regret=16.1%
  [long_prefix_flat] flat                    K=64  L_p=2048         pick=2-level (49.6us)  best=   tree (43.8us)  regret=13.4%
  [all_unique] all_unique G=K          K=16  L_p=32768        pick=2-level (103.1us)  best=   tree (92.0us)  regret=12.1%
  [long_prefix_skewed] skewed 1+singletons     K=64  L_p=2048         pick=2-level (48.8us)  best=   tree (43.8us)  regret=11.4%
  [all_unique] all_unique G=K          K=64  L_p=2048         pick=2-level (48.5us)  best=   tree (43.7us)  regret=11.0%
  [long_prefix_uniform] uniform G=4              K=16  L_p=8192        pick=2-level (49.2us)  best=   tree (44.4us)  regret=10.9%
  [long_prefix_skewed] skewed 1+singletons     K=16  L_p=32768        pick=2-level (102.7us)  best=   tree (92.7us)  regret=10.7%
  [tiny_lp] tiny_lp                 K=32  L_p=64           pick=  paged (33.6us)  best=   tree (30.4us)  regret=10.7%
  [long_prefix_flat] flat                    K=16  L_p=32768        pick=2-level (102.2us)  best=   tree (92.8us)  regret=10.1%
  [high_g_small_inter] high_G G=8  inter=64    K=16  L_p=32768        pick=2-level (102.7us)  best=   tree (93.4us)  regret=9.9%
  [tiny_lp] tiny_lp                 K=16  L_p=64           pick=  paged (32.3us)  best=   tree (29.6us)  regret=9.0%
  [high_g_small_inter] high_G G=4  inter=64    K=16  L_p=32768        pick=2-level (101.9us)  best=   tree (93.8us)  regret=8.6%
  [tiny_lp] tiny_lp                 K=64  L_p=128          pick=  paged (35.8us)  best=   tree (33.3us)  regret=7.5%
  [tiny_lp] tiny_lp                 K=64  L_p=64           pick=  paged (35.4us)  best=   tree (33.5us)  regret=5.6%

====================================================================================================
CTA_Q padding sensitivity (boundary_k shapes — K just above tile boundaries):
  shape                                         T=16      T=64     T=128    best_T   pick_T   reg%
----------------------------------------------------------------------------------------------------
  boundary_K              K=17  L_p=2048        36.8      36.8      36.9        16    paged    nan
  boundary_K              K=17  L_p=8192        54.0      45.3      41.6       128       64    9.1
  boundary_K              K=17  L_p=32768      124.3      89.3     116.0        64       64    0.0
  boundary_K              K=33  L_p=2048        37.8      36.8      36.7       128       64    0.3
  boundary_K              K=33  L_p=8192        67.3      55.5      69.9        64       64    0.0
  boundary_K              K=33  L_p=32768      193.9     143.8     215.3        64       64    0.0
  boundary_K              K=48  L_p=2048        46.8      37.2      37.0       128       64    0.4
  boundary_K              K=48  L_p=8192        85.1      56.8      73.6        64       64    0.0
  boundary_K              K=48  L_p=32768      223.5     148.2     215.4        64       64    0.0
  boundary_K              K=65  L_p=2048        54.1      43.3      47.6        64       64    0.0
  boundary_K              K=65  L_p=8192       101.2      78.8     105.5        64       64    0.0
  boundary_K              K=65  L_p=32768      306.6     218.5     333.6        64       64    0.0
  boundary_K              K=80  L_p=2048        61.9      46.2      51.7        64       64    0.0
  boundary_K              K=80  L_p=8192       115.3      87.9     109.9        64       64    0.0
  boundary_K              K=80  L_p=32768      363.9     228.8     336.8        64       64    0.0
  boundary_K              K=96  L_p=2048        71.7      53.8      52.6       128       64    2.3
  boundary_K              K=96  L_p=8192       132.7     105.8     108.7        64       64    0.0
  boundary_K              K=96  L_p=32768      417.1     248.2     336.8        64       64    0.0
  boundary_K              K=129 L_p=2048        81.6      68.5      69.1        64       64    0.0
  boundary_K              K=129 L_p=8192       172.4     140.1     167.4        64       64    0.0
  boundary_K              K=129 L_p=32768      550.3     371.4     541.3        64       64    0.0

wrote 136 rows to benchmarks/bs_kernel/results/run-NVIDIA_H100_80GB_HBM3-20260506-191312/06-tree-shapes.csv
