=== dbs_1b_lp8k started 2026-05-15T00:07:32+08:00 ===
config:  L_p=8192, K=32, B=32, max_new=256
methods: dbs_fasttree dbs_bs_kernel dbs_paged dbs_mlca
--warmup (1 discarded + 1 measured per method)
GPU:     NVIDIA H100 80GB HBM3

=== running method: dbs_fasttree ===
/home/u4320956/beam_engine-v3/.venv/lib/python3.11/site-packages/tvm_ffi/_optional_torch_c_dlpack.py:181: UserWarning: Failed to JIT torch c dlpack extension, EnvTensorAllocator will not be enabled.
We recommend installing via `pip install torch-c-dlpack-ext`
  warnings.warn(
grid: 1 (K,L_p,B) cells × 1 methods = 1 runs
methods: ['dbs_fasttree']
max_new: 256
Loading tokenizer + model...
Fetching 7 files:   0%|          | 0/7 [00:00<?, ?it/s]Fetching 7 files: 100%|██████████| 7/7 [00:00<00:00, 40000.17it/s]
Model loaded.

  dbs_fasttree   warmup K=32  L_p=8192   B=32 discard          decode_total=24142.4ms  ( 26.7s wall)
  dbs_fasttree          K=32  L_p=8192   B=32 prefill= 1250.7ms  decode_total=23529.6ms  per_pt_token=  2.88ms  ( 25.2s wall)

wrote 1 rows to benchmarks/bs_kernel/results/dbs_1b_lp8k-20260515-000732/dbs_fasttree.csv
[W515 00:08:32.391232039 AllocatorConfig.cpp:28] Warning: PYTORCH_CUDA_ALLOC_CONF is deprecated, use PYTORCH_ALLOC_CONF instead (function operator())

=== running method: dbs_bs_kernel ===
/home/u4320956/beam_engine-v3/.venv/lib/python3.11/site-packages/tvm_ffi/_optional_torch_c_dlpack.py:181: UserWarning: Failed to JIT torch c dlpack extension, EnvTensorAllocator will not be enabled.
We recommend installing via `pip install torch-c-dlpack-ext`
  warnings.warn(
grid: 1 (K,L_p,B) cells × 1 methods = 1 runs
methods: ['dbs_bs_kernel']
max_new: 256
Loading tokenizer + model...
Fetching 7 files:   0%|          | 0/7 [00:00<?, ?it/s]Fetching 7 files: 100%|██████████| 7/7 [00:00<00:00, 34704.64it/s]
Model loaded.

  dbs_bs_kernel  warmup K=32  L_p=8192   B=32 discard          decode_total=19935.7ms  ( 22.6s wall)
  dbs_bs_kernel         K=32  L_p=8192   B=32 prefill= 1251.3ms  decode_total=19806.4ms  per_pt_token=  2.43ms  ( 21.5s wall)

wrote 1 rows to benchmarks/bs_kernel/results/dbs_1b_lp8k-20260515-000732/dbs_bs_kernel.csv
[W515 00:09:25.228756608 AllocatorConfig.cpp:28] Warning: PYTORCH_CUDA_ALLOC_CONF is deprecated, use PYTORCH_ALLOC_CONF instead (function operator())

=== running method: dbs_paged ===
/home/u4320956/beam_engine-v3/.venv/lib/python3.11/site-packages/tvm_ffi/_optional_torch_c_dlpack.py:181: UserWarning: Failed to JIT torch c dlpack extension, EnvTensorAllocator will not be enabled.
We recommend installing via `pip install torch-c-dlpack-ext`
  warnings.warn(
grid: 1 (K,L_p,B) cells × 1 methods = 1 runs
methods: ['dbs_paged']
max_new: 256
Loading tokenizer + model...
Fetching 7 files:   0%|          | 0/7 [00:00<?, ?it/s]Fetching 7 files: 100%|██████████| 7/7 [00:00<00:00, 107153.75it/s]
Model loaded.

  dbs_paged      warmup K=32  L_p=8192   B=32 discard          decode_total=28800.3ms  ( 31.4s wall)
  dbs_paged             K=32  L_p=8192   B=32 prefill= 1257.2ms  decode_total=28753.3ms  per_pt_token=  3.52ms  ( 30.4s wall)

wrote 1 rows to benchmarks/bs_kernel/results/dbs_1b_lp8k-20260515-000732/dbs_paged.csv
[W515 00:10:35.708221064 AllocatorConfig.cpp:28] Warning: PYTORCH_CUDA_ALLOC_CONF is deprecated, use PYTORCH_ALLOC_CONF instead (function operator())

=== running method: dbs_mlca ===
/home/u4320956/beam_engine-v3/.venv/lib/python3.11/site-packages/tvm_ffi/_optional_torch_c_dlpack.py:181: UserWarning: Failed to JIT torch c dlpack extension, EnvTensorAllocator will not be enabled.
We recommend installing via `pip install torch-c-dlpack-ext`
  warnings.warn(
grid: 1 (K,L_p,B) cells × 1 methods = 1 runs
methods: ['dbs_mlca']
max_new: 256
Loading tokenizer + model...
Fetching 7 files:   0%|          | 0/7 [00:00<?, ?it/s]Fetching 7 files: 100%|██████████| 7/7 [00:00<00:00, 62203.66it/s]
Model loaded.

  dbs_mlca       warmup K=32  L_p=8192   B=32 discard          decode_total=27212.1ms  ( 29.8s wall)
  dbs_mlca              K=32  L_p=8192   B=32 prefill= 1258.2ms  decode_total=27136.9ms  per_pt_token=  3.33ms  ( 28.7s wall)

wrote 1 rows to benchmarks/bs_kernel/results/dbs_1b_lp8k-20260515-000732/dbs_mlca.csv
[W515 00:11:42.793912962 AllocatorConfig.cpp:28] Warning: PYTORCH_CUDA_ALLOC_CONF is deprecated, use PYTORCH_ALLOC_CONF instead (function operator())

=== merging CSVs to benchmarks/bs_kernel/results/dbs_1b_lp8k-20260515-000732/merged.csv ===

=== merged results ===
method,K,L_p,B,max_new,prefill_ms,decode_total_ms,decode_per_token_ms,decode_per_prompt_per_token_ms,plan_mean_ms,plan_total_ms,forward_mean_ms,forward_total_ms,cow_mean_ms,cow_total_ms,topk_mean_ms,topk_total_ms,fork_mean_ms,fork_total_ms
dbs_fasttree,32,8192,32,256,1250.6942,23529.6358,92.2731,2.8835,0.0000,0.0000,0.0000,0.0000,0.0000,0.0000,0.0000,0.0000,0.0000,0.0000
dbs_bs_kernel,32,8192,32,256,1251.3473,19806.3662,77.6720,2.4273,0.0000,0.0000,0.0000,0.0000,0.0000,0.0000,0.0000,0.0000,0.0000,0.0000
dbs_paged,32,8192,32,256,1257.2384,28753.3138,112.7581,3.5237,0.0000,0.0000,0.0000,0.0000,0.0000,0.0000,0.0000,0.0000,0.0000,0.0000
dbs_mlca,32,8192,32,256,1258.2127,27136.8710,106.4191,3.3256,0.0000,0.0000,0.0000,0.0000,0.0000,0.0000,0.0000,0.0000,0.0000,0.0000

Done. Results: benchmarks/bs_kernel/results/dbs_1b_lp8k-20260515-000732
