/home/u4320956/beam_engine-v3/.venv/lib/python3.11/site-packages/tvm_ffi/_optional_torch_c_dlpack.py:181: UserWarning: Failed to JIT torch c dlpack extension, EnvTensorAllocator will not be enabled.
We recommend installing via `pip install torch-c-dlpack-ext`
  warnings.warn(
grid: 6 cells × 6 modes = 36 runs
modes: ['picker', 'PER_BEAM', 'SHARED_2L_1POOL', 'SHARED_2L_2POOL', 'SHARED_3L_1POOL', 'SHARED_3L_2POOL']
Loading tokenizer + model...
Fetching 7 files:   0%|          | 0/7 [00:00<?, ?it/s]Fetching 7 files: 100%|██████████| 7/7 [00:00<00:00, 112490.91it/s]
Model loaded.

  picker             K=16  L_p=8192   B=1  prefill=  850.6ms  decode_total=  2967.6ms  per_pt_token=  5.81ms  (  3.9s wall)
  PER_BEAM           K=16  L_p=8192   B=1  prefill=   44.5ms  decode_total=  2703.2ms  per_pt_token=  5.29ms  (  2.8s wall)
  SHARED_2L_1POOL    K=16  L_p=8192   B=1  prefill=   44.9ms  decode_total=  2767.0ms  per_pt_token=  5.41ms  (  2.8s wall)
  SHARED_2L_2POOL    K=16  L_p=8192   B=1  prefill=   44.6ms  decode_total=  3211.9ms  per_pt_token=  6.29ms  (  3.3s wall)
  SHARED_3L_1POOL    K=16  L_p=8192   B=1    [SHARED_3L_1POOL] FAILED: ValueError: no strategy available after filtering
  SHARED_3L_2POOL    K=16  L_p=8192   B=1    [SHARED_3L_2POOL] FAILED: ValueError: no strategy available after filtering
  picker             K=16  L_p=8192   B=16 prefill=  711.2ms  decode_total=  5645.2ms  per_pt_token=  0.69ms  (  6.4s wall)
  PER_BEAM           K=16  L_p=8192   B=16 prefill=  708.3ms  decode_total= 11986.3ms  per_pt_token=  1.47ms  ( 12.8s wall)
  SHARED_2L_1POOL    K=16  L_p=8192   B=16 prefill=  707.7ms  decode_total=  5495.8ms  per_pt_token=  0.67ms  (  6.3s wall)
  SHARED_2L_2POOL    K=16  L_p=8192   B=16 prefill=  711.7ms  decode_total=  5628.9ms  per_pt_token=  0.69ms  (  6.4s wall)
  SHARED_3L_1POOL    K=16  L_p=8192   B=16   [SHARED_3L_1POOL] FAILED: ValueError: no strategy available after filtering
  SHARED_3L_2POOL    K=16  L_p=8192   B=16   [SHARED_3L_2POOL] FAILED: ValueError: no strategy available after filtering
  picker             K=16  L_p=8192   B=32 prefill= 1449.7ms  decode_total=  9108.8ms  per_pt_token=  0.56ms  ( 10.7s wall)
  PER_BEAM           K=16  L_p=8192   B=32 prefill= 1445.7ms  decode_total= 22996.7ms  per_pt_token=  1.41ms  ( 24.6s wall)
  SHARED_2L_1POOL    K=16  L_p=8192   B=32 prefill= 1444.5ms  decode_total=  9108.2ms  per_pt_token=  0.56ms  ( 10.7s wall)
  SHARED_2L_2POOL    K=16  L_p=8192   B=32 prefill= 1450.7ms  decode_total=  9476.6ms  per_pt_token=  0.58ms  ( 11.1s wall)
  SHARED_3L_1POOL    K=16  L_p=8192   B=32   [SHARED_3L_1POOL] FAILED: ValueError: no strategy available after filtering
  SHARED_3L_2POOL    K=16  L_p=8192   B=32   [SHARED_3L_2POOL] FAILED: ValueError: no strategy available after filtering
  picker             K=64  L_p=8192   B=1  prefill=   45.0ms  decode_total=  3101.9ms  per_pt_token=  6.07ms  (  3.2s wall)
  PER_BEAM           K=64  L_p=8192   B=1  prefill=   44.8ms  decode_total=  4028.7ms  per_pt_token=  7.88ms  (  4.1s wall)
  SHARED_2L_1POOL    K=64  L_p=8192   B=1  prefill=   44.9ms  decode_total=  3015.0ms  per_pt_token=  5.90ms  (  3.1s wall)
  SHARED_2L_2POOL    K=64  L_p=8192   B=1  prefill=   44.8ms  decode_total=  3519.1ms  per_pt_token=  6.89ms  (  3.6s wall)
  SHARED_3L_1POOL    K=64  L_p=8192   B=1    [SHARED_3L_1POOL] FAILED: ValueError: no strategy available after filtering
  SHARED_3L_2POOL    K=64  L_p=8192   B=1    [SHARED_3L_2POOL] FAILED: ValueError: no strategy available after filtering
  picker             K=64  L_p=8192   B=16 prefill=  712.6ms  decode_total= 14014.9ms  per_pt_token=  1.71ms  ( 14.9s wall)
  PER_BEAM           K=64  L_p=8192   B=16 prefill=  710.7ms  decode_total= 43965.6ms  per_pt_token=  5.38ms  ( 44.8s wall)
  SHARED_2L_1POOL    K=64  L_p=8192   B=16 prefill=  712.4ms  decode_total= 14256.3ms  per_pt_token=  1.74ms  ( 15.1s wall)
  SHARED_2L_2POOL    K=64  L_p=8192   B=16 prefill=  711.7ms  decode_total= 15364.9ms  per_pt_token=  1.88ms  ( 16.2s wall)
  SHARED_3L_1POOL    K=64  L_p=8192   B=16   [SHARED_3L_1POOL] FAILED: ValueError: no strategy available after filtering
  SHARED_3L_2POOL    K=64  L_p=8192   B=16   [SHARED_3L_2POOL] FAILED: ValueError: no strategy available after filtering
  picker             K=64  L_p=8192   B=32 prefill= 1455.3ms  decode_total= 27134.9ms  per_pt_token=  1.66ms  ( 28.9s wall)
  PER_BEAM           K=64  L_p=8192   B=32 prefill= 1452.1ms  decode_total= 89898.9ms  per_pt_token=  5.50ms  ( 91.7s wall)
  SHARED_2L_1POOL    K=64  L_p=8192   B=32 prefill= 1452.9ms  decode_total= 28404.1ms  per_pt_token=  1.74ms  ( 30.2s wall)
  SHARED_2L_2POOL    K=64  L_p=8192   B=32 prefill= 1459.6ms  decode_total= 31464.5ms  per_pt_token=  1.92ms  ( 33.2s wall)
  SHARED_3L_1POOL    K=64  L_p=8192   B=32   [SHARED_3L_1POOL] FAILED: ValueError: no strategy available after filtering
  SHARED_3L_2POOL    K=64  L_p=8192   B=32   [SHARED_3L_2POOL] FAILED: ValueError: no strategy available after filtering

wrote 24 rows to benchmarks/bs_kernel/results/bench_modes-20260508-133019/bench_modes.csv
[W508 13:37:12.567122721 AllocatorConfig.cpp:28] Warning: PYTORCH_CUDA_ALLOC_CONF is deprecated, use PYTORCH_ALLOC_CONF instead (function operator())
