=== beam-search plan trace 8B started 2026-05-14T23:54:57+08:00 ===
config: L_p=4096 K=16 B=32 max_new=256

--- fasttree (FT_TRACE_PLAN=1) ---
/home/u4320956/beam_engine-v3/.venv/lib/python3.11/site-packages/tvm_ffi/_optional_torch_c_dlpack.py:181: UserWarning: Failed to JIT torch c dlpack extension, EnvTensorAllocator will not be enabled.
We recommend installing via `pip install torch-c-dlpack-ext`
  warnings.warn(
grid: 1 (K,L_p,B) cells × 1 methods = 1 runs
methods: ['fasttree']
max_new: 256
Loading tokenizer + model...
Fetching 11 files:   0%|          | 0/11 [00:00<?, ?it/s]Fetching 11 files: 100%|██████████| 11/11 [00:00<00:00, 39399.95it/s]
Model loaded.

  fasttree              K=16  L_p=4096   B=32 
[fasttree plan-trace] 255 steps
  tree nodes per step: mean=614.6 min=545 max=705
  phase                mean     median        p90        p99        total
  gather_ms           0.019      0.019      0.020      0.023         4.81
  radix_ms            2.092      1.372      1.748      1.996       533.52
  partial_ms          0.075      0.075      0.080      0.085        19.08
  slots_ms            1.962      1.961      2.085      2.242       500.31
  meta_ms             2.227      1.354      4.789      5.257       567.78
  write_ms            0.175      0.176      0.185      0.192        44.58
prefill= 4102.5ms  decode_total=10291.6ms  per_pt_token=  1.26ms  ( 14.9s wall)

wrote 1 rows to benchmarks/bs_kernel/results/bs_trace_8b-20260514-235457/ft.csv
[W514 23:55:23.273641046 AllocatorConfig.cpp:28] Warning: PYTORCH_CUDA_ALLOC_CONF is deprecated, use PYTORCH_ALLOC_CONF instead (function operator())
--- bs_kernel (BS_KERNEL_TRACE_PLAN=1) ---
/home/u4320956/beam_engine-v3/.venv/lib/python3.11/site-packages/tvm_ffi/_optional_torch_c_dlpack.py:181: UserWarning: Failed to JIT torch c dlpack extension, EnvTensorAllocator will not be enabled.
We recommend installing via `pip install torch-c-dlpack-ext`
  warnings.warn(
grid: 1 (K,L_p,B) cells × 1 methods = 1 runs
methods: ['bs_kernel']
max_new: 256
Loading tokenizer + model...
Fetching 11 files:   0%|          | 0/11 [00:00<?, ?it/s]Fetching 11 files: 100%|██████████| 11/11 [00:00<00:00, 28409.69it/s]
Model loaded.

  bs_kernel             K=16  L_p=4096   B=32 
[bs_kernel plan-trace] 255 steps (PER_BEAM: 0, DEC_TAIL: 0, SHARED: 255)

  -- SHARED path (255 steps) --
  strategy mix: {'SHARED_2L_1POOL': 16, 'SHARED_3L_1POOL': 239}
  level-0 pack cache hits: 253/255 (99.2%)   plan_info cache hits: 226/255 (88.6%)
  phase                        mean     median        p90        p99        total
  decomp_ms                   7.663      8.726      8.916      9.179      1954.08
  pick_ms                     0.496      0.498      0.584      0.622       126.56
  shared_pack_ms              0.608      0.615      0.759      0.802       155.10
  shared_plan_ms              0.453      0.078      1.243      1.306       115.46
  shared_write_ms             0.168      0.171      0.181      0.196        42.93
prefill= 4097.7ms  decode_total= 9815.0ms  per_pt_token=  1.20ms  ( 14.4s wall)

wrote 1 rows to benchmarks/bs_kernel/results/bs_trace_8b-20260514-235457/bsk.csv
[W514 23:55:49.375970182 AllocatorConfig.cpp:28] Warning: PYTORCH_CUDA_ALLOC_CONF is deprecated, use PYTORCH_ALLOC_CONF instead (function operator())
Done. Results: benchmarks/bs_kernel/results/bs_trace_8b-20260514-235457
