=== bench_full_cell started 2026-05-08T01:57:34+08:00 ===
config: K=64, L_p=8192, B=32, max_new=256, distinct=True
methods: paged mlca adaptive_pool bs_kernel bs_kernel_2l1p
GPU: NVIDIA H100 80GB HBM3

=== running method: paged ===
/home/u4320956/beam_engine-v3/.venv/lib/python3.11/site-packages/tvm_ffi/_optional_torch_c_dlpack.py:181: UserWarning: Failed to JIT torch c dlpack extension, EnvTensorAllocator will not be enabled.
We recommend installing via `pip install torch-c-dlpack-ext`
  warnings.warn(
grid: 1 (K,L_p,B) cells × 1 methods = 1 runs
methods: ['paged']
max_new: 256
Loading tokenizer + model...
Fetching 7 files:   0%|          | 0/7 [00:00<?, ?it/s]Fetching 7 files: 100%|██████████| 7/7 [00:00<00:00, 15567.41it/s]
Model loaded.

  paged          K=64  L_p=8192   B=32 prefill= 2301.9ms  decode_total=75438.4ms  per_pt_token=  9.24ms  ( 78.2s wall)

wrote 1 rows to benchmarks/bs_kernel/results/bench_full_cell-20260508-015734/paged.csv
[W508 01:59:02.818183126 AllocatorConfig.cpp:28] Warning: PYTORCH_CUDA_ALLOC_CONF is deprecated, use PYTORCH_ALLOC_CONF instead (function operator())

=== running method: mlca ===
/home/u4320956/beam_engine-v3/.venv/lib/python3.11/site-packages/tvm_ffi/_optional_torch_c_dlpack.py:181: UserWarning: Failed to JIT torch c dlpack extension, EnvTensorAllocator will not be enabled.
We recommend installing via `pip install torch-c-dlpack-ext`
  warnings.warn(
grid: 1 (K,L_p,B) cells × 1 methods = 1 runs
methods: ['mlca']
max_new: 256
Loading tokenizer + model...
Fetching 7 files:   0%|          | 0/7 [00:00<?, ?it/s]Fetching 7 files: 100%|██████████| 7/7 [00:00<00:00, 15331.66it/s]
Model loaded.

  mlca           K=64  L_p=8192   B=32 prefill= 2304.3ms  decode_total=36799.1ms  per_pt_token=  4.51ms  ( 39.6s wall)

wrote 1 rows to benchmarks/bs_kernel/results/bench_full_cell-20260508-015734/mlca.csv
[W508 01:59:51.336964453 AllocatorConfig.cpp:28] Warning: PYTORCH_CUDA_ALLOC_CONF is deprecated, use PYTORCH_ALLOC_CONF instead (function operator())

=== running method: adaptive_pool ===
/home/u4320956/beam_engine-v3/.venv/lib/python3.11/site-packages/tvm_ffi/_optional_torch_c_dlpack.py:181: UserWarning: Failed to JIT torch c dlpack extension, EnvTensorAllocator will not be enabled.
We recommend installing via `pip install torch-c-dlpack-ext`
  warnings.warn(
grid: 1 (K,L_p,B) cells × 1 methods = 1 runs
methods: ['adaptive_pool']
max_new: 256
Loading tokenizer + model...
Fetching 7 files:   0%|          | 0/7 [00:00<?, ?it/s]Fetching 7 files: 100%|██████████| 7/7 [00:00<00:00, 19303.17it/s]
Model loaded.

  adaptive_pool  K=64  L_p=8192   B=32 prefill= 2391.2ms  decode_total=34997.0ms  per_pt_token=  4.29ms  ( 37.8s wall)

wrote 1 rows to benchmarks/bs_kernel/results/bench_full_cell-20260508-015734/adaptive_pool.csv
[W508 02:00:39.019654800 AllocatorConfig.cpp:28] Warning: PYTORCH_CUDA_ALLOC_CONF is deprecated, use PYTORCH_ALLOC_CONF instead (function operator())

=== running method: bs_kernel ===
/home/u4320956/beam_engine-v3/.venv/lib/python3.11/site-packages/tvm_ffi/_optional_torch_c_dlpack.py:181: UserWarning: Failed to JIT torch c dlpack extension, EnvTensorAllocator will not be enabled.
We recommend installing via `pip install torch-c-dlpack-ext`
  warnings.warn(
grid: 1 (K,L_p,B) cells × 1 methods = 1 runs
methods: ['bs_kernel']
max_new: 256
Loading tokenizer + model...
Fetching 7 files:   0%|          | 0/7 [00:00<?, ?it/s]Fetching 7 files: 100%|██████████| 7/7 [00:00<00:00, 15870.34it/s]
Model loaded.

  bs_kernel      K=64  L_p=8192   B=32 prefill= 2301.9ms  decode_total=30410.2ms  per_pt_token=  3.73ms  ( 33.2s wall)

wrote 1 rows to benchmarks/bs_kernel/results/bench_full_cell-20260508-015734/bs_kernel.csv
[W508 02:01:22.039007751 AllocatorConfig.cpp:28] Warning: PYTORCH_CUDA_ALLOC_CONF is deprecated, use PYTORCH_ALLOC_CONF instead (function operator())

=== running method: bs_kernel_2l1p ===
/home/u4320956/beam_engine-v3/.venv/lib/python3.11/site-packages/tvm_ffi/_optional_torch_c_dlpack.py:181: UserWarning: Failed to JIT torch c dlpack extension, EnvTensorAllocator will not be enabled.
We recommend installing via `pip install torch-c-dlpack-ext`
  warnings.warn(
grid: 1 (K,L_p,B) cells × 1 methods = 1 runs
methods: ['bs_kernel_2l1p']
max_new: 256
Loading tokenizer + model...
Fetching 7 files:   0%|          | 0/7 [00:00<?, ?it/s]Fetching 7 files: 100%|██████████| 7/7 [00:00<00:00, 23811.94it/s]
Model loaded.

  bs_kernel_2l1p K=64  L_p=8192   B=32 prefill= 2288.3ms  decode_total=29409.4ms  per_pt_token=  3.60ms  ( 32.1s wall)

wrote 1 rows to benchmarks/bs_kernel/results/bench_full_cell-20260508-015734/bs_kernel_2l1p.csv
[W508 02:02:04.888628013 AllocatorConfig.cpp:28] Warning: PYTORCH_CUDA_ALLOC_CONF is deprecated, use PYTORCH_ALLOC_CONF instead (function operator())

=== merging CSVs to benchmarks/bs_kernel/results/bench_full_cell-20260508-015734/bench.csv ===

=== merged results ===
method,K,L_p,B,max_new,prefill_ms,decode_total_ms,decode_per_token_ms,decode_per_prompt_per_token_ms
paged,64,8192,32,256,2301.8508,75438.3762,295.8368,9.2449
mlca,64,8192,32,256,2304.3020,36799.0994,144.3102,4.5097
adaptive_pool,64,8192,32,256,2391.2077,34997.0420,137.2433,4.2889
bs_kernel,64,8192,32,256,2301.8978,30410.1899,119.2556,3.7267
bs_kernel_2l1p,64,8192,32,256,2288.2813,29409.4499,115.3312,3.6041

=== bs_kernel pick histogram (auto mode) ===
/home/u4320956/beam_engine-v3/.venv/lib/python3.11/site-packages/tvm_ffi/_optional_torch_c_dlpack.py:181: UserWarning: Failed to JIT torch c dlpack extension, EnvTensorAllocator will not be enabled.
We recommend installing via `pip install torch-c-dlpack-ext`
  warnings.warn(
Loading model...
Fetching 7 files:   0%|          | 0/7 [00:00<?, ?it/s]Fetching 7 files: 100%|██████████| 7/7 [00:00<00:00, 28339.89it/s]
Model loaded.

================================================================================
K=64  L_p=8192  B=32  max_new=256
================================================================================

Strategy histogram across 255 steps:
  shared_3l_2pool        239
  shared_2l_2pool         16

(t_large, pool_count, depth) histogram for SHARED steps:
  t_large=64   pool=2  depth=3   239
  t_large=64   pool=2  depth=2    16

Per-level CTA_Q padding (mean across decode steps):
  level            T_used  total_tiles  tiles/wave   padding%
  L0_shared            64         32.0        0.24       0.0%
  L_per_beam           16       2048.0       15.52      93.8%

[W508 02:02:49.413891002 AllocatorConfig.cpp:28] Warning: PYTORCH_CUDA_ALLOC_CONF is deprecated, use PYTORCH_ALLOC_CONF instead (function operator())

Done. Results: benchmarks/bs_kernel/results/bench_full_cell-20260508-015734
