/home/u4320956/beam_engine-v3/.venv/lib/python3.11/site-packages/tvm_ffi/_optional_torch_c_dlpack.py:181: UserWarning: Failed to JIT torch c dlpack extension, EnvTensorAllocator will not be enabled.
We recommend installing via `pip install torch-c-dlpack-ext`
  warnings.warn(
K=16 L_p=30000 B=8 max_new=256
methods: ['fasttree', 'bs_kernel']

Loading model...
Fetching 7 files:   0%|          | 0/7 [00:00<?, ?it/s]Fetching 7 files: 100%|██████████| 7/7 [00:00<00:00, 114241.74it/s]
Model loaded.


[fasttree plan-trace] 255 steps
  tree nodes per step: mean=194.7 min=137 max=225
  phase                mean     median        p90        p99        total
  gather_ms           0.006      0.006      0.006      0.007         1.48
  radix_ms            0.433      0.436      0.548      0.621       110.48
  partial_ms          0.022      0.022      0.023      0.026         5.56
  slots_ms            1.056      1.069      1.136      1.164       269.21
  meta_ms             2.300      2.332      2.514      2.566       586.38
  write_ms            0.073      0.073      0.077      0.082        18.63
=== method=fasttree  (255 decode steps, 6.2s wall, per_pt_token=1.587 ms) ===
  total_decode = 3236.7 ms  (12.69 ms/step)
  phase       mean(ms)    median(ms)  total(ms)     %       
  cow         0.158       0.044       40.3          1.2     
  plan        4.095       4.152       1044.3        32.3    
  forward     7.691       6.044       1961.3        60.6    
  topk        0.612       0.505       156.1         4.8     
  fork        0.124       0.037       31.6          1.0     


[bs_kernel plan-trace] 255 steps (PER_BEAM: 0, DEC_TAIL: 0, SHARED: 255)

  -- SHARED path (255 steps) --
  strategy mix: {'SHARED_2L_1POOL': 16, 'SHARED_3L_1POOL': 239}
  phase                        mean     median        p90        p99        total
  decomp_ms                   2.256      2.218      2.285      2.468       575.26
  pick_ms                     0.169      0.167      0.191      0.231        43.03
  shared_pack_ms              1.022      1.020      1.074      1.149       260.53
  shared_plan_ms              1.456      0.954      0.977      1.010       371.25
  shared_write_ms             0.078      0.078      0.081      0.087        19.84
=== method=bs_kernel  (255 decode steps, 5.5s wall, per_pt_token=1.706 ms) ===
  total_decode = 3480.1 ms  (13.65 ms/step)
  phase       mean(ms)    median(ms)  total(ms)     %       
  cow         0.157       0.047       40.1          1.2     
  plan        5.135       4.594       1309.4        37.6    
  forward     7.422       7.417       1892.7        54.4    
  topk        0.794       0.813       202.6         5.8     
  fork        0.126       0.039       32.1          0.9     

[W512 21:23:45.323861369 AllocatorConfig.cpp:28] Warning: PYTORCH_CUDA_ALLOC_CONF is deprecated, use PYTORCH_ALLOC_CONF instead (function operator())
