=== gov_4l_force started 2026-05-15T13:04:59+08:00 ===
cell: L_p=8192, K=32, B=16, max_new=2048

=== running method: bs_kernel_4l1p ===
/home/u4320956/beam_engine-v3/.venv/lib/python3.11/site-packages/tvm_ffi/_optional_torch_c_dlpack.py:181: UserWarning: Failed to JIT torch c dlpack extension, EnvTensorAllocator will not be enabled.
We recommend installing via `pip install torch-c-dlpack-ext`
  warnings.warn(
grid: 1 (K,L_p,B) cells × 1 methods = 1 runs
methods: ['bs_kernel_4l1p']
max_new: 2048
Loading tokenizer + model...
Fetching 7 files:   0%|          | 0/7 [00:00<?, ?it/s]Fetching 7 files: 100%|██████████| 7/7 [00:00<00:00, 71089.90it/s]
Model loaded.

loaded 200 prompts from data/gov_report.jsonl
  bs_kernel_4l1p warmup K=32  L_p=8192   B=16 
[bs_kernel plan-trace] 2047 steps (PER_BEAM: 0, DEC_TAIL: 0, SHARED: 2047)

  -- SHARED path (2047 steps) --
  strategy mix: {'SHARED_2L_1POOL': 61, 'SHARED_3L_1POOL': 158, 'SHARED_4L_1POOL': 1828}
  level-0 pack cache hits: 1986/2047 (97.0%)   plan_info cache hits: 60/2047 (2.9%)
  phase                        mean     median        p90        p99        total
  decomp_ms                   4.681      4.522      5.740      8.103      9581.12
  pick_ms                     0.521      0.540      0.577      0.604      1065.98
  shared_pack_ms              1.803      1.664      2.885      3.148      3691.29
  shared_plan_ms              1.898      1.805      2.122      2.990      3885.49
  shared_write_ms             0.180      0.181      0.190      0.197       367.69
discard          decode_total=51281.2ms  ( 53.3s wall)
  bs_kernel_4l1p        K=32  L_p=8192   B=16 
[bs_kernel plan-trace] 2047 steps (PER_BEAM: 0, DEC_TAIL: 0, SHARED: 2047)

  -- SHARED path (2047 steps) --
  strategy mix: {'SHARED_2L_1POOL': 61, 'SHARED_3L_1POOL': 158, 'SHARED_4L_1POOL': 1828}
  level-0 pack cache hits: 1986/2047 (97.0%)   plan_info cache hits: 60/2047 (2.9%)
  phase                        mean     median        p90        p99        total
  decomp_ms                   4.700      4.536      5.763      8.193      9621.82
  pick_ms                     0.523      0.542      0.579      0.611      1069.91
  shared_pack_ms              1.764      1.677      2.932      3.201      3611.33
  shared_plan_ms              2.002      1.805      2.139      2.952      4097.48
  shared_write_ms             0.180      0.180      0.190      0.198       367.84
prefill=  623.1ms  decode_total=51283.1ms  per_pt_token=  1.57ms  ( 52.3s wall)

wrote 1 rows to benchmarks/bs_kernel/results/gov_4l_force-20260515-130459/bs_kernel_4l1p.csv
[W515 13:06:58.747082837 AllocatorConfig.cpp:28] Warning: PYTORCH_CUDA_ALLOC_CONF is deprecated, use PYTORCH_ALLOC_CONF instead (function operator())

=== running method: bs_kernel_4ldt ===
/home/u4320956/beam_engine-v3/.venv/lib/python3.11/site-packages/tvm_ffi/_optional_torch_c_dlpack.py:181: UserWarning: Failed to JIT torch c dlpack extension, EnvTensorAllocator will not be enabled.
We recommend installing via `pip install torch-c-dlpack-ext`
  warnings.warn(
grid: 1 (K,L_p,B) cells × 1 methods = 1 runs
methods: ['bs_kernel_4ldt']
max_new: 2048
Loading tokenizer + model...
Fetching 7 files:   0%|          | 0/7 [00:00<?, ?it/s]Fetching 7 files: 100%|██████████| 7/7 [00:00<00:00, 28149.69it/s]
Model loaded.

loaded 200 prompts from data/gov_report.jsonl
  bs_kernel_4ldt warmup K=32  L_p=8192   B=16 
[bs_kernel plan-trace] 2047 steps (PER_BEAM: 0, DEC_TAIL: 2047, SHARED: 0)

  -- DEC_TAIL path (2047 steps) --
  prefix re-plans: 41/2047 (2.0%)   decode full re-plans: 1/2047 (0.0%)
  phase                        mean     median        p90        p99        total
  decomp_ms                   4.595      4.426      5.656      8.030      9406.32
  pick_ms                     0.306      0.319      0.336      0.349       627.10
  prefix_plan_ms              0.691      0.653      1.192      1.897      1414.38
  decode_build_ms             1.118      1.113      1.673      1.815      2287.96
  decode_plan_ms              0.032      0.013      0.014      0.018        66.47
discard          decode_total=53494.0ms  ( 55.6s wall)
  bs_kernel_4ldt        K=32  L_p=8192   B=16 
[bs_kernel plan-trace] 2047 steps (PER_BEAM: 0, DEC_TAIL: 2047, SHARED: 0)

  -- DEC_TAIL path (2047 steps) --
  prefix re-plans: 41/2047 (2.0%)   decode full re-plans: 1/2047 (0.0%)
  phase                        mean     median        p90        p99        total
  decomp_ms                   4.593      4.419      5.665      8.226      9401.97
  pick_ms                     0.307      0.319      0.338      0.351       629.14
  prefix_plan_ms              0.784      0.618      1.137      1.890      1604.24
  decode_build_ms             1.114      1.098      1.670      1.810      2280.67
  decode_plan_ms              0.014      0.013      0.014      0.020        28.69
prefill=  621.3ms  decode_total=53288.7ms  per_pt_token=  1.63ms  ( 54.3s wall)

wrote 1 rows to benchmarks/bs_kernel/results/gov_4l_force-20260515-130459/bs_kernel_4ldt.csv
[W515 13:09:02.472388590 AllocatorConfig.cpp:28] Warning: PYTORCH_CUDA_ALLOC_CONF is deprecated, use PYTORCH_ALLOC_CONF instead (function operator())

Done. Results: benchmarks/bs_kernel/results/gov_4l_force-20260515-130459
