=== bench_b32_k64_lp8k_m256_distinct started 2026-05-08T00:17:50+08:00 ===
config: K=64, L_p=8192, B=32, max_new=256, distinct=True
methods: paged fasttree mlca adaptive_pool bs_kernel
GPU: NVIDIA H100 80GB HBM3

=== running method: paged ===
/home/u4320956/beam_engine-v3/.venv/lib/python3.11/site-packages/tvm_ffi/_optional_torch_c_dlpack.py:181: UserWarning: Failed to JIT torch c dlpack extension, EnvTensorAllocator will not be enabled.
We recommend installing via `pip install torch-c-dlpack-ext`
  warnings.warn(
grid: 1 (K,L_p,B) cells × 1 methods = 1 runs
methods: ['paged']
max_new: 256
Loading tokenizer + model...
Fetching 7 files:   0%|          | 0/7 [00:00<?, ?it/s]Fetching 7 files: 100%|██████████| 7/7 [00:00<00:00, 109552.72it/s]
Model loaded.

  paged          K=64  L_p=8192   B=32 prefill= 2319.6ms  decode_total=74898.7ms  per_pt_token=  9.18ms  ( 77.7s wall)

wrote 1 rows to benchmarks/bs_kernel/results/bench_b32_k64_lp8k_m256_distinct-20260508-001750/paged.csv
[W508 00:19:17.764589751 AllocatorConfig.cpp:28] Warning: PYTORCH_CUDA_ALLOC_CONF is deprecated, use PYTORCH_ALLOC_CONF instead (function operator())

=== running method: fasttree ===
/home/u4320956/beam_engine-v3/.venv/lib/python3.11/site-packages/tvm_ffi/_optional_torch_c_dlpack.py:181: UserWarning: Failed to JIT torch c dlpack extension, EnvTensorAllocator will not be enabled.
We recommend installing via `pip install torch-c-dlpack-ext`
  warnings.warn(
grid: 1 (K,L_p,B) cells × 1 methods = 1 runs
methods: ['fasttree']
max_new: 256
Loading tokenizer + model...
Fetching 7 files:   0%|          | 0/7 [00:00<?, ?it/s]Fetching 7 files: 100%|██████████| 7/7 [00:00<00:00, 28728.11it/s]
Model loaded.

  fasttree       K=64  L_p=8192   B=32 prefill= 2204.9ms  decode_total=218402.0ms  per_pt_token= 26.76ms  (221.0s wall)

wrote 1 rows to benchmarks/bs_kernel/results/bench_b32_k64_lp8k_m256_distinct-20260508-001750/fasttree.csv
[W508 00:23:08.644071049 AllocatorConfig.cpp:28] Warning: PYTORCH_CUDA_ALLOC_CONF is deprecated, use PYTORCH_ALLOC_CONF instead (function operator())

=== running method: mlca ===
/home/u4320956/beam_engine-v3/.venv/lib/python3.11/site-packages/tvm_ffi/_optional_torch_c_dlpack.py:181: UserWarning: Failed to JIT torch c dlpack extension, EnvTensorAllocator will not be enabled.
We recommend installing via `pip install torch-c-dlpack-ext`
  warnings.warn(
grid: 1 (K,L_p,B) cells × 1 methods = 1 runs
methods: ['mlca']
max_new: 256
Loading tokenizer + model...
Fetching 7 files:   0%|          | 0/7 [00:00<?, ?it/s]Fetching 7 files: 100%|██████████| 7/7 [00:00<00:00, 22158.59it/s]
Model loaded.

  mlca           K=64  L_p=8192   B=32 prefill= 2292.7ms  decode_total=36579.7ms  per_pt_token=  4.48ms  ( 39.3s wall)

wrote 1 rows to benchmarks/bs_kernel/results/bench_b32_k64_lp8k_m256_distinct-20260508-001750/mlca.csv
[W508 00:23:58.853014051 AllocatorConfig.cpp:28] Warning: PYTORCH_CUDA_ALLOC_CONF is deprecated, use PYTORCH_ALLOC_CONF instead (function operator())

=== running method: adaptive_pool ===
/home/u4320956/beam_engine-v3/.venv/lib/python3.11/site-packages/tvm_ffi/_optional_torch_c_dlpack.py:181: UserWarning: Failed to JIT torch c dlpack extension, EnvTensorAllocator will not be enabled.
We recommend installing via `pip install torch-c-dlpack-ext`
  warnings.warn(
grid: 1 (K,L_p,B) cells × 1 methods = 1 runs
methods: ['adaptive_pool']
max_new: 256
Loading tokenizer + model...
Fetching 7 files:   0%|          | 0/7 [00:00<?, ?it/s]Fetching 7 files: 100%|██████████| 7/7 [00:00<00:00, 17040.12it/s]
Model loaded.

  adaptive_pool  K=64  L_p=8192   B=32 prefill= 2293.1ms  decode_total=34738.1ms  per_pt_token=  4.26ms  ( 37.5s wall)

wrote 1 rows to benchmarks/bs_kernel/results/bench_b32_k64_lp8k_m256_distinct-20260508-001750/adaptive_pool.csv
[W508 00:24:45.193779723 AllocatorConfig.cpp:28] Warning: PYTORCH_CUDA_ALLOC_CONF is deprecated, use PYTORCH_ALLOC_CONF instead (function operator())

=== running method: bs_kernel ===
/home/u4320956/beam_engine-v3/.venv/lib/python3.11/site-packages/tvm_ffi/_optional_torch_c_dlpack.py:181: UserWarning: Failed to JIT torch c dlpack extension, EnvTensorAllocator will not be enabled.
We recommend installing via `pip install torch-c-dlpack-ext`
  warnings.warn(
grid: 1 (K,L_p,B) cells × 1 methods = 1 runs
methods: ['bs_kernel']
max_new: 256
Loading tokenizer + model...
Fetching 7 files:   0%|          | 0/7 [00:00<?, ?it/s]Fetching 7 files: 100%|██████████| 7/7 [00:00<00:00, 61294.63it/s]
Model loaded.

  bs_kernel      K=64  L_p=8192   B=32 prefill= 2292.3ms  decode_total=38104.1ms  per_pt_token=  4.67ms  ( 40.9s wall)

wrote 1 rows to benchmarks/bs_kernel/results/bench_b32_k64_lp8k_m256_distinct-20260508-001750/bs_kernel.csv
[W508 00:25:36.924711066 AllocatorConfig.cpp:28] Warning: PYTORCH_CUDA_ALLOC_CONF is deprecated, use PYTORCH_ALLOC_CONF instead (function operator())

=== merging CSVs to benchmarks/bs_kernel/results/bench_b32_k64_lp8k_m256_distinct-20260508-001750/bench.csv ===

=== merged results ===
method,K,L_p,B,max_new,prefill_ms,decode_total_ms,decode_per_token_ms,decode_per_prompt_per_token_ms
paged,64,8192,32,256,2319.5600,74898.6681,293.7203,9.1788
fasttree,64,8192,32,256,2204.8608,218401.9633,856.4783,26.7649
mlca,64,8192,32,256,2292.7156,36579.7086,143.4498,4.4828
adaptive_pool,64,8192,32,256,2293.0680,34738.1187,136.2279,4.2571
bs_kernel,64,8192,32,256,2292.3395,38104.1228,149.4279,4.6696

=== bs_kernel pick histogram (max_new=256, distinct prompts) ===
/home/u4320956/beam_engine-v3/.venv/lib/python3.11/site-packages/tvm_ffi/_optional_torch_c_dlpack.py:181: UserWarning: Failed to JIT torch c dlpack extension, EnvTensorAllocator will not be enabled.
We recommend installing via `pip install torch-c-dlpack-ext`
  warnings.warn(
Loading model...
Fetching 7 files:   0%|          | 0/7 [00:00<?, ?it/s]Fetching 7 files: 100%|██████████| 7/7 [00:00<00:00, 16625.21it/s]
Model loaded.

================================================================================
K=64  L_p=8192  B=32  max_new=256
================================================================================

Strategy histogram across 255 steps:
  shared_3l_2pool        239
  shared_2l_2pool         16

(t_large, pool_count, depth) histogram for SHARED steps:
  t_large=64   pool=2  depth=3   239
  t_large=64   pool=2  depth=2    16

Per-level CTA_Q padding (mean across decode steps):
  level            T_used  total_tiles  tiles/wave   padding%
  L0_shared            64         32.0        0.24       0.0%
  L_per_beam           16       2048.0       15.52      93.8%

[W508 00:26:29.974050421 AllocatorConfig.cpp:28] Warning: PYTORCH_CUDA_ALLOC_CONF is deprecated, use PYTORCH_ALLOC_CONF instead (function operator())

Done. Results: benchmarks/bs_kernel/results/bench_b32_k64_lp8k_m256_distinct-20260508-001750
