/home/u4320956/beam_engine-v3/.venv/lib/python3.11/site-packages/tvm_ffi/_optional_torch_c_dlpack.py:181: UserWarning: Failed to JIT torch c dlpack extension, EnvTensorAllocator will not be enabled.
We recommend installing via `pip install torch-c-dlpack-ext`
  warnings.warn(
Loading model...
Fetching 7 files:   0%|          | 0/7 [00:00<?, ?it/s]Fetching 7 files: 100%|██████████| 7/7 [00:00<00:00, 16625.21it/s]
Model loaded.

================================================================================
K=64  L_p=8192  B=32  max_new=256
================================================================================

Strategy histogram across 255 steps:
  shared_3l_2pool        239
  shared_2l_2pool         16

(t_large, pool_count, depth) histogram for SHARED steps:
  t_large=64   pool=2  depth=3   239
  t_large=64   pool=2  depth=2    16

Per-level CTA_Q padding (mean across decode steps):
  level            T_used  total_tiles  tiles/wave   padding%
  L0_shared            64         32.0        0.24       0.0%
  L_per_beam           16       2048.0       15.52      93.8%

[W508 00:26:29.974050421 AllocatorConfig.cpp:28] Warning: PYTORCH_CUDA_ALLOC_CONF is deprecated, use PYTORCH_ALLOC_CONF instead (function operator())
